I/ActivityManager(  358): No longer want com.google.android.gsf.login (pid 6534): hidden #16
I/ActivityManager(  358): No longer want com.android.keychain (pid 7596): hidden #16
I/ActivityManager(  358): Start proc com.touchtype.swiftkey for broadcast com.touchtype.swiftkey/com.touchtype_fluency.service.receiver.ConnectivityReceiver: pid=7828 uid=10089 gids={1015, 3003, 1028}
I/ActivityManager(  358): No longer want jp.co.omronsoft.iwnnime.ml (pid 6651): hidden #16
I/ActivityManager(  358): No longer want com.google.android.partnersetup (pid 6669): hidden #16
I/WindowManager(  358): Lock screen displayed!
D/PhoneStatusBar(  696): disable: < expand icons alerts ticker system_info BACK HOME recent* CLOCK >
D/PhoneStatusBar(  696): disable: < expand icons alerts ticker system_info back* home* recent clock* >
W/InputMethodManagerService(  358): Window already focused, ignoring focus gain of: com.android.internal.view.IInputMethodClient$Stub$Proxy@42a357f0 attribute=android.view.inputmethod.EditorInfo@42922be8
I/ActivityManager(  358): Start proc com.google.android.apps.reader for service com.google.android.apps.reader/.appwidget.NewsListWidgetRemoteViewsService: pid=7886 uid=10066 gids={3003, 1028}
I/ActivityManager(  358): Start proc com.android.chrome for service com.android.chrome/com.google.android.apps.chrome.appwidget.bookmarks.BookmarkThumbnailWidgetService: pid=7899 uid=10009 gids={3003, 1015, 1028}
I/ActivityManager(  358): Start proc com.google.android.gsf.login for service com.google.android.gsf.login/com.google.android.gsf.loginservice.GoogleLoginService: pid=7927 uid=10019 gids={3003, 1015, 1028, 1007, 2001, 3006}
I/ActivityManager(  358): START {act=android.intent.action.MAIN cat=[android.intent.category.LAUNCHER] flg=0x10200000 cmp=org.libsdl.app/.SDLActivity bnds=[528,115][656,243] u=0} from pid 16485
I/ActivityManager(  358): Start proc org.libsdl.app for activity org.libsdl.app/.SDLActivity: pid=7956 uid=10104 gids={1015, 1028}
I/ActivityManager(  358): No longer want com.android.musicfx (pid 5154): hidden #16
I/ActivityManager(  358): No longer want com.google.android.apps.maps:FriendService (pid 6687): hidden #16
I/ActivityManager(  358): No longer want com.google.android.apps.maps (pid 4545): hidden #16
D/PhoneStatusBar(  696): disable: < expand icons alerts ticker system_info back home RECENT* clock >
D/PhoneStatusBar(  696): disable: < expand icons alerts ticker system_info BACK* HOME* RECENT CLOCK* >
W/ActivityManager(  358): No content provider found for permission revoke: file:///data/local/tmp/SDLApp-debug.apk
W/ActivityManager(  358): No content provider found for permission revoke: file:///data/local/tmp/SDLApp-debug.apk
I/ActivityManager(  358): Force stopping package org.libsdl.app uid=10104
I/ActivityManager(  358): Killing proc 7956:org.libsdl.app/u0a104: force stop
I/ActivityManager(  358):   Force finishing activity ActivityRecord{425a2cf0 org.libsdl.app/.SDLActivity}
I/WindowState(  358): WIN DEATH: Window{4265fdb8 SurfaceView paused=false}
I/WindowState(  358): WIN DEATH: Window{424e6ff0 org.libsdl.app/org.libsdl.app.SDLActivity paused=true}
I/WindowManager(  358): WINDOW DIED Window{424e6ff0 org.libsdl.app/org.libsdl.app.SDLActivity paused=true}
I/PackageManager(  358): Package org.libsdl.app codePath changed from /data/app/org.libsdl.app-1.apk to /data/app/org.libsdl.app-2.apk; Retaining data and using new
W/PackageManager(  358): Code path for pkg : org.libsdl.app changing from /data/app/org.libsdl.app-1.apk to /data/app/org.libsdl.app-2.apk
I/ActivityManager(  358): Force stopping package org.libsdl.app uid=10104
W/PackageManager(  358): Resource path for pkg : org.libsdl.app changing from /data/app/org.libsdl.app-1.apk to /data/app/org.libsdl.app-2.apk
I/ActivityManager(  358): Force stopping package org.libsdl.app uid=10104
I/ActivityManager(  358): Start proc com.android.keychain for broadcast com.android.keychain/.KeyChainBroadcastReceiver: pid=8234 uid=1000 gids={1015, 3002, 3001, 3003, 1028, 3007}
I/ActivityManager(  358): Start proc com.android.musicfx for broadcast com.android.musicfx/.Compatibility$Receiver: pid=8247 uid=10037 gids={3003, 3002, 1028}
I/ActivityManager(  358): Start proc jp.co.omronsoft.iwnnime.ml for broadcast jp.co.omronsoft.iwnnime.ml/.UninstallReceiver: pid=8259 uid=10058 gids={1028}
D/BackupManagerService(  358): Received broadcast Intent { act=android.intent.action.PACKAGE_REMOVED dat=package:org.libsdl.app flg=0x8000010 (has extras) }
D/BackupManagerService(  358): Received broadcast Intent { act=android.intent.action.PACKAGE_ADDED dat=package:org.libsdl.app flg=0x8000010 (has extras) }
V/BackupManagerService(  358): removePackageParticipantsLocked: uid=10104 #1
I/ActivityManager(  358): No longer want com.google.android.apps.maps:LocationFriendService (pid 5238): hidden #16
V/BackupManagerService(  358): addPackageParticipantsLocked: #1
I/ActivityManager(  358): Start proc com.google.android.apps.maps for broadcast com.google.android.apps.maps/com.google.android.location.internal.NlpPackageUpdateReceiver: pid=8275 uid=10034 gids={3003, 1015, 1028}
I/ActivityManager(  358): No longer want com.sega.soniccd (pid 7657): hidden #16
W/ActivityManager(  358): Scheduling restart of crashed service com.sega.soniccd/.GameDownloaderService in 5000ms
I/ActivityManager(  358): No longer want com.android.providers.calendar (pid 7630): hidden #16
I/ActivityManager(  358): Start proc com.google.android.partnersetup for broadcast com.google.android.partnersetup/.RlzPingBroadcastReceiver: pid=8294 uid=10023 gids={3003, 1028}
I/ActivityManager(  358): No longer want com.google.android.apps.uploader (pid 7746): hidden #16
I/ActivityManager(  358): Start proc com.google.android.apps.maps:FriendService for broadcast com.google.android.apps.maps/com.google.googlenav.friend.android.ServiceReceiver: pid=8312 uid=10034 gids={3003, 1015, 1028}
I/ActivityManager(  358): Start proc com.google.android.apps.maps:LocationFriendService for broadcast com.google.android.apps.maps/com.google.googlenav.friend.reporting.LocationReportingIntentReceiver: pid=8324 uid=10034 gids={3003, 1015, 1028}
I/ActivityManager(  358): No longer want com.google.android.youtube (pid 7758): hidden #16
I/ActivityManager(  358): No longer want com.touchtype.swiftkey (pid 7828): hidden #16
I/WindowManager(  358): Lock screen displayed!
W/InputMethodManagerService(  358): Got RemoteException sending setActive(false) notification to pid 7956 uid 10104
D/PhoneStatusBar(  696): disable: < expand icons alerts ticker system_info BACK HOME recent* CLOCK >
D/PhoneStatusBar(  696): disable: < expand icons alerts ticker system_info back* home* recent clock* >
W/InputMethodManagerService(  358): Got RemoteException sending setActive(false) notification to pid 7956 uid 10104
I/ActivityManager(  358): Start proc com.sega.soniccd for service com.sega.soniccd/.GameDownloaderService: pid=8371 uid=10098 gids={1015, 3003, 1028}
I/ActivityManager(  358): START {act=android.intent.action.MAIN cat=[android.intent.category.LAUNCHER] flg=0x10200000 cmp=org.libsdl.app/.SDLActivity bnds=[528,115][656,243] u=0} from pid 16485
I/ActivityManager(  358): Start proc org.libsdl.app for activity org.libsdl.app/.SDLActivity: pid=8390 uid=10104 gids={1015, 1028}
I/ActivityManager(  358): No longer want com.google.android.apps.docs (pid 7797): hidden #16
I/ActivityManager(  358): No longer want com.google.android.gsf.login (pid 7927): hidden #16
I/ActivityManager(  358): Start proc com.google.android.gsf.login for service com.google.android.gsf.login/com.google.android.gsf.loginservice.GoogleLoginService: pid=8647 uid=10019 gids={3003, 1015, 1028, 1007, 2001, 3006}
D/PhoneStatusBar(  696): disable: < expand icons alerts ticker system_info back home RECENT* clock >
D/PhoneStatusBar(  696): disable: < expand icons alerts ticker system_info BACK* HOME* RECENT CLOCK* >
I/ActivityManager(  358): No longer want com.android.keychain (pid 8234): hidden #16
I/ActivityManager(  358): No longer want android.process.media (pid 25959): hidden #17
W/ActivityManager(  358): Scheduling restart of crashed service com.android.providers.media/.MtpService in 5000ms
I/ActivityManager(  358): Start proc android.process.media for service com.android.providers.media/.MtpService: pid=8669 uid=10013 gids={1015, 1023, 1024, 1028, 2001, 3003, 3007}
W/ActivityManager(  358): No content provider found for permission revoke: file:///data/local/tmp/SDLApp-debug.apk
W/ActivityManager(  358): No content provider found for permission revoke: file:///data/local/tmp/SDLApp-debug.apk
I/ActivityManager(  358): Force stopping package org.libsdl.app uid=10104
I/ActivityManager(  358): Killing proc 8390:org.libsdl.app/u0a104: force stop
I/ActivityManager(  358):   Force finishing activity ActivityRecord{42866cc8 org.libsdl.app/.SDLActivity}
I/WindowState(  358): WIN DEATH: Window{42bb8910 SurfaceView paused=false}
I/WindowManager(  358): WINDOW DIED Window{42bb0d38 org.libsdl.app/org.libsdl.app.SDLActivity paused=true}
W/WindowManager(  358): Failed looking up window
W/WindowManager(  358): java.lang.IllegalArgumentException: Requested window android.os.BinderProxy@426f8850 does not exist
W/WindowManager(  358): 	at com.android.server.wm.WindowManagerService.windowForClientLocked(WindowManagerService.java:7640)
W/WindowManager(  358): 	at com.android.server.wm.WindowManagerService.windowForClientLocked(WindowManagerService.java:7631)
W/WindowManager(  358): 	at com.android.server.wm.WindowState$DeathRecipient.binderDied(WindowState.java:854)
W/WindowManager(  358): 	at android.os.BinderProxy.sendDeathNotice(Binder.java:449)
W/WindowManager(  358): 	at dalvik.system.NativeStart.run(Native Method)
I/WindowState(  358): WIN DEATH: null
I/PackageManager(  358): Package org.libsdl.app codePath changed from /data/app/org.libsdl.app-2.apk to /data/app/org.libsdl.app-1.apk; Retaining data and using new
I/ActivityManager(  358): Force stopping package org.libsdl.app uid=10104
W/PackageManager(  358): Code path for pkg : org.libsdl.app changing from /data/app/org.libsdl.app-2.apk to /data/app/org.libsdl.app-1.apk
W/PackageManager(  358): Resource path for pkg : org.libsdl.app changing from /data/app/org.libsdl.app-2.apk to /data/app/org.libsdl.app-1.apk
I/ActivityManager(  358): Force stopping package org.libsdl.app uid=10104
D/BackupManagerService(  358): Received broadcast Intent { act=android.intent.action.PACKAGE_REMOVED dat=package:org.libsdl.app flg=0x8000010 (has extras) }
D/BackupManagerService(  358): Received broadcast Intent { act=android.intent.action.PACKAGE_ADDED dat=package:org.libsdl.app flg=0x8000010 (has extras) }
V/BackupManagerService(  358): removePackageParticipantsLocked: uid=10104 #1
V/BackupManagerService(  358): addPackageParticipantsLocked: #1
I/ActivityManager(  358): Start proc com.android.keychain for broadcast com.android.keychain/.KeyChainBroadcastReceiver: pid=8788 uid=1000 gids={1015, 3002, 3001, 3003, 1028, 3007}
I/WindowManager(  358): Lock screen displayed!
W/InputMethodManagerService(  358): Got RemoteException sending setActive(false) notification to pid 8390 uid 10104
D/PhoneStatusBar(  696): disable: < expand icons alerts ticker system_info BACK HOME recent* CLOCK >
D/PhoneStatusBar(  696): disable: < expand icons alerts ticker system_info back* home* recent clock* >
W/InputMethodManagerService(  358): Got RemoteException sending setActive(false) notification to pid 8390 uid 10104
I/ActivityManager(  358): START {act=android.intent.action.MAIN cat=[android.intent.category.LAUNCHER] flg=0x10200000 cmp=org.libsdl.app/.SDLActivity bnds=[528,115][656,243] u=0} from pid 16485
I/ActivityManager(  358): Start proc org.libsdl.app for activity org.libsdl.app/.SDLActivity: pid=8831 uid=10104 gids={1015, 1028}
I/ActivityManager(  358): No longer want com.sega.soniccd (pid 8371): hidden #16
W/ActivityManager(  358): Scheduling restart of crashed service com.sega.soniccd/.GameDownloaderService in 5000ms
I/ActivityManager(  358): Start proc com.sega.soniccd for service com.sega.soniccd/.GameDownloaderService: pid=8908 uid=10098 gids={1015, 3003, 1028}
I/ActivityManager(  358): No longer want com.google.android.gsf.login (pid 8647): hidden #16
I/WindowManager(  358): No lock screen!
D/BackupManagerService(  358): Now staging backup of com.android.providers.settings
W/InputMethodManagerService(  358): Window already focused, ignoring focus gain of: com.android.internal.view.IInputMethodClient$Stub$Proxy@42ae5f90 attribute=android.view.inputmethod.EditorInfo@427a9c70
W/InputMethodManagerService(  358): Window already focused, ignoring focus gain of: com.android.internal.view.IInputMethodClient$Stub$Proxy@42d1d1e8 attribute=null
I/ActivityManager(  358): START {act=android.intent.action.MAIN cat=[android.intent.category.HOME] flg=0x10200000 cmp=com.android.launcher/com.android.launcher2.Launcher u=0} from pid 358
I/ActivityManager(  358): No longer want com.android.keychain (pid 8788): hidden #16
I/ActivityManager(  358): Killing 8831:org.libsdl.app/u0a104: remove task
W/InputMethodManagerService(  358): Window already focused, ignoring focus gain of: com.android.internal.view.IInputMethodClient$Stub$Proxy@42823068 attribute=null
I/WindowState(  358): WIN DEATH: Window{425796e8 org.libsdl.app/org.libsdl.app.SDLActivity paused=true}
W/WindowManager(  358): Force-removing child win Window{42622c28 SurfaceView paused=false} from container Window{425796e8 org.libsdl.app/org.libsdl.app.SDLActivity paused=true}
W/WindowManager(  358): Failed looking up window
W/WindowManager(  358): java.lang.IllegalArgumentException: Requested window android.os.BinderProxy@42bbe098 does not exist
W/WindowManager(  358): 	at com.android.server.wm.WindowManagerService.windowForClientLocked(WindowManagerService.java:7640)
W/WindowManager(  358): 	at com.android.server.wm.WindowManagerService.windowForClientLocked(WindowManagerService.java:7631)
W/WindowManager(  358): 	at com.android.server.wm.WindowState$DeathRecipient.binderDied(WindowState.java:854)
W/WindowManager(  358): 	at android.os.BinderProxy.sendDeathNotice(Binder.java:449)
W/WindowManager(  358): 	at dalvik.system.NativeStart.run(Native Method)
I/WindowState(  358): WIN DEATH: null
I/ActivityManager(  358): Start proc com.google.android.gsf.login for service com.google.android.gsf.login/com.google.android.gsf.loginservice.GoogleLoginService: pid=9152 uid=10019 gids={3003, 1015, 1028, 1007, 2001, 3006}
D/PhoneStatusBar(  696): disable: < expand icons alerts ticker system_info back home RECENT* clock >
D/PhoneStatusBar(  696): disable: < expand icons alerts ticker system_info BACK* HOME* RECENT CLOCK* >
W/ActivityManager(  358): Activity destroy timeout for ActivityRecord{427dcc40 org.libsdl.app/.SDLActivity}
W/ActivityManager(  358): No content provider found for permission revoke: file:///data/local/tmp/SDLApp-debug.apk
W/ActivityManager(  358): No content provider found for permission revoke: file:///data/local/tmp/SDLApp-debug.apk
I/ActivityManager(  358): Force stopping package org.libsdl.app uid=10104
I/PackageManager(  358): Package org.libsdl.app codePath changed from /data/app/org.libsdl.app-1.apk to /data/app/org.libsdl.app-2.apk; Retaining data and using new
I/ActivityManager(  358): Force stopping package org.libsdl.app uid=10104
W/PackageManager(  358): Code path for pkg : org.libsdl.app changing from /data/app/org.libsdl.app-1.apk to /data/app/org.libsdl.app-2.apk
W/PackageManager(  358): Resource path for pkg : org.libsdl.app changing from /data/app/org.libsdl.app-1.apk to /data/app/org.libsdl.app-2.apk
I/ActivityManager(  358): Force stopping package org.libsdl.app uid=10104
I/ActivityManager(  358): Start proc com.android.keychain for broadcast com.android.keychain/.KeyChainBroadcastReceiver: pid=9197 uid=1000 gids={1015, 3002, 3001, 3003, 1028, 3007}
D/BackupManagerService(  358): Received broadcast Intent { act=android.intent.action.PACKAGE_REMOVED dat=package:org.libsdl.app flg=0x8000010 (has extras) }
D/BackupManagerService(  358): Received broadcast Intent { act=android.intent.action.PACKAGE_ADDED dat=package:org.libsdl.app flg=0x8000010 (has extras) }
V/BackupManagerService(  358): removePackageParticipantsLocked: uid=10104 #1
V/BackupManagerService(  358): addPackageParticipantsLocked: #1
I/ActivityManager(  358): No longer want com.android.chrome (pid 7899): hidden #16
W/ThrottleService(  358): unable to find stats for iface rmnet0
I/WindowManager(  358): Lock screen displayed!
D/PhoneStatusBar(  696): disable: < expand icons alerts ticker system_info BACK HOME recent* CLOCK >
D/PhoneStatusBar(  696): disable: < expand icons alerts ticker system_info back* home* recent clock* >
W/InputMethodManagerService(  358): Window already focused, ignoring focus gain of: com.android.internal.view.IInputMethodClient$Stub$Proxy@43209970 attribute=android.view.inputmethod.EditorInfo@42f80758
I/ActivityManager(  358): Start proc com.android.chrome for service com.android.chrome/com.google.android.apps.chrome.appwidget.bookmarks.BookmarkThumbnailWidgetService: pid=9264 uid=10009 gids={3003, 1015, 1028}
--------- beginning of /dev/log/main
D/SyncSetupManager( 9264): Handling request for auth token from sync engine
D/SyncSetupManager( 9264): setState: sync = true, wantedSyncState = true
D/SyncSetupManager( 9264): Enabling sync
D/SyncSetupManager( 9264): Successfully retrieved sync auth token.
I/ActivityManager(  358): START {act=android.intent.action.MAIN cat=[android.intent.category.LAUNCHER] flg=0x10200000 cmp=org.libsdl.app/.SDLActivity bnds=[528,115][656,243] u=0} from pid 16485
D/dalvikvm( 9310): Late-enabling CheckJNI
I/ActivityManager(  358): Start proc org.libsdl.app for activity org.libsdl.app/.SDLActivity: pid=9310 uid=10104 gids={1015, 1028}
I/dalvikvm( 9310): Turning on JNI app bug workarounds for target SDK version 9...
D/dalvikvm( 9310): Trying to load lib /data/data/org.libsdl.app/lib/libpng.so 0x423234b0
D/dalvikvm( 9310): Added shared lib /data/data/org.libsdl.app/lib/libpng.so 0x423234b0
D/dalvikvm( 9310): No JNI_OnLoad found in /data/data/org.libsdl.app/lib/libpng.so 0x423234b0, skipping init
D/dalvikvm( 9310): Trying to load lib /data/data/org.libsdl.app/lib/libmikmod.so 0x423234b0
D/dalvikvm( 9310): Added shared lib /data/data/org.libsdl.app/lib/libmikmod.so 0x423234b0
D/dalvikvm( 9310): No JNI_OnLoad found in /data/data/org.libsdl.app/lib/libmikmod.so 0x423234b0, skipping init
D/dalvikvm( 9310): Trying to load lib /data/data/org.libsdl.app/lib/libSDL2.so 0x423234b0
D/dalvikvm( 9310): Added shared lib /data/data/org.libsdl.app/lib/libSDL2.so 0x423234b0
D/dalvikvm( 9310): Trying to load lib /data/data/org.libsdl.app/lib/libSDL2_mixer.so 0x423234b0
D/dalvikvm( 9310): Added shared lib /data/data/org.libsdl.app/lib/libSDL2_mixer.so 0x423234b0
D/dalvikvm( 9310): No JNI_OnLoad found in /data/data/org.libsdl.app/lib/libSDL2_mixer.so 0x423234b0, skipping init
D/dalvikvm( 9310): Trying to load lib /data/data/org.libsdl.app/lib/libbgdrtm.so 0x423234b0
D/dalvikvm( 9310): Added shared lib /data/data/org.libsdl.app/lib/libbgdrtm.so 0x423234b0
D/dalvikvm( 9310): No JNI_OnLoad found in /data/data/org.libsdl.app/lib/libbgdrtm.so 0x423234b0, skipping init
D/dalvikvm( 9310): Trying to load lib /data/data/org.libsdl.app/lib/libmain.so 0x423234b0
D/dalvikvm( 9310): Added shared lib /data/data/org.libsdl.app/lib/libmain.so 0x423234b0
D/dalvikvm( 9310): No JNI_OnLoad found in /data/data/org.libsdl.app/lib/libmain.so 0x423234b0, skipping init
V/PhoneStatusBar(  696): setLightsOn(true)
V/SDL     ( 9310): surfaceCreated()
V/SDL     ( 9310): surfaceChanged()
V/SDL     ( 9310): pixel format RGB_565
V/SDL     ( 9310): Window size:800x1205
I/SDL     ( 9310): SDL_Android_Init()
I/SDL     ( 9310): SDL_Android_Init() finished!
W/SDL/APP ( 9310): BennuGD init
W/SDL/APP ( 9310): main.dcb exists in APK
W/SDL/APP ( 9310): Loading main.dcb...
I/ActivityManager(  358): Displayed org.libsdl.app/.SDLActivity: +230ms
D/dalvikvm( 9310): GC_CONCURRENT freed 403K, 11% free 7344K/8199K, paused 14ms+13ms, total 62ms
D/dalvikvm( 9310): GC_CONCURRENT freed 571K, 13% free 7323K/8327K, paused 6ms+2ms, total 30ms
D/dalvikvm( 9310): WAIT_FOR_CONCURRENT_GC blocked 17ms
D/dalvikvm( 9310): GC_CONCURRENT freed 510K, 13% free 7324K/8327K, paused 11ms+4ms, total 40ms
D/dalvikvm( 9310): WAIT_FOR_CONCURRENT_GC blocked 14ms
D/dalvikvm( 9310): GC_CONCURRENT freed 512K, 13% free 7324K/8327K, paused 12ms+1ms, total 27ms
D/dalvikvm( 9310): WAIT_FOR_CONCURRENT_GC blocked 11ms
D/dalvikvm( 9310): GC_CONCURRENT freed 512K, 13% free 7322K/8327K, paused 1ms+1ms, total 16ms
D/dalvikvm( 9310): WAIT_FOR_CONCURRENT_GC blocked 10ms
D/dalvikvm( 9310): GC_CONCURRENT freed 511K, 13% free 7322K/8327K, paused 1ms+1ms, total 16ms
D/dalvikvm( 9310): WAIT_FOR_CONCURRENT_GC blocked 9ms
D/dalvikvm( 9310): GC_CONCURRENT freed 466K, 13% free 7322K/8327K, paused 1ms+1ms, total 16ms
D/dalvikvm( 9310): WAIT_FOR_CONCURRENT_GC blocked 12ms
D/dalvikvm( 9310): GC_FOR_ALLOC freed <1K, 13% free 7322K/8327K, paused 14ms, total 14ms
I/dalvikvm-heap( 9310): Grow heap (frag case) to 7.763MB for 200092-byte allocation
D/dalvikvm( 9310): GC_FOR_ALLOC freed 195K, 15% free 7322K/8583K, paused 13ms, total 13ms
D/dalvikvm( 9310): GC_CONCURRENT freed 508K, 15% free 7325K/8583K, paused 11ms+2ms, total 27ms
D/dalvikvm( 9310): WAIT_FOR_CONCURRENT_GC blocked 11ms
D/dalvikvm( 9310): GC_CONCURRENT freed 514K, 15% free 7322K/8583K, paused 1ms+1ms, total 15ms
D/dalvikvm( 9310): WAIT_FOR_CONCURRENT_GC blocked 10ms
D/dalvikvm( 9310): GC_CONCURRENT freed 511K, 15% free 7322K/8583K, paused 2ms+2ms, total 19ms
D/dalvikvm( 9310): WAIT_FOR_CONCURRENT_GC blocked 12ms
D/dalvikvm( 9310): GC_CONCURRENT freed 511K, 15% free 7322K/8583K, paused 1ms+2ms, total 16ms
D/dalvikvm( 9310): WAIT_FOR_CONCURRENT_GC blocked 11ms
D/dalvikvm( 9310): GC_CONCURRENT freed 511K, 15% free 7322K/8583K, paused 1ms+2ms, total 16ms
D/dalvikvm( 9310): WAIT_FOR_CONCURRENT_GC blocked 10ms
D/dalvikvm( 9310): GC_CONCURRENT freed 511K, 15% free 7322K/8583K, paused 1ms+2ms, total 15ms
D/dalvikvm( 9310): WAIT_FOR_CONCURRENT_GC blocked 9ms
D/dalvikvm( 9310): GC_CONCURRENT freed 511K, 15% free 7322K/8583K, paused 2ms+1ms, total 15ms
D/dalvikvm( 9310): WAIT_FOR_CONCURRENT_GC blocked 8ms
D/dalvikvm( 9310): GC_CONCURRENT freed 511K, 15% free 7322K/8583K, paused 2ms+2ms, total 13ms
D/dalvikvm( 9310): WAIT_FOR_CONCURRENT_GC blocked 7ms
D/dalvikvm( 9310): GC_CONCURRENT freed 511K, 15% free 7322K/8583K, paused 1ms+1ms, total 17ms
D/dalvikvm( 9310): WAIT_FOR_CONCURRENT_GC blocked 9ms
D/dalvikvm( 9310): GC_CONCURRENT freed 511K, 15% free 7322K/8583K, paused 1ms+2ms, total 14ms
D/dalvikvm( 9310): WAIT_FOR_CONCURRENT_GC blocked 9ms
D/dalvikvm( 9310): GC_CONCURRENT freed 511K, 15% free 7322K/8583K, paused 1ms+2ms, total 15ms
D/dalvikvm( 9310): WAIT_FOR_CONCURRENT_GC blocked 9ms
D/dalvikvm( 9310): GC_CONCURRENT freed 511K, 15% free 7322K/8583K, paused 1ms+1ms, total 14ms
D/dalvikvm( 9310): WAIT_FOR_CONCURRENT_GC blocked 8ms
D/dalvikvm( 9310): GC_CONCURRENT freed 511K, 15% free 7322K/8583K, paused 2ms+1ms, total 17ms
D/dalvikvm( 9310): WAIT_FOR_CONCURRENT_GC blocked 9ms
D/dalvikvm( 9310): GC_CONCURRENT freed 511K, 15% free 7322K/8583K, paused 1ms+1ms, total 15ms
D/dalvikvm( 9310): WAIT_FOR_CONCURRENT_GC blocked 8ms
D/dalvikvm( 9310): GC_CONCURRENT freed 511K, 15% free 7322K/8583K, paused 2ms+1ms, total 16ms
D/dalvikvm( 9310): WAIT_FOR_CONCURRENT_GC blocked 10ms
D/dalvikvm( 9310): GC_CONCURRENT freed 511K, 15% free 7322K/8583K, paused 1ms+1ms, total 14ms
D/dalvikvm( 9310): WAIT_FOR_CONCURRENT_GC blocked 8ms
D/dalvikvm( 9310): GC_CONCURRENT freed 511K, 15% free 7322K/8583K, paused 1ms+1ms, total 14ms
D/dalvikvm( 9310): WAIT_FOR_CONCURRENT_GC blocked 8ms
D/dalvikvm( 9310): GC_CONCURRENT freed 510K, 15% free 7323K/8583K, paused 11ms+2ms, total 28ms
D/dalvikvm( 9310): WAIT_FOR_CONCURRENT_GC blocked 13ms
D/dalvikvm( 9310): GC_CONCURRENT freed 513K, 15% free 7322K/8583K, paused 12ms+2ms, total 23ms
D/dalvikvm( 9310): WAIT_FOR_CONCURRENT_GC blocked 2ms
D/dalvikvm( 9310): GC_CONCURRENT freed 511K, 15% free 7322K/8583K, paused 2ms+2ms, total 18ms
D/dalvikvm( 9310): WAIT_FOR_CONCURRENT_GC blocked 10ms
D/dalvikvm( 9310): GC_CONCURRENT freed 511K, 15% free 7322K/8583K, paused 1ms+2ms, total 14ms
D/dalvikvm( 9310): WAIT_FOR_CONCURRENT_GC blocked 8ms
D/dalvikvm( 9310): GC_CONCURRENT freed 511K, 15% free 7322K/8583K, paused 1ms+1ms, total 15ms
D/dalvikvm( 9310): WAIT_FOR_CONCURRENT_GC blocked 9ms
D/dalvikvm( 9310): GC_CONCURRENT freed 511K, 15% free 7322K/8583K, paused 2ms+1ms, total 16ms
D/dalvikvm( 9310): WAIT_FOR_CONCURRENT_GC blocked 8ms
D/dalvikvm( 9310): GC_CONCURRENT freed 511K, 15% free 7322K/8583K, paused 1ms+1ms, total 14ms
D/dalvikvm( 9310): WAIT_FOR_CONCURRENT_GC blocked 9ms
D/dalvikvm( 9310): GC_CONCURRENT freed 511K, 15% free 7322K/8583K, paused 1ms+1ms, total 13ms
D/dalvikvm( 9310): WAIT_FOR_CONCURRENT_GC blocked 8ms
D/dalvikvm( 9310): GC_CONCURRENT freed 511K, 15% free 7322K/8583K, paused 2ms+2ms, total 16ms
D/dalvikvm( 9310): WAIT_FOR_CONCURRENT_GC blocked 8ms
D/libEGL  ( 9310): loaded /system/lib/egl/libEGL_tegra.so
D/libEGL  ( 9310): loaded /system/lib/egl/libGLESv1_CM_tegra.so
D/libEGL  ( 9310): loaded /system/lib/egl/libGLESv2_tegra.so
V/SDL     ( 9310): Creating new EGL Surface
I/SDL     ( 9310): [STUB] GL_SetSwapInterval
I/SDL     ( 9310): [STUB] GL_GetSwapInterval
W/SDL/APP ( 9310): Depth: 32
V/SDL     ( 9310): Creating new EGL Surface
E/BufferQueue(  123): [SurfaceView] connect: already connected (cur=1, req=1)
E/libEGL  ( 9310): EGLNativeWindowType 0x41b89010 already connected to another API
E/libEGL  ( 9310): eglCreateWindowSurface:245 error 300b (EGL_BAD_NATIVE_WINDOW)
E/SDL     ( 9310): Couldn't create surface
I/SDL     ( 9310): [STUB] GL_SetSwapInterval
I/SDL     ( 9310): [STUB] GL_GetSwapInterval
D/dalvikvm( 9310): GC_CONCURRENT freed 507K, 15% free 7327K/8583K, paused 1ms+2ms, total 13ms
D/dalvikvm( 9310): WAIT_FOR_CONCURRENT_GC blocked 9ms
D/dalvikvm( 9310): GC_CONCURRENT freed 509K, 15% free 7327K/8583K, paused 11ms+1ms, total 23ms
D/dalvikvm( 9310): WAIT_FOR_CONCURRENT_GC blocked 9ms
D/dalvikvm( 9310): GC_CONCURRENT freed 509K, 15% free 7327K/8583K, paused 2ms+1ms, total 13ms
D/dalvikvm( 9310): WAIT_FOR_CONCURRENT_GC blocked 11ms
D/dalvikvm( 9310): GC_CONCURRENT freed 508K, 15% free 7327K/8583K, paused 11ms+2ms, total 24ms
D/dalvikvm( 9310): WAIT_FOR_CONCURRENT_GC blocked 10ms
D/dalvikvm( 9310): GC_CONCURRENT freed 509K, 15% free 7328K/8583K, paused 1ms+2ms, total 13ms
D/dalvikvm( 9310): WAIT_FOR_CONCURRENT_GC blocked 9ms
D/dalvikvm( 9310): GC_CONCURRENT freed 508K, 15% free 7328K/8583K, paused 12ms+1ms, total 24ms
D/dalvikvm( 9310): WAIT_FOR_CONCURRENT_GC blocked 9ms
D/dalvikvm( 9310): GC_CONCURRENT freed 508K, 15% free 7328K/8583K, paused 2ms+2ms, total 15ms
D/dalvikvm( 9310): WAIT_FOR_CONCURRENT_GC blocked 10ms
D/dalvikvm( 9310): GC_CONCURRENT freed 508K, 15% free 7328K/8583K, paused 17ms+7ms, total 37ms
D/dalvikvm( 9310): WAIT_FOR_CONCURRENT_GC blocked 13ms
D/dalvikvm( 9310): GC_CONCURRENT freed 508K, 15% free 7328K/8583K, paused 14ms+1ms, total 28ms
D/dalvikvm( 9310): WAIT_FOR_CONCURRENT_GC blocked 14ms
D/dalvikvm( 9264): GC_CONCURRENT freed 353K, 10% free 7623K/8455K, paused 13ms+2ms, total 34ms
D/dalvikvm( 9310): GC_CONCURRENT freed 508K, 15% free 7328K/8583K, paused 12ms+1ms, total 25ms
D/dalvikvm( 9310): WAIT_FOR_CONCURRENT_GC blocked 8ms
D/dalvikvm( 9310): GC_CONCURRENT freed 513K, 15% free 7323K/8583K, paused 1ms+1ms, total 12ms
D/dalvikvm( 9310): WAIT_FOR_CONCURRENT_GC blocked 9ms
I/ActivityManager(  358): No longer want com.sega.soniccd (pid 8908): hidden #16
D/dalvikvm( 9310): GC_FOR_ALLOC freed 509K, 15% free 7323K/8583K, paused 17ms, total 17ms
W/ActivityManager(  358): Scheduling restart of crashed service com.sega.soniccd/.GameDownloaderService in 5000ms
D/dalvikvm( 9310): GC_CONCURRENT freed 473K, 15% free 7333K/8583K, paused 11ms+1ms, total 23ms
D/dalvikvm( 9310): GC_CONCURRENT freed 515K, 15% free 7327K/8583K, paused 11ms+2ms, total 24ms
D/dalvikvm( 9310): WAIT_FOR_CONCURRENT_GC blocked 9ms
D/dalvikvm( 9310): GC_CONCURRENT freed 507K, 15% free 7328K/8583K, paused 12ms+3ms, total 33ms
D/dalvikvm( 9310): WAIT_FOR_CONCURRENT_GC blocked 16ms
D/dalvikvm( 9310): GC_CONCURRENT freed 508K, 15% free 7328K/8583K, paused 12ms+1ms, total 25ms
D/dalvikvm( 9310): WAIT_FOR_CONCURRENT_GC blocked 9ms
D/dalvikvm( 9310): GC_CONCURRENT freed 508K, 15% free 7328K/8583K, paused 12ms+1ms, total 26ms
D/dalvikvm( 9310): WAIT_FOR_CONCURRENT_GC blocked 10ms
D/dalvikvm( 9310): GC_CONCURRENT freed 508K, 15% free 7328K/8583K, paused 11ms+2ms, total 25ms
D/dalvikvm( 9310): WAIT_FOR_CONCURRENT_GC blocked 9ms
D/dalvikvm( 9310): GC_CONCURRENT freed 508K, 15% free 7328K/8583K, paused 12ms+2ms, total 35ms
D/dalvikvm( 9310): WAIT_FOR_CONCURRENT_GC blocked 18ms
D/dalvikvm( 9310): GC_CONCURRENT freed 508K, 15% free 7328K/8583K, paused 1ms+1ms, total 15ms
D/dalvikvm( 9310): WAIT_FOR_CONCURRENT_GC blocked 11ms
D/dalvikvm( 9310): GC_CONCURRENT freed 508K, 15% free 7328K/8583K, paused 11ms+3ms, total 28ms
D/dalvikvm( 9310): WAIT_FOR_CONCURRENT_GC blocked 13ms
D/dalvikvm( 9310): GC_CONCURRENT freed 508K, 15% free 7328K/8583K, paused 2ms+1ms, total 14ms
D/dalvikvm( 9310): WAIT_FOR_CONCURRENT_GC blocked 11ms
D/dalvikvm( 9310): GC_CONCURRENT freed 508K, 15% free 7328K/8583K, paused 12ms+3ms, total 29ms
D/dalvikvm( 9310): WAIT_FOR_CONCURRENT_GC blocked 14ms
D/dalvikvm( 9310): GC_CONCURRENT freed 508K, 15% free 7328K/8583K, paused 1ms+1ms, total 13ms
D/dalvikvm( 9310): WAIT_FOR_CONCURRENT_GC blocked 10ms
D/dalvikvm( 9310): GC_CONCURRENT freed 508K, 15% free 7328K/8583K, paused 11ms+1ms, total 25ms
D/dalvikvm( 9310): WAIT_FOR_CONCURRENT_GC blocked 12ms
D/dalvikvm( 9310): GC_CONCURRENT freed 508K, 15% free 7328K/8583K, paused 12ms+2ms, total 33ms
D/dalvikvm( 9310): WAIT_FOR_CONCURRENT_GC blocked 16ms
D/dalvikvm( 9310): GC_CONCURRENT freed 508K, 15% free 7328K/8583K, paused 1ms+2ms, total 15ms
D/dalvikvm( 9310): WAIT_FOR_CONCURRENT_GC blocked 9ms
D/dalvikvm( 9310): GC_CONCURRENT freed 508K, 15% free 7328K/8583K, paused 11ms+2ms, total 25ms
D/dalvikvm( 9310): WAIT_FOR_CONCURRENT_GC blocked 10ms
D/dalvikvm( 9310): GC_CONCURRENT freed 508K, 15% free 7328K/8583K, paused 11ms+2ms, total 25ms
D/dalvikvm( 9310): WAIT_FOR_CONCURRENT_GC blocked 10ms
D/dalvikvm( 9310): GC_CONCURRENT freed 508K, 15% free 7328K/8583K, paused 1ms+2ms, total 13ms
D/dalvikvm( 9310): WAIT_FOR_CONCURRENT_GC blocked 8ms
D/dalvikvm( 9310): GC_CONCURRENT freed 508K, 15% free 7328K/8583K, paused 12ms+2ms, total 27ms
D/dalvikvm( 9310): WAIT_FOR_CONCURRENT_GC blocked 10ms
D/dalvikvm( 9310): GC_CONCURRENT freed 508K, 15% free 7328K/8583K, paused 1ms+2ms, total 13ms
D/dalvikvm( 9310): WAIT_FOR_CONCURRENT_GC blocked 8ms
D/dalvikvm( 9310): GC_CONCURRENT freed 513K, 15% free 7323K/8583K, paused 1ms+2ms, total 14ms
D/dalvikvm( 9310): WAIT_FOR_CONCURRENT_GC blocked 11ms
D/dalvikvm( 9310): GC_CONCURRENT freed 512K, 15% free 7323K/8583K, paused 2ms+2ms, total 15ms
D/dalvikvm( 9310): WAIT_FOR_CONCURRENT_GC blocked 6ms
D/dalvikvm( 9310): GC_CONCURRENT freed 511K, 15% free 7324K/8583K, paused 1ms+1ms, total 12ms
D/dalvikvm( 9310): WAIT_FOR_CONCURRENT_GC blocked 7ms
D/dalvikvm( 9310): GC_CONCURRENT freed 511K, 15% free 7323K/8583K, paused 2ms+1ms, total 15ms
D/dalvikvm( 9310): WAIT_FOR_CONCURRENT_GC blocked 6ms
D/dalvikvm( 9310): GC_CONCURRENT freed 511K, 15% free 7324K/8583K, paused 1ms+1ms, total 12ms
D/dalvikvm( 9310): WAIT_FOR_CONCURRENT_GC blocked 7ms
D/dalvikvm( 9310): GC_CONCURRENT freed 511K, 15% free 7323K/8583K, paused 2ms+1ms, total 15ms
D/dalvikvm( 9310): WAIT_FOR_CONCURRENT_GC blocked 6ms
D/dalvikvm( 9310): GC_CONCURRENT freed 475K, 15% free 7323K/8583K, paused 2ms+1ms, total 14ms
D/dalvikvm( 9310): GC_CONCURRENT freed 511K, 15% free 7324K/8583K, paused 1ms+2ms, total 14ms
D/dalvikvm( 9310): WAIT_FOR_CONCURRENT_GC blocked 5ms
D/dalvikvm( 9310): GC_CONCURRENT freed 511K, 15% free 7323K/8583K, paused 1ms+2ms, total 14ms
D/dalvikvm( 9310): WAIT_FOR_CONCURRENT_GC blocked 3ms
D/dalvikvm( 9310): GC_CONCURRENT freed 511K, 15% free 7323K/8583K, paused 2ms+1ms, total 14ms
D/dalvikvm( 9310): WAIT_FOR_CONCURRENT_GC blocked 4ms
D/dalvikvm( 9310): GC_CONCURRENT freed 512K, 15% free 7323K/8583K, paused 2ms+1ms, total 14ms
D/dalvikvm( 9310): WAIT_FOR_CONCURRENT_GC blocked 4ms
D/dalvikvm( 9310): GC_CONCURRENT freed 511K, 15% free 7323K/8583K, paused 1ms+2ms, total 14ms
D/dalvikvm( 9310): WAIT_FOR_CONCURRENT_GC blocked 4ms
D/dalvikvm( 9310): GC_CONCURRENT freed 510K, 15% free 7324K/8583K, paused 1ms+1ms, total 13ms
D/dalvikvm( 9310): WAIT_FOR_CONCURRENT_GC blocked 8ms
D/dalvikvm( 9310): GC_CONCURRENT freed 504K, 15% free 7329K/8583K, paused 12ms+1ms, total 23ms
D/dalvikvm( 9310): WAIT_FOR_CONCURRENT_GC blocked 9ms
D/dalvikvm( 9310): GC_CONCURRENT freed 516K, 15% free 7324K/8583K, paused 1ms+2ms, total 14ms
D/dalvikvm( 9310): WAIT_FOR_CONCURRENT_GC blocked 5ms
D/dalvikvm( 9310): GC_CONCURRENT freed 511K, 15% free 7324K/8583K, paused 2ms+1ms, total 15ms
D/dalvikvm( 9310): WAIT_FOR_CONCURRENT_GC blocked 9ms
D/dalvikvm( 9310): GC_CONCURRENT freed 497K, 15% free 7325K/8583K, paused 1ms+1ms, total 13ms
D/dalvikvm( 9310): GC_CONCURRENT freed 512K, 15% free 7324K/8583K, paused 1ms+1ms, total 13ms
D/dalvikvm( 9310): WAIT_FOR_CONCURRENT_GC blocked 8ms
D/dalvikvm( 9310): GC_CONCURRENT freed 512K, 15% free 7323K/8583K, paused 1ms+2ms, total 13ms
D/dalvikvm( 9310): WAIT_FOR_CONCURRENT_GC blocked 6ms
D/dalvikvm( 9310): GC_CONCURRENT freed 510K, 15% free 7323K/8583K, paused 12ms+2ms, total 26ms
D/dalvikvm( 9310): WAIT_FOR_CONCURRENT_GC blocked 10ms
D/dalvikvm( 9310): GC_CONCURRENT freed 510K, 15% free 7323K/8583K, paused 2ms+2ms, total 16ms
D/dalvikvm( 9310): WAIT_FOR_CONCURRENT_GC blocked 10ms
D/dalvikvm( 9310): GC_CONCURRENT freed 510K, 15% free 7323K/8583K, paused 1ms+1ms, total 16ms
D/dalvikvm( 9310): WAIT_FOR_CONCURRENT_GC blocked 10ms
D/dalvikvm( 9310): GC_CONCURRENT freed 508K, 15% free 7325K/8583K, paused 12ms+2ms, total 27ms
D/dalvikvm( 9310): WAIT_FOR_CONCURRENT_GC blocked 11ms
D/dalvikvm( 9310): GC_CONCURRENT freed 512K, 15% free 7323K/8583K, paused 12ms+2ms, total 33ms
D/dalvikvm( 9310): WAIT_FOR_CONCURRENT_GC blocked 14ms
D/dalvikvm( 9310): GC_CONCURRENT freed 510K, 15% free 7324K/8583K, paused 11ms+1ms, total 23ms
D/dalvikvm( 9310): WAIT_FOR_CONCURRENT_GC blocked 8ms
D/dalvikvm( 9310): GC_CONCURRENT freed 508K, 15% free 7325K/8583K, paused 12ms+3ms, total 33ms
D/dalvikvm( 9310): WAIT_FOR_CONCURRENT_GC blocked 14ms
D/dalvikvm( 9310): GC_CONCURRENT freed 512K, 15% free 7323K/8583K, paused 2ms+1ms, total 16ms
D/dalvikvm( 9310): WAIT_FOR_CONCURRENT_GC blocked 11ms
D/dalvikvm( 9310): GC_CONCURRENT freed 508K, 15% free 7326K/8583K, paused 12ms+1ms, total 28ms
D/dalvikvm( 9310): WAIT_FOR_CONCURRENT_GC blocked 11ms
D/dalvikvm( 9310): GC_CONCURRENT freed 512K, 15% free 7323K/8583K, paused 12ms+1ms, total 27ms
D/dalvikvm( 9310): WAIT_FOR_CONCURRENT_GC blocked 11ms
D/dalvikvm( 9310): GC_CONCURRENT freed 508K, 15% free 7326K/8583K, paused 1ms+1ms, total 15ms
D/dalvikvm( 9310): WAIT_FOR_CONCURRENT_GC blocked 9ms
D/dalvikvm( 9310): GC_CONCURRENT freed 511K, 15% free 7325K/8583K, paused 1ms+2ms, total 14ms
D/dalvikvm( 9310): WAIT_FOR_CONCURRENT_GC blocked 7ms
D/dalvikvm( 9310): GC_CONCURRENT freed 510K, 15% free 7325K/8583K, paused 16ms+2ms, total 29ms
D/dalvikvm( 9310): WAIT_FOR_CONCURRENT_GC blocked 13ms
D/dalvikvm( 9310): GC_CONCURRENT freed 513K, 15% free 7324K/8583K, paused 2ms+1ms, total 14ms
D/dalvikvm( 9310): WAIT_FOR_CONCURRENT_GC blocked 7ms
D/dalvikvm( 9310): GC_CONCURRENT freed 496K, 15% free 7324K/8583K, paused 1ms+1ms, total 14ms
D/dalvikvm( 9310): GC_CONCURRENT freed 508K, 15% free 7328K/8583K, paused 11ms+1ms, total 24ms
D/dalvikvm( 9310): WAIT_FOR_CONCURRENT_GC blocked 10ms
D/dalvikvm( 9310): GC_CONCURRENT freed 508K, 15% free 7328K/8583K, paused 1ms+1ms, total 15ms
D/dalvikvm( 9310): WAIT_FOR_CONCURRENT_GC blocked 12ms
D/dalvikvm( 9310): GC_CONCURRENT freed 508K, 15% free 7328K/8583K, paused 12ms+1ms, total 25ms
D/dalvikvm( 9310): WAIT_FOR_CONCURRENT_GC blocked 11ms
D/dalvikvm( 9310): GC_CONCURRENT freed 508K, 15% free 7328K/8583K, paused 12ms+1ms, total 32ms
D/dalvikvm( 9310): WAIT_FOR_CONCURRENT_GC blocked 15ms
D/dalvikvm( 9310): GC_CONCURRENT freed 508K, 15% free 7328K/8583K, paused 11ms+1ms, total 26ms
D/dalvikvm( 9310): WAIT_FOR_CONCURRENT_GC blocked 12ms
D/dalvikvm( 9310): GC_CONCURRENT freed 508K, 15% free 7328K/8583K, paused 11ms+2ms, total 27ms
D/dalvikvm( 9310): WAIT_FOR_CONCURRENT_GC blocked 13ms
W/SDL/APP ( 9310): ----------------- FPGS CARGADOS!
V/SDL     ( 9310): SDL audio: opening device
V/SDL     ( 9310): SDL audio: wanted stereo 16-bit 22.05kHz, 1024 frames buffer
V/SDL     ( 9310): SDL audio: got stereo 16-bit 22.05kHz, 1584 frames buffer
W/SDL/APP ( 9310): ----------------- WAVS CARGADOS!
W/SDL/APP ( 9310): ----------------- FNTS CARGADOS!
D/dalvikvm( 9310): GC_CONCURRENT freed 505K, 15% free 7334K/8583K, paused 12ms+1ms, total 24ms
D/dalvikvm( 9310): WAIT_FOR_CONCURRENT_GC blocked 6ms
D/dalvikvm( 9310): GC_CONCURRENT freed 513K, 15% free 7332K/8583K, paused 2ms+2ms, total 16ms
D/dalvikvm( 9310): WAIT_FOR_CONCURRENT_GC blocked 9ms
D/dalvikvm( 9310): GC_CONCURRENT freed 511K, 15% free 7332K/8583K, paused 2ms+1ms, total 13ms
D/dalvikvm( 9310): WAIT_FOR_CONCURRENT_GC blocked 8ms
D/dalvikvm( 9310): GC_CONCURRENT freed 511K, 15% free 7332K/8583K, paused 1ms+1ms, total 13ms
D/dalvikvm( 9310): WAIT_FOR_CONCURRENT_GC blocked 9ms
D/dalvikvm( 9310): GC_CONCURRENT freed 511K, 15% free 7332K/8583K, paused 1ms+2ms, total 16ms
D/dalvikvm( 9310): WAIT_FOR_CONCURRENT_GC blocked 10ms
D/dalvikvm( 9310): GC_CONCURRENT freed 511K, 15% free 7332K/8583K, paused 1ms+2ms, total 17ms
D/dalvikvm( 9310): WAIT_FOR_CONCURRENT_GC blocked 10ms
D/dalvikvm( 9310): GC_CONCURRENT freed 511K, 15% free 7332K/8583K, paused 1ms+2ms, total 15ms
D/dalvikvm( 9310): WAIT_FOR_CONCURRENT_GC blocked 10ms
D/dalvikvm( 9310): GC_CONCURRENT freed 511K, 15% free 7332K/8583K, paused 1ms+2ms, total 15ms
D/dalvikvm( 9310): WAIT_FOR_CONCURRENT_GC blocked 10ms
D/dalvikvm( 9310): GC_CONCURRENT freed 511K, 15% free 7332K/8583K, paused 2ms+2ms, total 16ms
D/dalvikvm( 9310): WAIT_FOR_CONCURRENT_GC blocked 10ms
D/dalvikvm( 9310): GC_CONCURRENT freed 511K, 15% free 7332K/8583K, paused 2ms+1ms, total 15ms
D/dalvikvm( 9310): WAIT_FOR_CONCURRENT_GC blocked 9ms
D/dalvikvm( 9310): GC_CONCURRENT freed 511K, 15% free 7332K/8583K, paused 1ms+1ms, total 14ms
D/dalvikvm( 9310): WAIT_FOR_CONCURRENT_GC blocked 9ms
D/dalvikvm( 9310): GC_CONCURRENT freed 511K, 15% free 7332K/8583K, paused 2ms+2ms, total 18ms
D/dalvikvm( 9310): WAIT_FOR_CONCURRENT_GC blocked 9ms
D/dalvikvm( 9310): GC_CONCURRENT freed 510K, 15% free 7333K/8583K, paused 11ms+1ms, total 24ms
D/dalvikvm( 9310): WAIT_FOR_CONCURRENT_GC blocked 9ms
D/dalvikvm( 9310): GC_CONCURRENT freed 512K, 15% free 7332K/8583K, paused 1ms+3ms, total 18ms
D/dalvikvm( 9310): WAIT_FOR_CONCURRENT_GC blocked 14ms
D/dalvikvm( 9310): GC_CONCURRENT freed 510K, 15% free 7333K/8583K, paused 12ms+1ms, total 23ms
D/dalvikvm( 9310): WAIT_FOR_CONCURRENT_GC blocked 6ms
D/dalvikvm( 9310): GC_CONCURRENT freed 512K, 15% free 7332K/8583K, paused 1ms+1ms, total 13ms
D/dalvikvm( 9310): WAIT_FOR_CONCURRENT_GC blocked 9ms
W/SDL/APP ( 9310): ----------------- INICIALIZANDO COSICAS!
I/ActivityManager(  358): Start proc com.sega.soniccd for service com.sega.soniccd/.GameDownloaderService: pid=9347 uid=10098 gids={1015, 3003, 1028}
I/ActivityThread( 9347): Pub com.sega.soniccd: com.sega.soniccd.APEZProvider
I/ActivityManager(  358): No longer want com.android.keychain (pid 9197): hidden #16
F/libc    ( 9310): Fatal signal 11 (SIGSEGV) at 0x00000000 (code=1), thread 9324 (SDLThread)
I/DEBUG   (  122): *** *** *** *** *** *** *** *** *** *** *** *** *** *** *** ***
I/DEBUG   (  122): Build fingerprint: 'google/nakasi/grouper:4.1.1/JRO03D/402395:user/release-keys'
I/DEBUG   (  122): pid: 9310, tid: 9324, name: SDLThread  >>> org.libsdl.app <<<
I/DEBUG   (  122): signal 11 (SIGSEGV), code 1 (SEGV_MAPERR), fault addr 00000000
I/DEBUG   (  122):     r0 00000000  r1 64fa16e4  r2 00000004  r3 00000000
I/DEBUG   (  122):     r4 00000000  r5 00000001  r6 64fa1da8  r7 64fa16e4
I/DEBUG   (  122):     r8 00000000  r9 00000000  sl 67592810  fp 675334cd
I/DEBUG   (  122):     ip 000049f5  sp 687d8ab8  lr 67536a39  pc 67536986  cpsr 00000070
I/DEBUG   (  122):     d0  3f8000003f800000  d1  4077f80000000000
I/DEBUG   (  122):     d2  4080000044000000  d3  43fa000000000000
I/DEBUG   (  122):     d4  000004b5497a0000  d5  4496a00044480000
I/DEBUG   (  122):     d6  0000040000000000  d7  000053ab00000300
I/DEBUG   (  122):     d8  0000000000000000  d9  0000000000000000
I/DEBUG   (  122):     d10 0000000000000000  d11 0000000000000000
I/DEBUG   (  122):     d12 0000000000000000  d13 0000000000000000
I/DEBUG   (  122):     d14 0000000000000000  d15 0000000000000000
I/DEBUG   (  122):     d16 0000000000000001  d17 0000000000000000
I/DEBUG   (  122):     d18 000000000025c3a2  d19 3fe0000000000000
I/DEBUG   (  122):     d20 bf2a01a019c161d5  d21 3ca72cece675d1fd
I/DEBUG   (  122):     d22 3f8111111110f8a6  d23 394c1cc000000001
I/DEBUG   (  122):     d24 0067006700670067  d25 0067006700670067
I/DEBUG   (  122):     d26 0067006700670067  d27 0067006700670067
I/DEBUG   (  122):     d28 0100010001000100  d29 0100010001000100
I/DEBUG   (  122):     d30 0000000100000001  d31 0000000100000001
I/DEBUG   (  122):     scr 60000010
I/DEBUG   (  122): 
I/DEBUG   (  122): backtrace:
I/DEBUG   (  122):     #00  pc 0001c986  /data/data/org.libsdl.app/lib/libbgdrtm.so (file_write+5)
I/DEBUG   (  122):     #01  pc 0001ca35  /data/data/org.libsdl.app/lib/libbgdrtm.so (file_writeSint32A+4)
I/DEBUG   (  122):     #02  pc 0001bda9  /data/data/org.libsdl.app/lib/libbgdrtm.so (savetype+56)
I/DEBUG   (  122):     #03  pc 0001bf0b  /data/data/org.libsdl.app/lib/libbgdrtm.so (savetypes+30)
I/DEBUG   (  122):     #04  pc 0001f0db  /data/data/org.libsdl.app/lib/libbgdrtm.so
I/DEBUG   (  122):     #05  pc 000194eb  /data/data/org.libsdl.app/lib/libbgdrtm.so (instance_go+19234)
I/DEBUG   (  122):     #06  pc 00019239  /data/data/org.libsdl.app/lib/libbgdrtm.so (instance_go+18544)
I/DEBUG   (  122):     #07  pc 00019b0d  /data/data/org.libsdl.app/lib/libbgdrtm.so (instance_go_all+376)
I/DEBUG   (  122):     #08  pc 00000fad  /data/data/org.libsdl.app/lib/libmain.so (SDL_main+252)
I/DEBUG   (  122):     #09  pc 00000ea3  /data/data/org.libsdl.app/lib/libmain.so (Java_org_libsdl_app_SDLActivity_nativeInit+26)
I/DEBUG   (  122):     #10  pc 0001de30  /system/lib/libdvm.so (dvmPlatformInvoke+112)
I/DEBUG   (  122):     #11  pc 0004d083  /system/lib/libdvm.so (dvmCallJNIMethod(unsigned int const*, JValue*, Method const*, Thread*)+394)
I/DEBUG   (  122):     #12  pc 0004f19f  /system/lib/libdvm.so (dvmResolveNativeMethod(unsigned int const*, JValue*, Method const*, Thread*)+174)
I/DEBUG   (  122):     #13  pc 00027260  /system/lib/libdvm.so
I/DEBUG   (  122):     #14  pc 0002bb68  /system/lib/libdvm.so (dvmInterpret(Thread*, Method const*, JValue*)+180)
I/DEBUG   (  122):     #15  pc 0005f7f1  /system/lib/libdvm.so (dvmCallMethodV(Thread*, Method const*, Object*, bool, JValue*, std::__va_list)+272)
I/DEBUG   (  122):     #16  pc 0005f81b  /system/lib/libdvm.so (dvmCallMethod(Thread*, Method const*, Object*, JValue*, ...)+20)
I/DEBUG   (  122):     #17  pc 000543d3  /system/lib/libdvm.so
I/DEBUG   (  122):     #18  pc 00012dd0  /system/lib/libc.so (__thread_entry+48)
I/DEBUG   (  122):     #19  pc 00012528  /system/lib/libc.so (pthread_create+172)
I/DEBUG   (  122): 
I/DEBUG   (  122): stack:
I/DEBUG   (  122):          687d8a78  675adc6c  /data/data/org.libsdl.app/lib/libbgdrtm.so
I/DEBUG   (  122):          687d8a7c  400f3791  /system/lib/libc.so (dlfree+56)
I/DEBUG   (  122):          687d8a80  00001000  
I/DEBUG   (  122):          687d8a84  651b16d8  
I/DEBUG   (  122):          687d8a88  64fc99d4  
I/DEBUG   (  122):          687d8a8c  675adb4c  /data/data/org.libsdl.app/lib/libbgdrtm.so
I/DEBUG   (  122):          687d8a90  675adb54  /data/data/org.libsdl.app/lib/libbgdrtm.so
I/DEBUG   (  122):          687d8a94  400f3791  /system/lib/libc.so (dlfree+56)
I/DEBUG   (  122):          687d8a98  400f3759  /system/lib/libc.so (dlfree)
I/DEBUG   (  122):          687d8a9c  651b16d8  
I/DEBUG   (  122):          687d8aa0  64fc99d4  
I/DEBUG   (  122):          687d8aa4  675adb4c  /data/data/org.libsdl.app/lib/libbgdrtm.so
I/DEBUG   (  122):          687d8aa8  675adb54  /data/data/org.libsdl.app/lib/libbgdrtm.so
I/DEBUG   (  122):          687d8aac  00000afd  
I/DEBUG   (  122):          687d8ab0  df0027ad  
I/DEBUG   (  122):          687d8ab4  00000000  
I/DEBUG   (  122):     #00  687d8ab8  00000006  
I/DEBUG   (  122):          687d8abc  00000001  
I/DEBUG   (  122):          687d8ac0  64fa1da8  
I/DEBUG   (  122):          687d8ac4  64fa16e4  
I/DEBUG   (  122):          687d8ac8  00000000  
I/DEBUG   (  122):          687d8acc  67536a39  /data/data/org.libsdl.app/lib/libbgdrtm.so (file_writeSint32A+8)
I/DEBUG   (  122):     #01  687d8ad0  00000000  
I/DEBUG   (  122):          687d8ad4  67535dad  /data/data/org.libsdl.app/lib/libbgdrtm.so (savetype+60)
I/DEBUG   (  122):     #02  687d8ad8  00010006  
I/DEBUG   (  122):          687d8adc  675adb60  /data/data/org.libsdl.app/lib/libbgdrtm.so
I/DEBUG   (  122):          687d8ae0  c0000000  
I/DEBUG   (  122):          687d8ae4  00000009  
I/DEBUG   (  122):          687d8ae8  00000000  
I/DEBUG   (  122):          687d8aec  00000000  
I/DEBUG   (  122):          687d8af0  675adb74  /data/data/org.libsdl.app/lib/libbgdrtm.so
I/DEBUG   (  122):          687d8af4  653543f8  
I/DEBUG   (  122):          687d8af8  00000000  
I/DEBUG   (  122):          687d8afc  00000006  
I/DEBUG   (  122):          687d8b00  64fa16e4  
I/DEBUG   (  122):          687d8b04  64fa1da8  
I/DEBUG   (  122):          687d8b08  00000000  
I/DEBUG   (  122):          687d8b0c  00000000  
I/DEBUG   (  122):          687d8b10  00000000  
I/DEBUG   (  122):          687d8b14  67592810  /data/data/org.libsdl.app/lib/libbgdrtm.so
I/DEBUG   (  122):          ........  ........
I/DEBUG   (  122): 
I/DEBUG   (  122): memory near r1:
I/DEBUG   (  122):     64fa16c4 00000000 00000000 00000000 00000000  ................
I/DEBUG   (  122):     64fa16d4 00000000 00000000 00000000 00000000  ................
I/DEBUG   (  122):     64fa16e4 00000001 00000000 00000000 00000000  ................
I/DEBUG   (  122):     64fa16f4 00000000 00000000 00000001 00000001  ................
I/DEBUG   (  122):     64fa1704 00000001 00000001 00000001 00000000  ................
I/DEBUG   (  122): 
I/DEBUG   (  122): memory near r6:
I/DEBUG   (  122):     64fa1d88 00000000 00000000 00000000 00000000  ................
I/DEBUG   (  122):     64fa1d98 00000000 00000000 00000000 ffffffff  ................
I/DEBUG   (  122):     64fa1da8 00000001 00000000 00000000 00000000  ................
I/DEBUG   (  122):     64fa1db8 00000000 00000000 00000000 00000000  ................
I/DEBUG   (  122):     64fa1dc8 00000000 00000000 ffffffff 00000111  ................
I/DEBUG   (  122): 
I/DEBUG   (  122): memory near r7:
I/DEBUG   (  122):     64fa16c4 00000000 00000000 00000000 00000000  ................
I/DEBUG   (  122):     64fa16d4 00000000 00000000 00000000 00000000  ................
I/DEBUG   (  122):     64fa16e4 00000001 00000000 00000000 00000000  ................
I/DEBUG   (  122):     64fa16f4 00000000 00000000 00000001 00000001  ................
I/DEBUG   (  122):     64fa1704 00000001 00000001 00000001 00000000  ................
I/DEBUG   (  122): 
I/DEBUG   (  122): memory near sl:
I/DEBUG   (  122):     675927f0 00000000 00000000 00000000 00000000  ................
I/DEBUG   (  122):     67592800 00000000 00000000 00000000 00000000  ................
I/DEBUG   (  122):     67592810 000786f0 00000000 00000000 64e4a65d  ............]..d
I/DEBUG   (  122):     67592820 65240829 400ebaac 65203299 652417c5  ).$e...@.2 e..$e
I/DEBUG   (  122):     67592830 400fa3e1 400eb58c 64a898c1 651feff9  ...@...@...d...e
I/DEBUG   (  122): 
I/DEBUG   (  122): memory near fp:
I/DEBUG   (  122):     675334ac f7fe65e3 4620ba00 fe6cf7fa 0308f105  .e.... F..l.....
I/DEBUG   (  122):     675334bc 61036839 68e3686d 0585eb03 bad2f7fb  9h.amh.h........
I/DEBUG   (  122):     675334cc f0016868 4603fff3 f0002800 69028124  hh.....F.(..$..i
I/DEBUG   (  122):     675334dc 6de14620 eba13508 65e10182 4798695b   F.m.5.....e[i.G
I/DEBUG   (  122):     675334ec f7fe6de3 6de3b9e0 3508686a 188a6861  .m.....mjh.5ah..
I/DEBUG   (  122): 
I/DEBUG   (  122): memory near ip:
I/DEBUG   (  122):     000049d4 ffffffff ffffffff ffffffff ffffffff  ................
I/DEBUG   (  122):     000049e4 ffffffff ffffffff ffffffff ffffffff  ................
I/DEBUG   (  122):     000049f4 ffffffff ffffffff ffffffff ffffffff  ................
I/DEBUG   (  122):     00004a04 ffffffff ffffffff ffffffff ffffffff  ................
I/DEBUG   (  122):     00004a14 ffffffff ffffffff ffffffff ffffffff  ................
I/DEBUG   (  122): 
I/DEBUG   (  122): memory near sp:
I/DEBUG   (  122):     687d8a98 400f3759 651b16d8 64fc99d4 675adb4c  Y7.@...e...dL.Zg
I/DEBUG   (  122):     687d8aa8 675adb54 00000afd df0027ad 00000000  T.Zg.....'......
