D/ConnectivityService(  358): handleConnectivityChange: address are the same reset per doReset linkProperty[1]: resetMask=0
D/ConnectivityService(  358): ConnectivityChange for WIFI: CONNECTED/CONNECTED
D/ConnectivityService(  358): handleConnectivityChange: address are the same reset per doReset linkProperty[1]: resetMask=0
D/ConnectivityService(  358): NetTransition Wakelock for WifiStateMachine released by timeout
D/ConnectivityService(  358): handleInetConditionHoldEnd: net=1, condition=100, published condition=0
W/ThrottleService(  358): unable to find stats for iface rmnet0
W/ThrottleService(  358): unable to find stats for iface rmnet0
W/ThrottleService(  358): unable to find stats for iface rmnet0
V/BackupManagerService(  358): Running a backup pass
V/BackupManagerService(  358): clearing pending backups
V/PerformBackupTask(  358): Beginning backup of 1 targets
D/PerformBackupTask(  358): invokeAgentForBackup on @pm@
I/PerformBackupTask(  358): no backup data written; not calling transport
D/PerformBackupTask(  358): starting agent for backup of BackupRequest{pkg=android}
D/BackupManagerService(  358): awaiting agent for ApplicationInfo{423ac4f0 android}
D/BackupManagerService(  358): agentConnected pkg=android agent=android.app.backup.BackupAgent$BackupServiceBinder@42dc19c8
I/BackupManagerService(  358): got agent android.app.backup.BackupAgent$BackupServiceBinder@42dc19c8
D/PerformBackupTask(  358): invokeAgentForBackup on android
I/PerformBackupTask(  358): Backup pass finished.
D/ConnectivityService(  358): ConnectivityChange for WIFI: CONNECTED/CONNECTED
D/ConnectivityService(  358): handleConnectivityChange: address are the same reset per doReset linkProperty[1]: resetMask=0
D/ConnectivityService(  358): ConnectivityChange for WIFI: CONNECTED/CONNECTED
D/ConnectivityService(  358): handleConnectivityChange: address are the same reset per doReset linkProperty[1]: resetMask=0
D/ConnectivityService(  358): NetTransition Wakelock for WifiStateMachine released by timeout
D/ConnectivityService(  358): handleInetConditionHoldEnd: net=1, condition=100, published condition=0
I/ActivityManager(  358): Start proc com.google.android.apps.reader for broadcast com.google.android.apps.reader/.appwidget.NewsListWidget: pid=4108 uid=10066 gids={3003, 1028}
W/ThrottleService(  358): unable to find stats for iface rmnet0
D/ConnectivityService(  358): ConnectivityChange for WIFI: DISCONNECTED/DISCONNECTED
D/ConnectivityService(  358): Attempting to switch to BLUETOOTH_TETHER
D/ConnectivityService(  358): Attempting to switch to ETHERNET
D/ConnectivityService(  358): resetConnections(wlan0, 3)
D/ConnectivityService(  358): ConnectivityChange for WIFI: DISCONNECTED/DISCONNECTED
D/ConnectivityService(  358): Attempting to switch to BLUETOOTH_TETHER
D/ConnectivityService(  358): Attempting to switch to ETHERNET
D/ConnectivityService(  358): resetConnections(wlan0, 3)
D/ConnectivityService(  358): handleInetConditionChange: no active default network - ignore
D/ConnectivityService(  358): ConnectivityChange for WIFI: CONNECTED/CONNECTED
D/ConnectivityService(  358): ConnectivityChange for WIFI: CONNECTED/CONNECTED
D/ConnectivityService(  358): handleConnectivityChange: address are the same reset per doReset linkProperty[1]: resetMask=0
D/ConnectivityService(  358): NetTransition Wakelock for WifiStateMachine released by timeout
D/ConnectivityService(  358): handleInetConditionHoldEnd: net=1, condition=100, published condition=0
W/ThrottleService(  358): unable to find stats for iface rmnet0
I/ActivityManager(  358): Start proc com.google.android.apps.maps for service com.google.android.apps.maps/com.google.googlenav.prefetch.android.PrefetcherService: pid=4545 uid=10034 gids={3003, 1015, 1028}
D/ConnectivityService(  358): ConnectivityChange for WIFI: DISCONNECTED/DISCONNECTED
D/ConnectivityService(  358): Attempting to switch to BLUETOOTH_TETHER
D/ConnectivityService(  358): Attempting to switch to ETHERNET
D/ConnectivityService(  358): resetConnections(wlan0, 3)
D/ConnectivityService(  358): ConnectivityChange for WIFI: DISCONNECTED/DISCONNECTED
D/ConnectivityService(  358): Attempting to switch to BLUETOOTH_TETHER
D/ConnectivityService(  358): Attempting to switch to ETHERNET
D/ConnectivityService(  358): resetConnections(wlan0, 3)
D/ConnectivityService(  358): handleInetConditionChange: no active default network - ignore
I/ActivityManager(  358): No longer want com.sega.soniccd (pid 2964): hidden #16
W/ActivityManager(  358): Scheduling restart of crashed service com.sega.soniccd/.GameDownloaderService in 5000ms
I/ActivityManager(  358): Start proc com.sega.soniccd for service com.sega.soniccd/.GameDownloaderService: pid=4671 uid=10098 gids={1015, 3003, 1028}
I/ActivityManager(  358): No longer want com.android.providers.calendar (pid 2849): hidden #16
D/ConnectivityService(  358): ConnectivityChange for WIFI: CONNECTED/CONNECTED
D/ConnectivityService(  358): ConnectivityChange for WIFI: CONNECTED/CONNECTED
D/ConnectivityService(  358): handleConnectivityChange: address are the same reset per doReset linkProperty[1]: resetMask=0
D/ConnectivityService(  358): NetTransition Wakelock for WifiStateMachine released by timeout
D/ConnectivityService(  358): handleInetConditionHoldEnd: net=1, condition=100, published condition=0
W/PowerUI (  696): unknown intent: Intent { act=android.intent.action.ACTION_POWER_CONNECTED flg=0x8000010 }
I/WindowManager(  358): Lock screen displayed!
I/LocationManagerService(  358): remove passive (pid 23352), next minTime = 0
I/LocationManagerService(  358): request passive (pid 23352) 0 0
D/PhoneStatusBar(  696): addNotification score=-20
D/PhoneStatusBar(  696): addNotification score=-10
D/PhoneStatusBar(  696): disable: < expand icons alerts ticker system_info BACK HOME recent* CLOCK >
D/PhoneStatusBar(  696): disable: < expand icons alerts ticker system_info back* home* recent clock* >
W/InputMethodManagerService(  358): Window already focused, ignoring focus gain of: com.android.internal.view.IInputMethodClient$Stub$Proxy@428c67c0 attribute=android.view.inputmethod.EditorInfo@42b92520
D/PhoneStatusBar(  696): disable: < expand icons alerts ticker system_info back home RECENT* clock >
D/PhoneStatusBar(  696): disable: < expand icons alerts ticker system_info BACK* HOME* RECENT CLOCK* >
W/ThrottleService(  358): unable to find stats for iface rmnet0
D/BackupManagerService(  358): Now staging backup of android
I/ActivityManager(  358): Start proc com.android.defcontainer for service com.android.defcontainer/.DefaultContainerService: pid=5117 uid=10011 gids={1015, 2001, 1028}
W/ActivityManager(  358): No content provider found for permission revoke: file:///data/local/tmp/SDLApp-debug.apk
W/ActivityManager(  358): No content provider found for permission revoke: file:///data/local/tmp/SDLApp-debug.apk
I/ActivityManager(  358): Force stopping package org.libsdl.app uid=10104
I/PackageManager(  358): Package org.libsdl.app codePath changed from /data/app/org.libsdl.app-2.apk to /data/app/org.libsdl.app-1.apk; Retaining data and using new
I/ActivityManager(  358): Force stopping package org.libsdl.app uid=10104
W/PackageManager(  358): Code path for pkg : org.libsdl.app changing from /data/app/org.libsdl.app-2.apk to /data/app/org.libsdl.app-1.apk
W/PackageManager(  358): Resource path for pkg : org.libsdl.app changing from /data/app/org.libsdl.app-2.apk to /data/app/org.libsdl.app-1.apk
I/ActivityManager(  358): Force stopping package org.libsdl.app uid=10104
D/BackupManagerService(  358): Received broadcast Intent { act=android.intent.action.PACKAGE_REMOVED dat=package:org.libsdl.app flg=0x8000010 (has extras) }
D/BackupManagerService(  358): Received broadcast Intent { act=android.intent.action.PACKAGE_ADDED dat=package:org.libsdl.app flg=0x8000010 (has extras) }
V/BackupManagerService(  358): removePackageParticipantsLocked: uid=10104 #1
V/BackupManagerService(  358): addPackageParticipantsLocked: #1
I/ActivityManager(  358): Start proc com.android.keychain for broadcast com.android.keychain/.KeyChainBroadcastReceiver: pid=5134 uid=1000 gids={1015, 3002, 3001, 3003, 1028, 3007}
I/ActivityManager(  358): Start proc com.android.musicfx for broadcast com.android.musicfx/.Compatibility$Receiver: pid=5154 uid=10037 gids={3003, 3002, 1028}
I/ActivityManager(  358): No longer want com.google.android.apps.maps:GoogleLocationService (pid 23352): hidden #16
I/LocationManagerService(  358): remove passive (pid 358), next minTime = 0
I/ActivityManager(  358): Start proc jp.co.omronsoft.iwnnime.ml for broadcast jp.co.omronsoft.iwnnime.ml/.UninstallReceiver: pid=5171 uid=10058 gids={1028}
W/ActivityManager(  358): Scheduling restart of crashed service com.google.android.apps.maps/com.google.android.location.internal.server.GoogleLocationService in 5000ms
I/ActivityManager(  358): No longer want com.google.android.calendar (pid 2879): hidden #16
I/ActivityManager(  358): No longer want com.sega.soniccd (pid 4671): hidden #16
W/ActivityManager(  358): Scheduling restart of crashed service com.sega.soniccd/.GameDownloaderService in 14741ms
I/ActivityManager(  358): Start proc com.google.android.partnersetup for broadcast com.google.android.partnersetup/.RlzPingBroadcastReceiver: pid=5191 uid=10023 gids={3003, 1028}
I/ActivityManager(  358): No longer want com.touchtype.swiftkey (pid 2669): hidden #16
I/ActivityManager(  358): Start proc com.google.android.apps.maps:FriendService for broadcast com.google.android.apps.maps/com.google.googlenav.friend.android.ServiceReceiver: pid=5209 uid=10034 gids={3003, 1015, 1028}
I/ActivityManager(  358): Start proc com.google.android.apps.maps:GoogleLocationService for service com.google.android.apps.maps/com.google.android.location.internal.server.GoogleLocationService: pid=5226 uid=10034 gids={3003, 1015, 1028}
I/ActivityManager(  358): Start proc com.google.android.apps.maps:LocationFriendService for broadcast com.google.android.apps.maps/com.google.googlenav.friend.reporting.LocationReportingIntentReceiver: pid=5238 uid=10034 gids={3003, 1015, 1028}
I/ActivityManager(  358): No longer want com.google.android.apps.docs (pid 744): hidden #16
I/ActivityManager(  358): No longer want com.google.android.talk (pid 2937): hidden #16
I/LocationManagerService(  358): request passive (pid 5226) 0 0
I/WindowManager(  358): Lock screen displayed!
I/ActivityManager(  358): No longer want com.google.android.apps.uploader (pid 2594): hidden #16
D/PhoneStatusBar(  696): disable: < expand icons alerts ticker system_info BACK HOME recent* CLOCK >
D/PhoneStatusBar(  696): disable: < expand icons alerts ticker system_info back* home* recent clock* >
W/InputMethodManagerService(  358): Window already focused, ignoring focus gain of: com.android.internal.view.IInputMethodClient$Stub$Proxy@42c60098 attribute=android.view.inputmethod.EditorInfo@42c0c808
I/ActivityManager(  358): Start proc com.google.android.calendar for service com.google.android.calendar/com.android.calendar.widget.CalendarAppWidgetService: pid=5293 uid=10006 gids={3003, 1028}
I/ActivityManager(  358): Start proc com.android.chrome for service com.android.chrome/com.google.android.apps.chrome.appwidget.bookmarks.BookmarkThumbnailWidgetService: pid=5311 uid=10009 gids={3003, 1015, 1028}
I/ActivityManager(  358): Start proc com.android.providers.calendar for content provider com.android.providers.calendar/.CalendarProvider2: pid=5327 uid=10007 gids={3003, 1015, 1028}
I/ActivityManager(  358): START {act=android.intent.action.MAIN cat=[android.intent.category.LAUNCHER] flg=0x10200000 cmp=org.libsdl.app/.SDLActivity bnds=[528,115][656,243] u=0} from pid 16485
I/ActivityManager(  358): Start proc org.libsdl.app for activity org.libsdl.app/.SDLActivity: pid=5379 uid=10104 gids={1015, 1028}
I/WindowManager(  358): WINDOW DIED Window{42c73a50 org.libsdl.app/org.libsdl.app.SDLActivity paused=false}
W/WindowManager(  358): Force-removing child win Window{42c7fce0 SurfaceView paused=false} from container Window{42c73a50 org.libsdl.app/org.libsdl.app.SDLActivity paused=false}
I/ActivityManager(  358): Process org.libsdl.app (pid 5379) has died.
W/ActivityManager(  358): Force removing ActivityRecord{431839f0 org.libsdl.app/.SDLActivity}: app died, no saved state
W/WindowManager(  358): Failed looking up window
W/WindowManager(  358): java.lang.IllegalArgumentException: Requested window android.os.BinderProxy@42c7fb30 does not exist
W/WindowManager(  358): 	at com.android.server.wm.WindowManagerService.windowForClientLocked(WindowManagerService.java:7640)
W/WindowManager(  358): 	at com.android.server.wm.WindowManagerService.windowForClientLocked(WindowManagerService.java:7631)
W/WindowManager(  358): 	at com.android.server.wm.WindowState$DeathRecipient.binderDied(WindowState.java:854)
W/WindowManager(  358): 	at android.os.BinderProxy.sendDeathNotice(Binder.java:449)
W/WindowManager(  358): 	at dalvik.system.NativeStart.run(Native Method)
I/WindowState(  358): WIN DEATH: null
W/WindowManager(  358): Failed looking up window
W/WindowManager(  358): java.lang.IllegalArgumentException: Requested window android.os.BinderProxy@428d8660 does not exist
W/WindowManager(  358): 	at com.android.server.wm.WindowManagerService.windowForClientLocked(WindowManagerService.java:7640)
W/WindowManager(  358): 	at com.android.server.wm.WindowManagerService.windowForClientLocked(WindowManagerService.java:7631)
W/WindowManager(  358): 	at com.android.server.wm.WindowState$DeathRecipient.binderDied(WindowState.java:854)
W/WindowManager(  358): 	at android.os.BinderProxy.sendDeathNotice(Binder.java:449)
W/WindowManager(  358): 	at dalvik.system.NativeStart.run(Native Method)
I/WindowState(  358): WIN DEATH: null
W/InputMethodManagerService(  358): Got RemoteException sending setActive(false) notification to pid 5379 uid 10104
I/ActivityManager(  358): No longer want com.google.android.youtube (pid 2609): hidden #16
D/PhoneStatusBar(  696): disable: < expand icons alerts TICKER* SYSTEM_INFO* back home recent clock >
D/PhoneStatusBar(  696): makeIconsInvisible
I/ActivityManager(  358): No longer want com.android.keychain (pid 5134): hidden #16
I/ActivityManager(  358): Start proc com.sega.soniccd for service com.sega.soniccd/.GameDownloaderService: pid=5431 uid=10098 gids={1015, 3003, 1028}
I/ActivityManager(  358): No longer want jp.co.omronsoft.iwnnime.ml (pid 5171): hidden #16
D/PhoneStatusBar(  696): disable: < expand icons alerts ticker* system_info* back home recent clock >
W/InputMethodManagerService(  358): Window already focused, ignoring focus gain of: com.android.internal.view.IInputMethodClient$Stub$Proxy@42c7c3d8 attribute=null
I/ActivityManager(  358): START {act=android.intent.action.MAIN cat=[android.intent.category.LAUNCHER] flg=0x10200000 cmp=org.libsdl.app/.SDLActivity bnds=[528,115][656,243] u=0} from pid 16485
I/ActivityManager(  358): Start proc org.libsdl.app for activity org.libsdl.app/.SDLActivity: pid=5608 uid=10104 gids={1015, 1028}
I/ActivityManager(  358): No longer want com.google.android.gallery3d (pid 2573): hidden #16
I/ActivityManager(  358): Process org.libsdl.app (pid 5608) has died.
W/ActivityManager(  358): Force removing ActivityRecord{425f5240 org.libsdl.app/.SDLActivity}: app died, no saved state
I/WindowState(  358): WIN DEATH: Window{4265f398 SurfaceView paused=false}
I/WindowManager(  358): WINDOW DIED Window{42653e28 org.libsdl.app/org.libsdl.app.SDLActivity paused=false}
W/WindowManager(  358): Failed looking up window
W/WindowManager(  358): java.lang.IllegalArgumentException: Requested window android.os.BinderProxy@4272a500 does not exist
W/WindowManager(  358): 	at com.android.server.wm.WindowManagerService.windowForClientLocked(WindowManagerService.java:7640)
W/WindowManager(  358): 	at com.android.server.wm.WindowManagerService.windowForClientLocked(WindowManagerService.java:7631)
W/WindowManager(  358): 	at com.android.server.wm.WindowState$DeathRecipient.binderDied(WindowState.java:854)
W/WindowManager(  358): 	at android.os.BinderProxy.sendDeathNotice(Binder.java:449)
W/WindowManager(  358): 	at dalvik.system.NativeStart.run(Native Method)
I/WindowState(  358): WIN DEATH: null
W/InputMethodManagerService(  358): Got RemoteException sending setActive(false) notification to pid 5608 uid 10104
W/ActivityManager(  358): No content provider found for permission revoke: file:///data/local/tmp/SDLApp-debug.apk
W/ActivityManager(  358): No content provider found for permission revoke: file:///data/local/tmp/SDLApp-debug.apk
I/ActivityManager(  358): Force stopping package org.libsdl.app uid=10104
I/PackageManager(  358): Package org.libsdl.app codePath changed from /data/app/org.libsdl.app-1.apk to /data/app/org.libsdl.app-2.apk; Retaining data and using new
W/PackageManager(  358): Code path for pkg : org.libsdl.app changing from /data/app/org.libsdl.app-1.apk to /data/app/org.libsdl.app-2.apk
W/PackageManager(  358): Resource path for pkg : org.libsdl.app changing from /data/app/org.libsdl.app-1.apk to /data/app/org.libsdl.app-2.apk
I/ActivityManager(  358): Force stopping package org.libsdl.app uid=10104
I/ActivityManager(  358): Force stopping package org.libsdl.app uid=10104
I/ActivityManager(  358): Start proc com.google.android.gallery3d for broadcast com.google.android.gallery3d/com.android.gallery3d.app.PackagesMonitor: pid=5677 uid=10017 gids={1006, 3003, 1015, 1028}
D/BackupManagerService(  358): Received broadcast Intent { act=android.intent.action.PACKAGE_REMOVED dat=package:org.libsdl.app flg=0x8000010 (has extras) }
D/BackupManagerService(  358): Received broadcast Intent { act=android.intent.action.PACKAGE_ADDED dat=package:org.libsdl.app flg=0x8000010 (has extras) }
V/BackupManagerService(  358): removePackageParticipantsLocked: uid=10104 #1
V/BackupManagerService(  358): addPackageParticipantsLocked: #1
I/ActivityManager(  358): Start proc com.android.keychain for broadcast com.android.keychain/.KeyChainBroadcastReceiver: pid=5699 uid=1000 gids={1015, 3002, 3001, 3003, 1028, 3007}
I/ActivityManager(  358): Start proc jp.co.omronsoft.iwnnime.ml for broadcast jp.co.omronsoft.iwnnime.ml/.UninstallReceiver: pid=5713 uid=10058 gids={1028}
I/ActivityManager(  358): No longer want com.google.android.partnersetup (pid 5191): hidden #16
I/ActivityManager(  358): No longer want com.google.android.apps.plus (pid 2649): hidden #16
W/BroadcastQueue(  358): Exception when sending broadcast to ComponentInfo{com.google.android.apps.plus/com.google.android.apps.plus.service.PackagesMediaMonitor}
W/BroadcastQueue(  358): android.os.DeadObjectException
W/BroadcastQueue(  358): 	at android.os.BinderProxy.transact(Native Method)
W/BroadcastQueue(  358): 	at android.app.ApplicationThreadProxy.scheduleReceiver(ApplicationThreadNative.java:767)
W/BroadcastQueue(  358): 	at com.android.server.am.BroadcastQueue.processCurBroadcastLocked(BroadcastQueue.java:220)
W/BroadcastQueue(  358): 	at com.android.server.am.BroadcastQueue.processNextBroadcast(BroadcastQueue.java:750)
W/BroadcastQueue(  358): 	at com.android.server.am.ActivityManagerService.finishReceiver(ActivityManagerService.java:13281)
W/BroadcastQueue(  358): 	at android.app.ActivityManagerNative.onTransact(ActivityManagerNative.java:346)
W/BroadcastQueue(  358): 	at com.android.server.am.ActivityManagerService.onTransact(ActivityManagerService.java:1611)
W/BroadcastQueue(  358): 	at android.os.Binder.execTransact(Binder.java:367)
W/BroadcastQueue(  358): 	at dalvik.system.NativeStart.run(Native Method)
I/ActivityManager(  358): Start proc com.google.android.apps.plus for broadcast com.google.android.apps.plus/.service.PackagesMediaMonitor: pid=5730 uid=10044 gids={3003, 3002, 1015, 1006, 1028}
I/ActivityManager(  358): Process com.google.android.apps.plus (pid 2649) has died and restarted (pid 5730).
I/ActivityManager(  358): Start proc com.google.android.partnersetup for broadcast com.google.android.partnersetup/.RlzPingBroadcastReceiver: pid=5749 uid=10023 gids={3003, 1028}
I/ActivityManager(  358): No longer want com.google.android.apps.maps:FriendService (pid 5209): hidden #16
I/ActivityManager(  358): Start proc com.google.android.apps.maps:FriendService for broadcast com.google.android.apps.maps/com.google.googlenav.friend.android.ServiceReceiver: pid=5767 uid=10034 gids={3003, 1015, 1028}
I/ActivityManager(  358): No longer want com.google.android.gsf.login (pid 3016): hidden #16
I/ActivityManager(  358): No longer want com.google.android.apps.reader (pid 4108): hidden #16
I/WindowManager(  358): No lock screen!
W/ActivityManager(  358): No content provider found for permission revoke: file:///data/local/tmp/SDLApp-debug.apk
W/ActivityManager(  358): No content provider found for permission revoke: file:///data/local/tmp/SDLApp-debug.apk
I/ActivityManager(  358): Force stopping package org.libsdl.app uid=10104
I/PackageManager(  358): Package org.libsdl.app codePath changed from /data/app/org.libsdl.app-2.apk to /data/app/org.libsdl.app-1.apk; Retaining data and using new
I/ActivityManager(  358): Force stopping package org.libsdl.app uid=10104
W/PackageManager(  358): Code path for pkg : org.libsdl.app changing from /data/app/org.libsdl.app-2.apk to /data/app/org.libsdl.app-1.apk
W/PackageManager(  358): Resource path for pkg : org.libsdl.app changing from /data/app/org.libsdl.app-2.apk to /data/app/org.libsdl.app-1.apk
I/ActivityManager(  358): Force stopping package org.libsdl.app uid=10104
D/BackupManagerService(  358): Received broadcast Intent { act=android.intent.action.PACKAGE_REMOVED dat=package:org.libsdl.app flg=0x8000010 (has extras) }
D/BackupManagerService(  358): Received broadcast Intent { act=android.intent.action.PACKAGE_ADDED dat=package:org.libsdl.app flg=0x8000010 (has extras) }
V/BackupManagerService(  358): removePackageParticipantsLocked: uid=10104 #1
V/BackupManagerService(  358): addPackageParticipantsLocked: #1
I/ActivityManager(  358): START {act=android.intent.action.MAIN cat=[android.intent.category.LAUNCHER] flg=0x10200000 cmp=org.libsdl.app/.SDLActivity bnds=[528,115][656,243] u=0} from pid 16485
I/ActivityManager(  358): Start proc org.libsdl.app for activity org.libsdl.app/.SDLActivity: pid=5939 uid=10104 gids={1015, 1028}
I/WindowManager(  358): WINDOW DIED Window{4267cb18 org.libsdl.app/org.libsdl.app.SDLActivity paused=false}
W/WindowManager(  358): Force-removing child win Window{42696e00 SurfaceView paused=false} from container Window{4267cb18 org.libsdl.app/org.libsdl.app.SDLActivity paused=false}
I/ActivityManager(  358): Process org.libsdl.app (pid 5939) has died.
W/ActivityManager(  358): Force removing ActivityRecord{4257bee0 org.libsdl.app/.SDLActivity}: app died, no saved state
W/WindowManager(  358): Failed looking up window
W/WindowManager(  358): java.lang.IllegalArgumentException: Requested window android.os.BinderProxy@43310858 does not exist
W/WindowManager(  358): 	at com.android.server.wm.WindowManagerService.windowForClientLocked(WindowManagerService.java:7640)
W/WindowManager(  358): 	at com.android.server.wm.WindowManagerService.windowForClientLocked(WindowManagerService.java:7631)
W/WindowManager(  358): 	at com.android.server.wm.WindowState$DeathRecipient.binderDied(WindowState.java:854)
W/WindowManager(  358): 	at android.os.BinderProxy.sendDeathNotice(Binder.java:449)
W/WindowManager(  358): 	at com.android.server.SystemServer.init1(Native Method)
W/WindowManager(  358): 	at com.android.server.SystemServer.main(SystemServer.java:939)
W/WindowManager(  358): 	at java.lang.reflect.Method.invokeNative(Native Method)
W/WindowManager(  358): 	at java.lang.reflect.Method.invoke(Method.java:511)
W/WindowManager(  358): 	at com.android.internal.os.ZygoteInit$MethodAndArgsCaller.run(ZygoteInit.java:786)
W/WindowManager(  358): 	at com.android.internal.os.ZygoteInit.main(ZygoteInit.java:553)
W/WindowManager(  358): 	at dalvik.system.NativeStart.main(Native Method)
I/WindowState(  358): WIN DEATH: null
W/WindowManager(  358): Failed looking up window
W/WindowManager(  358): java.lang.IllegalArgumentException: Requested window android.os.BinderProxy@433cd780 does not exist
W/WindowManager(  358): 	at com.android.server.wm.WindowManagerService.windowForClientLocked(WindowManagerService.java:7640)
W/WindowManager(  358): 	at com.android.server.wm.WindowManagerService.windowForClientLocked(WindowManagerService.java:7631)
W/WindowManager(  358): 	at com.android.server.wm.WindowState$DeathRecipient.binderDied(WindowState.java:854)
W/WindowManager(  358): 	at android.os.BinderProxy.sendDeathNotice(Binder.java:449)
W/WindowManager(  358): 	at dalvik.system.NativeStart.run(Native Method)
I/WindowState(  358): WIN DEATH: null
W/InputMethodManagerService(  358): Got RemoteException sending setActive(false) notification to pid 5939 uid 10104
W/ActivityManager(  358): No content provider found for permission revoke: file:///data/local/tmp/SDLApp-debug.apk
W/ActivityManager(  358): No content provider found for permission revoke: file:///data/local/tmp/SDLApp-debug.apk
I/ActivityManager(  358): Force stopping package org.libsdl.app uid=10104
I/PackageManager(  358): Package org.libsdl.app codePath changed from /data/app/org.libsdl.app-1.apk to /data/app/org.libsdl.app-2.apk; Retaining data and using new
W/PackageManager(  358): Code path for pkg : org.libsdl.app changing from /data/app/org.libsdl.app-1.apk to /data/app/org.libsdl.app-2.apk
I/ActivityManager(  358): Force stopping package org.libsdl.app uid=10104
W/PackageManager(  358): Resource path for pkg : org.libsdl.app changing from /data/app/org.libsdl.app-1.apk to /data/app/org.libsdl.app-2.apk
I/ActivityManager(  358): Force stopping package org.libsdl.app uid=10104
D/BackupManagerService(  358): Received broadcast Intent { act=android.intent.action.PACKAGE_REMOVED dat=package:org.libsdl.app flg=0x8000010 (has extras) }
D/BackupManagerService(  358): Received broadcast Intent { act=android.intent.action.PACKAGE_ADDED dat=package:org.libsdl.app flg=0x8000010 (has extras) }
V/BackupManagerService(  358): removePackageParticipantsLocked: uid=10104 #1
V/BackupManagerService(  358): addPackageParticipantsLocked: #1
I/ActivityManager(  358): START {act=android.intent.action.MAIN cat=[android.intent.category.LAUNCHER] flg=0x10200000 cmp=org.libsdl.app/.SDLActivity bnds=[528,115][656,243] u=0} from pid 16485
I/ActivityManager(  358): Start proc org.libsdl.app for activity org.libsdl.app/.SDLActivity: pid=6023 uid=10104 gids={1015, 1028}
I/ActivityManager(  358): Process org.libsdl.app (pid 6023) has died.
I/WindowState(  358): WIN DEATH: Window{42b02118 org.libsdl.app/org.libsdl.app.SDLActivity paused=false}
W/ActivityManager(  358): Force removing ActivityRecord{428a1470 org.libsdl.app/.SDLActivity}: app died, no saved state
W/WindowManager(  358): Force-removing child win Window{42b0f198 SurfaceView paused=false} from container Window{42b02118 org.libsdl.app/org.libsdl.app.SDLActivity paused=false}
W/WindowManager(  358): Failed looking up window
W/WindowManager(  358): java.lang.IllegalArgumentException: Requested window android.os.BinderProxy@42536620 does not exist
W/WindowManager(  358): 	at com.android.server.wm.WindowManagerService.windowForClientLocked(WindowManagerService.java:7640)
W/WindowManager(  358): 	at com.android.server.wm.WindowManagerService.windowForClientLocked(WindowManagerService.java:7631)
W/WindowManager(  358): 	at com.android.server.wm.WindowState$DeathRecipient.binderDied(WindowState.java:854)
W/WindowManager(  358): 	at android.os.BinderProxy.sendDeathNotice(Binder.java:449)
W/WindowManager(  358): 	at dalvik.system.NativeStart.run(Native Method)
I/WindowState(  358): WIN DEATH: null
W/InputMethodManagerService(  358): Got RemoteException sending setActive(false) notification to pid 6023 uid 10104
I/ActivityManager(  358): Start proc com.google.android.gsf.login for service com.google.android.gsf.login/com.google.android.gsf.loginservice.GoogleLoginService: pid=6229 uid=10019 gids={3003, 1015, 1028, 1007, 2001, 3006}
D/PhoneStatusBar(  696): disable: < expand icons alerts ticker system_info back home RECENT* clock >
D/PhoneStatusBar(  696): disable: < expand icons alerts ticker system_info BACK* HOME* RECENT CLOCK* >
I/ActivityManager(  358): No longer want com.sega.soniccd (pid 5431): hidden #16
W/ActivityManager(  358): Scheduling restart of crashed service com.sega.soniccd/.GameDownloaderService in 5000ms
W/ActivityManager(  358): No content provider found for permission revoke: file:///data/local/tmp/SDLApp-debug.apk
W/ActivityManager(  358): No content provider found for permission revoke: file:///data/local/tmp/SDLApp-debug.apk
I/ActivityManager(  358): Force stopping package org.libsdl.app uid=10104
I/PackageManager(  358): Package org.libsdl.app codePath changed from /data/app/org.libsdl.app-2.apk to /data/app/org.libsdl.app-1.apk; Retaining data and using new
I/ActivityManager(  358): Force stopping package org.libsdl.app uid=10104
W/PackageManager(  358): Code path for pkg : org.libsdl.app changing from /data/app/org.libsdl.app-2.apk to /data/app/org.libsdl.app-1.apk
W/PackageManager(  358): Resource path for pkg : org.libsdl.app changing from /data/app/org.libsdl.app-2.apk to /data/app/org.libsdl.app-1.apk
I/ActivityManager(  358): Force stopping package org.libsdl.app uid=10104
D/BackupManagerService(  358): Received broadcast Intent { act=android.intent.action.PACKAGE_REMOVED dat=package:org.libsdl.app flg=0x8000010 (has extras) }
D/BackupManagerService(  358): Received broadcast Intent { act=android.intent.action.PACKAGE_ADDED dat=package:org.libsdl.app flg=0x8000010 (has extras) }
V/BackupManagerService(  358): removePackageParticipantsLocked: uid=10104 #1
V/BackupManagerService(  358): addPackageParticipantsLocked: #1
I/ActivityManager(  358): Start proc com.sega.soniccd for service com.sega.soniccd/.GameDownloaderService: pid=6276 uid=10098 gids={1015, 3003, 1028}
I/WindowManager(  358): Lock screen displayed!
I/ActivityManager(  358): No longer want com.google.android.calendar (pid 5293): hidden #16
D/PhoneStatusBar(  696): disable: < expand icons alerts ticker system_info BACK HOME recent* CLOCK >
D/PhoneStatusBar(  696): disable: < expand icons alerts ticker system_info back* home* recent clock* >
W/InputMethodManagerService(  358): Window already focused, ignoring focus gain of: com.android.internal.view.IInputMethodClient$Stub$Proxy@42584550 attribute=android.view.inputmethod.EditorInfo@425803b0
I/ActivityManager(  358): Start proc com.google.android.calendar for service com.google.android.calendar/com.android.calendar.widget.CalendarAppWidgetService: pid=6300 uid=10006 gids={3003, 1028}
I/ActivityManager(  358): Start proc com.google.android.apps.reader for service com.google.android.apps.reader/.appwidget.NewsListWidgetRemoteViewsService: pid=6313 uid=10066 gids={3003, 1028}
I/ActivityManager(  358): START {act=android.intent.action.MAIN cat=[android.intent.category.LAUNCHER] flg=0x10200000 cmp=org.libsdl.app/.SDLActivity bnds=[528,115][656,243] u=0} from pid 16485
I/ActivityManager(  358): Start proc org.libsdl.app for activity org.libsdl.app/.SDLActivity: pid=6336 uid=10104 gids={1015, 1028}
I/WindowState(  358): WIN DEATH: Window{4291b8c8 org.libsdl.app/org.libsdl.app.SDLActivity paused=false}
I/ActivityManager(  358): Process org.libsdl.app (pid 6336) has died.
W/WindowManager(  358): Force-removing child win Window{42925808 SurfaceView paused=false} from container Window{4291b8c8 org.libsdl.app/org.libsdl.app.SDLActivity paused=false}
W/ActivityManager(  358): Force removing ActivityRecord{4266b390 org.libsdl.app/.SDLActivity}: app died, no saved state
W/WindowManager(  358): Failed looking up window
W/WindowManager(  358): java.lang.IllegalArgumentException: Requested window android.os.BinderProxy@42c9bc98 does not exist
W/WindowManager(  358): 	at com.android.server.wm.WindowManagerService.windowForClientLocked(WindowManagerService.java:7640)
W/WindowManager(  358): 	at com.android.server.wm.WindowManagerService.windowForClientLocked(WindowManagerService.java:7631)
W/WindowManager(  358): 	at com.android.server.wm.WindowState$DeathRecipient.binderDied(WindowState.java:854)
W/WindowManager(  358): 	at android.os.BinderProxy.sendDeathNotice(Binder.java:449)
W/WindowManager(  358): 	at dalvik.system.NativeStart.run(Native Method)
I/WindowState(  358): WIN DEATH: null
W/InputMethodManagerService(  358): Got RemoteException sending setActive(false) notification to pid 6336 uid 10104
I/ActivityManager(  358): No longer want com.rb.wifiwidget (pid 2522): hidden #16
I/ActivityManager(  358): No longer want com.google.android.gsf.login (pid 6229): hidden #16
I/ActivityManager(  358): Start proc com.rb.wifiwidget for broadcast com.rb.wifiwidget/.WifiWidget_4x1: pid=6363 uid=10071 gids={1028}
I/ActivityManager(  358): No longer want com.android.keychain (pid 5699): hidden #16
I/ActivityManager(  358): START {act=android.intent.action.MAIN cat=[android.intent.category.LAUNCHER] flg=0x10200000 cmp=org.libsdl.app/.SDLActivity bnds=[528,115][656,243] u=0} from pid 16485
I/ActivityManager(  358): Start proc org.libsdl.app for activity org.libsdl.app/.SDLActivity: pid=6416 uid=10104 gids={1015, 1028}
I/ActivityManager(  358): Process org.libsdl.app (pid 6416) has died.
I/WindowState(  358): WIN DEATH: Window{42f5ebe8 SurfaceView paused=false}
W/ActivityManager(  358): Force removing ActivityRecord{42efb540 org.libsdl.app/.SDLActivity}: app died, no saved state
I/WindowState(  358): WIN DEATH: Window{42d09428 org.libsdl.app/org.libsdl.app.SDLActivity paused=false}
I/WindowManager(  358): WINDOW DIED Window{42d09428 org.libsdl.app/org.libsdl.app.SDLActivity paused=false}
W/InputMethodManagerService(  358): Got RemoteException sending setActive(false) notification to pid 6416 uid 10104
W/ThrottleService(  358): unable to find stats for iface rmnet0
I/ActivityManager(  358): Start proc com.google.android.gsf.login for service com.google.android.gsf.login/com.google.android.gsf.loginservice.GoogleLoginService: pid=6534 uid=10019 gids={3003, 1015, 1028, 1007, 2001, 3006}
D/PhoneStatusBar(  696): disable: < expand icons alerts ticker system_info back home RECENT* clock >
D/PhoneStatusBar(  696): disable: < expand icons alerts ticker system_info BACK* HOME* RECENT CLOCK* >
I/ActivityManager(  358): No longer want jp.co.omronsoft.iwnnime.ml (pid 5713): hidden #16
I/ActivityManager(  358): No longer want com.disney.WMW (pid 402): hidden #16
W/ActivityManager(  358): Scheduling restart of crashed service com.disney.WMW/com.disney.billing.BillingService in 5000ms
I/ActivityManager(  358): Start proc com.disney.WMW for service com.disney.WMW/com.disney.billing.BillingService: pid=6561 uid=10080 gids={3003, 1015, 1028}
I/ActivityManager(  358): No longer want com.google.android.gallery3d (pid 5677): hidden #16
I/ActivityManager(  358): No longer want com.zeptolab.ctr.paid (pid 828): hidden #17
W/ActivityManager(  358): Scheduling restart of crashed service com.zeptolab.ctr.paid/com.zeptolab.ctr.billing.google.BillingService in 5000ms
I/ActivityManager(  358): Start proc com.zeptolab.ctr.paid for service com.zeptolab.ctr.paid/com.zeptolab.ctr.billing.google.BillingService: pid=6580 uid=10101 gids={3003, 1015, 1028}
W/ActivityManager(  358): No content provider found for permission revoke: file:///data/local/tmp/SDLApp-debug.apk
W/ActivityManager(  358): No content provider found for permission revoke: file:///data/local/tmp/SDLApp-debug.apk
I/ActivityManager(  358): Force stopping package org.libsdl.app uid=10104
I/PackageManager(  358): Package org.libsdl.app codePath changed from /data/app/org.libsdl.app-1.apk to /data/app/org.libsdl.app-2.apk; Retaining data and using new
W/PackageManager(  358): Code path for pkg : org.libsdl.app changing from /data/app/org.libsdl.app-1.apk to /data/app/org.libsdl.app-2.apk
I/ActivityManager(  358): Force stopping package org.libsdl.app uid=10104
W/PackageManager(  358): Resource path for pkg : org.libsdl.app changing from /data/app/org.libsdl.app-1.apk to /data/app/org.libsdl.app-2.apk
I/ActivityManager(  358): Force stopping package org.libsdl.app uid=10104
I/ActivityManager(  358): Start proc com.google.android.gallery3d for broadcast com.google.android.gallery3d/com.android.gallery3d.app.PackagesMonitor: pid=6618 uid=10017 gids={1006, 3003, 1015, 1028}
D/BackupManagerService(  358): Received broadcast Intent { act=android.intent.action.PACKAGE_REMOVED dat=package:org.libsdl.app flg=0x8000010 (has extras) }
D/BackupManagerService(  358): Received broadcast Intent { act=android.intent.action.PACKAGE_ADDED dat=package:org.libsdl.app flg=0x8000010 (has extras) }
V/BackupManagerService(  358): removePackageParticipantsLocked: uid=10104 #1
V/BackupManagerService(  358): addPackageParticipantsLocked: #1
I/ActivityManager(  358): Start proc com.android.keychain for broadcast com.android.keychain/.KeyChainBroadcastReceiver: pid=6637 uid=1000 gids={1015, 3002, 3001, 3003, 1028, 3007}
I/ActivityManager(  358): Start proc jp.co.omronsoft.iwnnime.ml for broadcast jp.co.omronsoft.iwnnime.ml/.UninstallReceiver: pid=6651 uid=10058 gids={1028}
I/ActivityManager(  358): No longer want com.google.android.partnersetup (pid 5749): hidden #16
I/ActivityManager(  358): Start proc com.google.android.partnersetup for broadcast com.google.android.partnersetup/.RlzPingBroadcastReceiver: pid=6669 uid=10023 gids={3003, 1028}
I/ActivityManager(  358): No longer want com.google.android.apps.maps:FriendService (pid 5767): hidden #16
I/ActivityManager(  358): Start proc com.google.android.apps.maps:FriendService for broadcast com.google.android.apps.maps/com.google.googlenav.friend.android.ServiceReceiver: pid=6687 uid=10034 gids={3003, 1015, 1028}
I/ActivityManager(  358): No longer want com.sega.soniccd (pid 6276): hidden #16
W/ActivityManager(  358): Scheduling restart of crashed service com.sega.soniccd/.GameDownloaderService in 5000ms
I/ActivityManager(  358): Start proc com.sega.soniccd for service com.sega.soniccd/.GameDownloaderService: pid=6701 uid=10098 gids={1015, 3003, 1028}
I/ActivityManager(  358): No longer want com.android.providers.calendar (pid 5327): hidden #16
I/WindowManager(  358): Lock screen displayed!
I/ActivityManager(  358): No longer want com.android.chrome (pid 5311): hidden #16
D/PhoneStatusBar(  696): disable: < expand icons alerts ticker system_info BACK HOME recent* CLOCK >
D/PhoneStatusBar(  696): disable: < expand icons alerts ticker system_info back* home* recent clock* >
W/InputMethodManagerService(  358): Window already focused, ignoring focus gain of: com.android.internal.view.IInputMethodClient$Stub$Proxy@428d8378 attribute=android.view.inputmethod.EditorInfo@430525e8
I/ActivityManager(  358): Start proc com.android.chrome for service com.android.chrome/com.google.android.apps.chrome.appwidget.bookmarks.BookmarkThumbnailWidgetService: pid=6749 uid=10009 gids={3003, 1015, 1028}
I/ActivityManager(  358): START {act=android.intent.action.MAIN cat=[android.intent.category.LAUNCHER] flg=0x10200000 cmp=org.libsdl.app/.SDLActivity bnds=[528,115][656,243] u=0} from pid 16485
I/ActivityManager(  358): Start proc org.libsdl.app for activity org.libsdl.app/.SDLActivity: pid=6820 uid=10104 gids={1015, 1028}
I/ActivityManager(  358): No longer want com.android.keychain (pid 6637): hidden #16
I/ActivityManager(  358): Config changed: {1.0 998mcc0mnc es_ES sw600dp w961dp h528dp lrg land finger -keyb/v/h -nav/h s.99}
I/ActivityManager(  358): Config changed: {1.0 998mcc0mnc es_ES sw600dp w600dp h880dp lrg port finger -keyb/v/h -nav/h s.100}
W/WindowManager(  358): App freeze timeout expired.
W/WindowManager(  358): Force clearing freeze: AppWindowToken{4306be90 token=Token{4333d7e8 ActivityRecord{42957408 org.libsdl.app/.SDLActivity}}}
W/WindowManager(  358): Window freeze timeout expired.
W/WindowManager(  358): Force clearing orientation change: Window{428cc890 org.libsdl.app/org.libsdl.app.SDLActivity paused=false}
W/WindowManager(  358): Force clearing orientation change: Window{43052910 com.android.phasebeam.PhaseBeamWallpaper paused=false}
I/ActivityManager(  358): No longer want com.twitter.android (pid 3349): hidden #16
I/ActivityManager(  358): Killing 3349:com.twitter.android/u0a83: remove task
I/WindowState(  358): WIN DEATH: Window{425db310 com.twitter.android/com.twitter.android.HomeTabActivity paused=true}
I/ActivityManager(  358): Killing 6749:com.android.chrome/u0a9: remove task
I/ActivityManager(  358): Killing 6618:com.google.android.gallery3d/u0a17: remove task
I/ActivityManager(  358): Killing 6580:com.zeptolab.ctr.paid/u0a101: remove task
W/ActivityManager(  358): Scheduling restart of crashed service com.zeptolab.ctr.paid/com.zeptolab.ctr.billing.google.BillingService in 5000ms
I/ActivityManager(  358): START {act=android.intent.action.MAIN cat=[android.intent.category.HOME] flg=0x10200000 cmp=com.android.launcher/com.android.launcher2.Launcher u=0} from pid 358
W/ActivityManager(  358): Activity pause timeout for ActivityRecord{42957408 org.libsdl.app/.SDLActivity}
W/ActivityManager(  358): Activity destroy timeout for ActivityRecord{42cc3150 com.twitter.android/.HomeTabActivity}
I/ActivityManager(  358): Killing 6820:org.libsdl.app/u0a104: remove task
I/WindowState(  358): WIN DEATH: Window{428cc890 org.libsdl.app/org.libsdl.app.SDLActivity paused=true}
W/WindowManager(  358): Force-removing child win Window{42dffe60 SurfaceView paused=false} from container Window{428cc890 org.libsdl.app/org.libsdl.app.SDLActivity paused=true}
W/WindowManager(  358): Failed looking up window
W/WindowManager(  358): java.lang.IllegalArgumentException: Requested window android.os.BinderProxy@42c80d48 does not exist
W/WindowManager(  358): 	at com.android.server.wm.WindowManagerService.windowForClientLocked(WindowManagerService.java:7640)
W/WindowManager(  358): 	at com.android.server.wm.WindowManagerService.windowForClientLocked(WindowManagerService.java:7631)
W/WindowManager(  358): 	at com.android.server.wm.WindowState$DeathRecipient.binderDied(WindowState.java:854)
W/WindowManager(  358): 	at android.os.BinderProxy.sendDeathNotice(Binder.java:449)
W/WindowManager(  358): 	at dalvik.system.NativeStart.run(Native Method)
I/WindowState(  358): WIN DEATH: null
W/InputMethodManagerService(  358): Window already focused, ignoring focus gain of: com.android.internal.view.IInputMethodClient$Stub$Proxy@42ae5df0 attribute=null
I/ActivityManager(  358): Start proc com.zeptolab.ctr.paid for service com.zeptolab.ctr.paid/com.zeptolab.ctr.billing.google.BillingService: pid=7037 uid=10101 gids={3003, 1015, 1028}
I/ActivityManager(  358): START {act=android.intent.action.MAIN cat=[android.intent.category.LAUNCHER] flg=0x10200000 cmp=org.libsdl.app/.SDLActivity bnds=[528,115][656,243] u=0} from pid 16485
I/ActivityManager(  358): Start proc org.libsdl.app for activity org.libsdl.app/.SDLActivity: pid=7074 uid=10104 gids={1015, 1028}
I/ActivityManager(  358): START {act=android.intent.action.MAIN cat=[android.intent.category.HOME] flg=0x10200000 cmp=com.android.launcher/com.android.launcher2.Launcher u=0} from pid 358
I/ActivityManager(  358): Killing 7074:org.libsdl.app/u0a104: remove task
I/WindowManager(  358): WINDOW DIED Window{42696e00 org.libsdl.app/org.libsdl.app.SDLActivity paused=true}
W/WindowManager(  358): Force-removing child win Window{427ed170 SurfaceView paused=false} from container Window{42696e00 org.libsdl.app/org.libsdl.app.SDLActivity paused=true}
W/WindowManager(  358): Failed looking up window
W/WindowManager(  358): java.lang.IllegalArgumentException: Requested window android.os.BinderProxy@4287d4c0 does not exist
W/WindowManager(  358): 	at com.android.server.wm.WindowManagerService.windowForClientLocked(WindowManagerService.java:7640)
W/WindowManager(  358): 	at com.android.server.wm.WindowManagerService.windowForClientLocked(WindowManagerService.java:7631)
W/WindowManager(  358): 	at com.android.server.wm.WindowState$DeathRecipient.binderDied(WindowState.java:854)
W/WindowManager(  358): 	at android.os.BinderProxy.sendDeathNotice(Binder.java:449)
W/WindowManager(  358): 	at dalvik.system.NativeStart.run(Native Method)
I/WindowState(  358): WIN DEATH: null
W/InputMethodManagerService(  358): Window already focused, ignoring focus gain of: com.android.internal.view.IInputMethodClient$Stub$Proxy@428cd758 attribute=null
W/ActivityManager(  358): Activity destroy timeout for ActivityRecord{4265fdf8 org.libsdl.app/.SDLActivity}
D/PhoneStatusBar(  696): disable: < expand icons alerts TICKER* SYSTEM_INFO* back home recent clock >
W/InputMethodManagerService(  358): Window already focused, ignoring focus gain of: com.android.internal.view.IInputMethodClient$Stub$Proxy@42a6f578 attribute=null
D/PhoneStatusBar(  696): disable: < expand icons alerts ticker* system_info* back home recent clock >
D/PhoneStatusBar(  696): disable: < expand icons alerts TICKER* SYSTEM_INFO* back home recent clock >
W/InputMethodManagerService(  358): Window already focused, ignoring focus gain of: com.android.internal.view.IInputMethodClient$Stub$Proxy@42650888 attribute=null
D/PhoneStatusBar(  696): disable: < expand icons alerts ticker* system_info* back home recent clock >
D/PhoneStatusBar(  696): disable: < expand icons alerts TICKER* SYSTEM_INFO* back home recent clock >
D/PhoneStatusBar(  696): makeIconsInvisible
W/InputMethodManagerService(  358): Window already focused, ignoring focus gain of: com.android.internal.view.IInputMethodClient$Stub$Proxy@42581790 attribute=null
D/PhoneStatusBar(  696): disable: < expand icons alerts ticker* system_info* back home recent clock >
W/ThrottleService(  358): unable to find stats for iface rmnet0
D/PhoneStatusBar(  696): disable: < expand icons alerts ticker system_info back home RECENT* clock >
D/PhoneStatusBar(  696): disable: < expand icons alerts ticker system_info BACK* HOME* RECENT CLOCK* >
W/ActivityManager(  358): No content provider found for permission revoke: file:///data/local/tmp/SDLApp-debug.apk
W/ActivityManager(  358): No content provider found for permission revoke: file:///data/local/tmp/SDLApp-debug.apk
I/ActivityManager(  358): Force stopping package org.libsdl.app uid=10104
I/PackageManager(  358): Package org.libsdl.app codePath changed from /data/app/org.libsdl.app-2.apk to /data/app/org.libsdl.app-1.apk; Retaining data and using new
I/ActivityManager(  358): Force stopping package org.libsdl.app uid=10104
W/PackageManager(  358): Code path for pkg : org.libsdl.app changing from /data/app/org.libsdl.app-2.apk to /data/app/org.libsdl.app-1.apk
W/PackageManager(  358): Resource path for pkg : org.libsdl.app changing from /data/app/org.libsdl.app-2.apk to /data/app/org.libsdl.app-1.apk
I/ActivityManager(  358): Force stopping package org.libsdl.app uid=10104
I/ActivityManager(  358): Start proc com.google.android.gallery3d for broadcast com.google.android.gallery3d/com.android.gallery3d.app.PackagesMonitor: pid=7579 uid=10017 gids={1006, 3003, 1015, 1028}
D/BackupManagerService(  358): Received broadcast Intent { act=android.intent.action.PACKAGE_REMOVED dat=package:org.libsdl.app flg=0x8000010 (has extras) }
D/BackupManagerService(  358): Received broadcast Intent { act=android.intent.action.PACKAGE_ADDED dat=package:org.libsdl.app flg=0x8000010 (has extras) }
V/BackupManagerService(  358): removePackageParticipantsLocked: uid=10104 #1
V/BackupManagerService(  358): addPackageParticipantsLocked: #1
I/ActivityManager(  358): Start proc com.android.keychain for broadcast com.android.keychain/.KeyChainBroadcastReceiver: pid=7596 uid=1000 gids={1015, 3002, 3001, 3003, 1028, 3007}
I/ActivityManager(  358): Start proc com.android.providers.calendar for content provider com.android.providers.calendar/.CalendarProvider2: pid=7630 uid=10007 gids={3003, 1015, 1028}
I/ActivityManager(  358): No longer want com.sega.soniccd (pid 6701): hidden #16
W/ActivityManager(  358): Scheduling restart of crashed service com.sega.soniccd/.GameDownloaderService in 5000ms
D/PhoneStatusBar(  696): addNotification score=0
I/ActivityManager(  358): Start proc com.sega.soniccd for service com.sega.soniccd/.GameDownloaderService: pid=7657 uid=10098 gids={1015, 3003, 1028}
I/ActivityManager(  358): No longer want com.google.android.apps.reader (pid 6313): hidden #16
D/ConnectivityService(  358): ConnectivityChange for WIFI: CONNECTED/CONNECTED
D/ConnectivityService(  358): handleConnectivityChange: address are the same reset per doReset linkProperty[1]: resetMask=0
D/ConnectivityService(  358): ConnectivityChange for WIFI: CONNECTED/CONNECTED
D/ConnectivityService(  358): handleConnectivityChange: address are the same reset per doReset linkProperty[1]: resetMask=0
D/ConnectivityService(  358): NetTransition Wakelock for WifiStateMachine released by timeout
I/ActivityManager(  358): Start proc com.google.android.apps.uploader for broadcast com.google.android.apps.uploader/com.google.android.picasasync.ConnectivityReceiver: pid=7746 uid=10035 gids={3003, 1015, 1028}
I/ActivityManager(  358): Start proc com.google.android.youtube for broadcast com.google.android.youtube/.app.prefetch.PrefetchService$DeviceStateReceiver: pid=7758 uid=10057 gids={3003, 1015, 1006, 1028}
D/ConnectivityService(  358): handleInetConditionHoldEnd: net=1, condition=100, published condition=0
I/ActivityManager(  358): Start proc com.google.android.apps.docs for broadcast com.google.android.apps.docs/.receivers.NetworkChangeReceiver: pid=7797 uid=10085 gids={3003, 1015, 1006, 1028}
