--------- beginning of /dev/log/system
I/ActivityManager(  358): No longer want com.google.android.talk (pid 17409): hidden #16
I/ActivityManager(  358): No longer want com.google.android.youtube (pid 17490): hidden #16
I/ActivityManager(  358): No longer want com.sega.soniccd (pid 17607): hidden #16
W/ActivityManager(  358): Scheduling restart of crashed service com.sega.soniccd/.GameDownloaderService in 20000ms
D/PhoneStatusBar(  696): addNotification score=0
I/ActivityManager(  358): Start proc com.android.defcontainer for service com.android.defcontainer/.DefaultContainerService: pid=17851 uid=10011 gids={1015, 2001, 1028}
W/ActivityManager(  358): No content provider found for permission revoke: file:///data/data/com.android.providers.downloads/cache/downloadfile.apk
W/ActivityManager(  358): No content provider found for permission revoke: file:///data/data/com.android.providers.downloads/cache/downloadfile.apk
I/ActivityManager(  358): Force stopping package com.google.android.apps.plus uid=10044
I/ActivityManager(  358): Killing proc 16381:com.google.android.apps.plus/u0a44: force stop
W/PackageManager(  358): Trying to update system app code path from /system/app/PlusOne.apk to /data/app/com.google.android.apps.plus-1.apk
I/ActivityManager(  358): Force stopping package com.google.android.apps.plus uid=10044
W/PackageManager(  358): Code path for pkg : com.google.android.apps.plus changing from /system/app/PlusOne.apk to /data/app/com.google.android.apps.plus-1.apk
W/PackageManager(  358): Resource path for pkg : com.google.android.apps.plus changing from /system/app/PlusOne.apk to /data/app/com.google.android.apps.plus-1.apk
W/PackageManager(  358): Unknown permission android.permission.ADD_SYSTEM_SERVICE in package com.android.phone
W/PackageManager(  358): Unknown permission com.android.smspush.WAPPUSH_MANAGER_BIND in package com.android.phone
W/PackageManager(  358): Unknown permission com.android.nfc.permission.NFCEE_ADMIN in package com.google.android.apps.walletnfcrel
W/PackageManager(  358): Unknown permission com.android.vending.billing.IBillingAccountService.BIND2 in package com.google.android.gsf.login
W/PackageManager(  358): Not granting permission android.permission.BIND_APPWIDGET to package org.adwfreak.launcher (protectionLevel=18 flags=0x2008be44)
W/PackageManager(  358): Not granting permission com.android.voicemail.permission.READ_WRITE_ALL_VOICEMAIL to package com.keramidas.TitaniumBackup (protectionLevel=2 flags=0x28be44)
W/PackageManager(  358): Not granting permission android.permission.DEVICE_POWER to package com.google.android.deskclock (protectionLevel=2 flags=0x8be45)
W/PackageManager(  358): Unknown permission android.permission.READ_OWNER_DATA in package com.google.android.setupwizard
W/PackageManager(  358): Unknown permission android.permission.WRITE_OWNER_DATA in package com.google.android.setupwizard
W/PackageManager(  358): Unknown permission com.facebook.orca.provider.ACCESS in package com.facebook.katana
W/PackageManager(  358): Unknown permission com.google.android.voicesearch.SHORTCUTS_ACCESS in package com.google.android.googlequicksearchbox
W/PackageManager(  358): Unknown permission com.android.browser.permission.PRELOAD in package com.google.android.googlequicksearchbox
W/PackageManager(  358): Unknown permission com.google.android.apps.googlevoice.permission.AUTO_SEND in package com.google.android.googlequicksearchbox
W/PackageManager(  358): Not granting permission android.permission.ACCOUNT_MANAGER to package com.google.android.music (protectionLevel=2 flags=0x8be65)
W/PackageManager(  358): Unknown permission com.android.providers.im.permission.READ_ONLY in package com.google.android.apps.maps
W/PackageManager(  358): Unknown permission mobi.mgeek.TunnyBrowser.permission.READ_HISTORY_BOOKMARKS in package mobi.mgeek.TunnyBrowser
W/PackageManager(  358): Unknown permission mobi.mgeek.TunnyBrowser.permission.WRITE_HISTORY_BOOKMARK in package mobi.mgeek.TunnyBrowser
W/PackageManager(  358): Unknown permission com.dolphin.browser.permission.ACCESS_PROVIDER in package mobi.mgeek.TunnyBrowser
W/PackageManager(  358): Not granting permission android.permission.SET_PREFERRED_APPLICATIONS to package mobi.mgeek.TunnyBrowser (protectionLevel=2 flags=0x28be44)
W/PackageManager(  358): Not granting permission android.permission.READ_LOGS to package mobi.mgeek.TunnyBrowser (protectionLevel=50 flags=0x28be44)
W/PackageManager(  358): Not granting permission android.permission.ACCOUNT_MANAGER to package com.google.android.apps.docs (protectionLevel=2 flags=0x8be44)
W/PackageManager(  358): Unknown permission android.permission.WRITE_SYNC_STATS in package com.google.android.apps.docs
W/PackageManager(  358): Not granting permission android.permission.SET_ORIENTATION to package com.omgpop.dstpaid (protectionLevel=2 flags=0x2028bc46)
W/PackageManager(  358): Not granting permission android.permission.CALL_PRIVILEGED to package com.skype.raider (protectionLevel=18 flags=0x28be44)
W/PackageManager(  358): Unknown permission android.permission.WRITE_INTERNAL_STORAGE in package com.smule.songify
W/PackageManager(  358): Not granting permission android.permission.SEND_DOWNLOAD_COMPLETED_INTENTS to package com.android.vending (protectionLevel=2 flags=0xabec5)
W/PackageManager(  358): Unknown permission com.google.android.verifier.permission.UPDATE_VERIFIER in package com.android.vending
W/PackageManager(  358): Unknown permission com.estrongs.android.pop.PERMISSION in package com.estrongs.android.pop
I/ActivityManager(  358): Force stopping package com.google.android.apps.plus uid=10044
I/ActivityManager(  358): No longer want android.process.acore (pid 11024): hidden #16
W/BroadcastQueue(  358): Exception when sending broadcast to ComponentInfo{com.android.providers.contacts/com.android.providers.contacts.PackageIntentReceiver}
W/BroadcastQueue(  358): android.os.DeadObjectException
W/BroadcastQueue(  358): 	at android.os.BinderProxy.transact(Native Method)
W/BroadcastQueue(  358): 	at android.app.ApplicationThreadProxy.scheduleReceiver(ApplicationThreadNative.java:767)
W/BroadcastQueue(  358): 	at com.android.server.am.BroadcastQueue.processCurBroadcastLocked(BroadcastQueue.java:220)
W/BroadcastQueue(  358): 	at com.android.server.am.BroadcastQueue.processNextBroadcast(BroadcastQueue.java:750)
W/BroadcastQueue(  358): 	at com.android.server.am.BroadcastQueue$1.handleMessage(BroadcastQueue.java:129)
W/BroadcastQueue(  358): 	at android.os.Handler.dispatchMessage(Handler.java:99)
W/BroadcastQueue(  358): 	at android.os.Looper.loop(Looper.java:137)
W/BroadcastQueue(  358): 	at com.android.server.am.ActivityManagerService$AThread.run(ActivityManagerService.java:1426)
I/ActivityManager(  358): Start proc android.process.acore for broadcast com.android.providers.contacts/.PackageIntentReceiver: pid=17900 uid=10000 gids={3003, 1015, 1028}
I/ActivityManager(  358): Process android.process.acore (pid 11024) has died and restarted (pid 17900).
D/BackupManagerService(  358): Received broadcast Intent { act=android.intent.action.PACKAGE_REMOVED dat=package:com.google.android.apps.plus flg=0x8000010 (has extras) }
D/BackupManagerService(  358): Received broadcast Intent { act=android.intent.action.PACKAGE_ADDED dat=package:com.google.android.apps.plus flg=0x8000010 (has extras) }
V/BackupManagerService(  358): removePackageParticipantsLocked: uid=10044 #1
V/BackupManagerService(  358): addPackageParticipantsLocked: #1
I/ActivityManager(  358): Start proc com.android.keychain for broadcast com.android.keychain/.KeyChainBroadcastReceiver: pid=17918 uid=1000 gids={1015, 3002, 3001, 3003, 1028, 3007}
I/ActivityManager(  358): Start proc com.android.musicfx for broadcast com.android.musicfx/.Compatibility$Receiver: pid=17931 uid=10037 gids={3003, 3002, 1028}
I/ActivityManager(  358): Start proc jp.co.omronsoft.iwnnime.ml for broadcast jp.co.omronsoft.iwnnime.ml/.UninstallReceiver: pid=17944 uid=10058 gids={1028}
I/ActivityManager(  358): No longer want com.google.android.gm (pid 17472): hidden #16
I/ActivityManager(  358): No longer want com.twitter.android (pid 17552): hidden #16
I/ActivityManager(  358): Start proc com.google.android.apps.maps for broadcast com.google.android.apps.maps/com.google.android.location.internal.NlpPackageUpdateReceiver: pid=17958 uid=10034 gids={3003, 1015, 1028}
I/ActivityManager(  358): No longer want com.android.chrome (pid 17710): hidden #16
I/ActivityManager(  358): Start proc com.google.android.apps.plus for broadcast com.google.android.apps.plus/.service.PackagesMediaMonitor: pid=17980 uid=10044 gids={3003, 3002, 1015, 1006, 1028}
D/PhoneStatusBar(  696): addNotification score=0
I/ActivityManager(  358): Start proc com.google.android.partnersetup for broadcast com.google.android.partnersetup/.RlzPingBroadcastReceiver: pid=18013 uid=10023 gids={3003, 1028}
I/ActivityManager(  358): No longer want com.google.android.music:main (pid 17673): hidden #16
I/ActivityManager(  358): No longer want com.google.android.videos (pid 17429): hidden #16
I/ActivityManager(  358): Start proc com.google.android.apps.maps:FriendService for broadcast com.google.android.apps.maps/com.google.googlenav.friend.android.ServiceReceiver: pid=18030 uid=10034 gids={3003, 1015, 1028}
W/BackupManagerService(  358): dataChanged but no participant pkg='com.android.providers.settings' uid=10044
W/BackupManagerService(  358): dataChanged but no participant pkg='com.android.providers.settings' uid=10044
I/ActivityManager(  358): Start proc com.google.android.apps.maps:LocationFriendService for broadcast com.google.android.apps.maps/com.google.googlenav.friend.reporting.LocationReportingIntentReceiver: pid=18053 uid=10034 gids={3003, 1015, 1028}
I/ActivityManager(  358): No longer want com.google.android.apps.docs (pid 17568): hidden #16
I/ActivityManager(  358): No longer want com.google.android.gms (pid 17324): hidden #16
I/ActivityManager(  358): No longer want com.google.android.apps.books (pid 17774): hidden #16
D/PhoneStatusBar(  696): addNotification score=0
W/ActivityManager(  358): No content provider found for permission revoke: file:///data/data/com.android.providers.downloads/cache/downloadfile-1.apk
W/ActivityManager(  358): No content provider found for permission revoke: file:///data/data/com.android.providers.downloads/cache/downloadfile-1.apk
I/ActivityManager(  358): Force stopping package com.google.android.videos uid=10054
W/PackageManager(  358): Trying to update system app code path from /system/app/Videos.apk to /data/app/com.google.android.videos-1.apk
I/ActivityManager(  358): Start proc com.sega.soniccd for service com.sega.soniccd/.GameDownloaderService: pid=18087 uid=10098 gids={1015, 3003, 1028}
W/PackageManager(  358): Code path for pkg : com.google.android.videos changing from /system/app/Videos.apk to /data/app/com.google.android.videos-1.apk
I/ActivityManager(  358): Force stopping package com.google.android.videos uid=10054
W/PackageManager(  358): Resource path for pkg : com.google.android.videos changing from /system/app/Videos.apk to /data/app/com.google.android.videos-1.apk
W/PackageManager(  358): Unknown permission android.permission.ADD_SYSTEM_SERVICE in package com.android.phone
W/PackageManager(  358): Unknown permission com.android.smspush.WAPPUSH_MANAGER_BIND in package com.android.phone
W/PackageManager(  358): Unknown permission com.android.nfc.permission.NFCEE_ADMIN in package com.google.android.apps.walletnfcrel
W/PackageManager(  358): Unknown permission com.android.vending.billing.IBillingAccountService.BIND2 in package com.google.android.gsf.login
W/PackageManager(  358): Not granting permission android.permission.BIND_APPWIDGET to package org.adwfreak.launcher (protectionLevel=18 flags=0x2008be44)
W/PackageManager(  358): Not granting permission com.android.voicemail.permission.READ_WRITE_ALL_VOICEMAIL to package com.keramidas.TitaniumBackup (protectionLevel=2 flags=0x28be44)
W/PackageManager(  358): Not granting permission android.permission.DEVICE_POWER to package com.google.android.deskclock (protectionLevel=2 flags=0x8be45)
W/PackageManager(  358): Unknown permission android.permission.READ_OWNER_DATA in package com.google.android.setupwizard
W/PackageManager(  358): Unknown permission android.permission.WRITE_OWNER_DATA in package com.google.android.setupwizard
W/PackageManager(  358): Unknown permission com.facebook.orca.provider.ACCESS in package com.facebook.katana
W/PackageManager(  358): Unknown permission com.google.android.voicesearch.SHORTCUTS_ACCESS in package com.google.android.googlequicksearchbox
W/PackageManager(  358): Unknown permission com.android.browser.permission.PRELOAD in package com.google.android.googlequicksearchbox
W/PackageManager(  358): Unknown permission com.google.android.apps.googlevoice.permission.AUTO_SEND in package com.google.android.googlequicksearchbox
W/PackageManager(  358): Not granting permission android.permission.ACCOUNT_MANAGER to package com.google.android.music (protectionLevel=2 flags=0x8be65)
W/PackageManager(  358): Unknown permission com.android.providers.im.permission.READ_ONLY in package com.google.android.apps.maps
W/PackageManager(  358): Unknown permission mobi.mgeek.TunnyBrowser.permission.READ_HISTORY_BOOKMARKS in package mobi.mgeek.TunnyBrowser
W/PackageManager(  358): Unknown permission mobi.mgeek.TunnyBrowser.permission.WRITE_HISTORY_BOOKMARK in package mobi.mgeek.TunnyBrowser
W/PackageManager(  358): Unknown permission com.dolphin.browser.permission.ACCESS_PROVIDER in package mobi.mgeek.TunnyBrowser
W/PackageManager(  358): Not granting permission android.permission.SET_PREFERRED_APPLICATIONS to package mobi.mgeek.TunnyBrowser (protectionLevel=2 flags=0x28be44)
W/PackageManager(  358): Not granting permission android.permission.READ_LOGS to package mobi.mgeek.TunnyBrowser (protectionLevel=50 flags=0x28be44)
W/PackageManager(  358): Not granting permission android.permission.ACCOUNT_MANAGER to package com.google.android.apps.docs (protectionLevel=2 flags=0x8be44)
W/PackageManager(  358): Unknown permission android.permission.WRITE_SYNC_STATS in package com.google.android.apps.docs
W/PackageManager(  358): Not granting permission android.permission.SET_ORIENTATION to package com.omgpop.dstpaid (protectionLevel=2 flags=0x2028bc46)
W/PackageManager(  358): Not granting permission android.permission.CALL_PRIVILEGED to package com.skype.raider (protectionLevel=18 flags=0x28be44)
W/PackageManager(  358): Unknown permission android.permission.WRITE_INTERNAL_STORAGE in package com.smule.songify
W/PackageManager(  358): Not granting permission android.permission.SEND_DOWNLOAD_COMPLETED_INTENTS to package com.android.vending (protectionLevel=2 flags=0xabec5)
W/PackageManager(  358): Unknown permission com.google.android.verifier.permission.UPDATE_VERIFIER in package com.android.vending
W/PackageManager(  358): Unknown permission com.estrongs.android.pop.PERMISSION in package com.estrongs.android.pop
I/ActivityManager(  358): Force stopping package com.google.android.videos uid=10054
D/BackupManagerService(  358): Received broadcast Intent { act=android.intent.action.PACKAGE_REMOVED dat=package:com.google.android.videos flg=0x8000010 (has extras) }
D/BackupManagerService(  358): Received broadcast Intent { act=android.intent.action.PACKAGE_ADDED dat=package:com.google.android.videos flg=0x8000010 (has extras) }
V/BackupManagerService(  358): removePackageParticipantsLocked: uid=10054 #1
V/BackupManagerService(  358): addPackageParticipantsLocked: #1
I/ActivityManager(  358): Start proc com.google.android.apps.docs for service com.google.android.apps.docs/.sync.syncadapter.DocsSyncAdapterService: pid=18112 uid=10085 gids={3003, 1015, 1006, 1028}
D/PhoneStatusBar(  696): addNotification score=0
I/ActivityManager(  358): No longer want com.android.providers.calendar (pid 10871): hidden #16
I/ActivityManager(  358): No longer want com.google.android.calendar (pid 12381): hidden #16
D/PhoneStatusBar(  696): addNotification score=0
W/ActivityManager(  358): No content provider found for permission revoke: file:///data/data/com.android.providers.downloads/cache/downloadfile-2.apk
W/ActivityManager(  358): No content provider found for permission revoke: file:///data/data/com.android.providers.downloads/cache/downloadfile-2.apk
I/ActivityManager(  358): Force stopping package com.google.android.inputmethod.pinyin uid=10024
W/PackageManager(  358): Trying to update system app code path from /system/app/GooglePinyinIME.apk to /data/app/com.google.android.inputmethod.pinyin-1.apk
I/ActivityManager(  358): Force stopping package com.google.android.inputmethod.pinyin uid=10024
W/PackageManager(  358): Code path for pkg : com.google.android.inputmethod.pinyin changing from /system/app/GooglePinyinIME.apk to /data/app/com.google.android.inputmethod.pinyin-1.apk
W/PackageManager(  358): Resource path for pkg : com.google.android.inputmethod.pinyin changing from /system/app/GooglePinyinIME.apk to /data/app/com.google.android.inputmethod.pinyin-1.apk
I/ActivityManager(  358): Force stopping package com.google.android.inputmethod.pinyin uid=10024
D/BackupManagerService(  358): Received broadcast Intent { act=android.intent.action.PACKAGE_REMOVED dat=package:com.google.android.inputmethod.pinyin flg=0x8000010 (has extras) }
D/BackupManagerService(  358): Received broadcast Intent { act=android.intent.action.PACKAGE_ADDED dat=package:com.google.android.inputmethod.pinyin flg=0x8000010 (has extras) }
V/BackupManagerService(  358): removePackageParticipantsLocked: uid=10024 #1
V/BackupManagerService(  358): addPackageParticipantsLocked: #1
D/PhoneStatusBar(  696): addNotification score=0
D/PhoneStatusBar(  696): addNotification score=0
W/ActivityManager(  358): No content provider found for permission revoke: file:///data/data/com.android.vending/cache/patches/com.skype.raider872439740.apk
W/ActivityManager(  358): No content provider found for permission revoke: file:///data/data/com.android.vending/cache/patches/com.skype.raider872439740.apk
I/ActivityManager(  358): Force stopping package com.skype.raider uid=10086
W/PackageManager(  358): Package com.skype.raider desires unavailable shared library com.htc.hardware.twinCamDevice; ignoring!
W/PackageManager(  358): Package com.skype.raider desires unavailable shared library com.motorola.hardware.frontcamera; ignoring!
W/PackageManager(  358): Package com.skype.raider desires unavailable shared library com.sprint.hardware.twinCamDevice; ignoring!
I/PackageManager(  358): Package com.skype.raider codePath changed from /data/app/com.skype.raider-1.apk to /data/app/com.skype.raider-2.apk; Retaining data and using new
I/ActivityManager(  358): Force stopping package com.skype.raider uid=10086
W/PackageManager(  358): Code path for pkg : com.skype.raider changing from /data/app/com.skype.raider-1.apk to /data/app/com.skype.raider-2.apk
W/PackageManager(  358): Resource path for pkg : com.skype.raider changing from /data/app/com.skype.raider-1.apk to /data/app/com.skype.raider-2.apk
W/PackageManager(  358): Not granting permission android.permission.CALL_PRIVILEGED to package com.skype.raider (protectionLevel=18 flags=0x8be44)
I/ActivityManager(  358): START {act=android.intent.action.VIEW cmp=com.facebook.katana/.activity.media.PhotoGalleryActivity (has extras) u=0} from pid 17052
I/ActivityManager(  358): Force stopping package com.skype.raider uid=10086
D/BackupManagerService(  358): Received broadcast Intent { act=android.intent.action.PACKAGE_REMOVED dat=package:com.skype.raider flg=0x8000010 (has extras) }
D/BackupManagerService(  358): Received broadcast Intent { act=android.intent.action.PACKAGE_ADDED dat=package:com.skype.raider flg=0x8000010 (has extras) }
V/BackupManagerService(  358): removePackageParticipantsLocked: uid=10086 #1
V/BackupManagerService(  358): addPackageParticipantsLocked: #1
D/PhoneStatusBar(  696): disable: < expand icons alerts TICKER* SYSTEM_INFO* back home recent clock >
D/PhoneStatusBar(  696): makeIconsInvisible
W/InputMethodManagerService(  358): Window already focused, ignoring focus gain of: com.android.internal.view.IInputMethodClient$Stub$Proxy@425a03c0 attribute=null
D/PhoneStatusBar(  696): disable: < expand icons alerts ticker* system_info* back home recent clock >
I/ActivityManager(  358): Start proc com.google.android.inputmethod.latin.dictionarypack for content provider com.google.android.inputmethod.latin.dictionarypack/.DictionaryProvider: pid=18322 uid=10029 gids={3003, 1015, 1028}
I/ActivityManager(  358): No longer want com.sega.soniccd (pid 18087): hidden #16
W/ActivityManager(  358): Scheduling restart of crashed service com.sega.soniccd/.GameDownloaderService in 5000ms
I/ActivityManager(  358): Start proc com.sega.soniccd for service com.sega.soniccd/.GameDownloaderService: pid=18359 uid=10098 gids={1015, 3003, 1028}
I/ActivityManager(  358): No longer want com.google.android.apps.docs (pid 18112): hidden #16
W/InputMethodManagerService(  358): Window already focused, ignoring focus gain of: com.android.internal.view.IInputMethodClient$Stub$Proxy@427d3608 attribute=android.view.inputmethod.EditorInfo@42593948
I/ActivityManager(  358): START {act=android.intent.action.MAIN cat=[android.intent.category.HOME] flg=0x10200000 cmp=com.android.launcher/com.android.launcher2.Launcher u=0} from pid 358
I/ActivityManager(  358): Start proc com.android.chrome for service com.android.chrome/com.google.android.apps.chrome.appwidget.bookmarks.BookmarkThumbnailWidgetService: pid=18381 uid=10009 gids={3003, 1015, 1028}
I/ActivityManager(  358): Start proc com.google.android.calendar for service com.google.android.calendar/com.android.calendar.widget.CalendarAppWidgetService: pid=18394 uid=10006 gids={3003, 1028}
I/ActivityManager(  358): Start proc com.google.android.apps.reader for service com.google.android.apps.reader/.appwidget.NewsListWidgetRemoteViewsService: pid=18407 uid=10066 gids={3003, 1028}
I/ActivityManager(  358): Start proc com.android.providers.calendar for content provider com.android.providers.calendar/.CalendarProvider2: pid=18431 uid=10007 gids={3003, 1015, 1028}
I/ActivityManager(  358): No longer want android.process.media (pid 15510): hidden #16
I/ActivityManager(  358): No longer want com.rovio.angrybirds (pid 16319): hidden #17
I/WindowManager(  358): WINDOW DIED Window{42898358 com.rovio.angrybirds/com.rovio.ka3d.App paused=false}
W/WindowManager(  358): Force-removing child win Window{428ac970 SurfaceView paused=false} from container Window{42898358 com.rovio.angrybirds/com.rovio.ka3d.App paused=false}
W/ActivityManager(  358): Scheduling restart of crashed service com.rovio.angrybirds/com.rovio.ka3d.GooglePlayInAppBilling.BillingService in 5000ms
W/WindowManager(  358): Failed looking up window
W/WindowManager(  358): java.lang.IllegalArgumentException: Requested window android.os.BinderProxy@42bb0b98 does not exist
W/WindowManager(  358): 	at com.android.server.wm.WindowManagerService.windowForClientLocked(WindowManagerService.java:7640)
W/WindowManager(  358): 	at com.android.server.wm.WindowManagerService.windowForClientLocked(WindowManagerService.java:7631)
W/WindowManager(  358): 	at com.android.server.wm.WindowState$DeathRecipient.binderDied(WindowState.java:854)
W/WindowManager(  358): 	at android.os.BinderProxy.sendDeathNotice(Binder.java:449)
W/WindowManager(  358): 	at dalvik.system.NativeStart.run(Native Method)
I/WindowState(  358): WIN DEATH: null
I/ActivityManager(  358): No longer want com.android.keychain (pid 17918): hidden #16
W/InputMethodManagerService(  358): Window already focused, ignoring focus gain of: com.android.internal.view.IInputMethodClient$Stub$Proxy@42c7edc0 attribute=null
I/ActivityManager(  358): START {act=android.intent.action.VIEW flg=0x10000000 cmp=com.android.chrome/com.google.android.apps.chrome.Main bnds=[694,953][768,1027] u=0} from pid -1
I/ActivityManager(  358): Start proc com.android.chrome:sandboxed_process0 for service com.android.chrome/org.chromium.content.browser.SandboxedProcessService0: pid=18478 uid=10009 gids={3003, 1015, 1028}
I/ActivityManager(  358): No longer want jp.co.omronsoft.iwnnime.ml (pid 17944): hidden #16
I/ActivityManager(  358): No longer want com.google.android.gallery3d (pid 17312): hidden #16
I/ActivityManager(  358): No longer want com.google.android.partnersetup (pid 18013): hidden #16
I/ActivityManager(  358): Killing 17052:com.facebook.katana/u0a92: remove task
W/ActivityManager(  358): Scheduling restart of crashed service com.facebook.katana/.service.MediaUploadService in 5000ms
W/ActivityManager(  358): Scheduling restart of crashed service com.facebook.katana/.service.BackgroundDetectionService in 15000ms
W/ActivityManager(  358): Scheduling restart of crashed service com.facebook.katana/com.facebook.orca.server.MessagesService in 14999ms
W/ActivityManager(  358): Scheduling restart of crashed service com.facebook.katana/.service.vault.VaultSyncService in 24999ms
W/ActivityManager(  358): Scheduling restart of crashed service com.facebook.katana/com.facebook.orca.push.mqtt.MqttPushService in 24999ms
W/InputMethodManagerService(  358): Focus gain on non-focused client com.android.internal.view.IInputMethodClient$Stub$Proxy@424d38a0 (uid=10009 pid=18381)
I/ActivityManager(  358): Start proc com.facebook.katana for broadcast com.facebook.katana/.util.logging.MobileEventLogger$ScheduleReceiver: pid=18546 uid=10092 gids={3003, 1006, 1015, 1028}
I/ActivityManager(  358): Start proc com.google.android.partnersetup for content provider com.google.android.partnersetup/.RlzAppProvider: pid=18573 uid=10023 gids={3003, 1028}
I/ActivityManager(  358): Start proc com.android.providers.partnerbookmarks for content provider com.android.providers.partnerbookmarks/.PartnerBookmarksProvider: pid=18587 uid=10041 gids={1028}
I/ActivityManager(  358): No longer want com.android.musicfx (pid 17931): hidden #16
I/ActivityManager(  358): No longer want com.google.android.apps.maps:FriendService (pid 18030): hidden #16
I/ActivityManager(  358): START {act=android.intent.action.MAIN cat=[android.intent.category.LAUNCHER] flg=0x10200000 cmp=org.libsdl.app/.SDLActivity bnds=[528,115][656,243] u=0} from pid 16485
I/ActivityManager(  358): Start proc org.libsdl.app for activity org.libsdl.app/.SDLActivity: pid=18618 uid=10104 gids={1028}
W/ThrottleService(  358): unable to find stats for iface rmnet0
I/ActivityManager(  358): START {act=android.intent.action.MAIN cat=[android.intent.category.HOME] flg=0x10200000 cmp=com.android.launcher/com.android.launcher2.Launcher u=0} from pid 358
I/ActivityManager(  358): START {act=android.intent.action.MAIN cat=[android.intent.category.HOME] flg=0x10200000 cmp=com.android.launcher/com.android.launcher2.Launcher u=0} from pid 358
I/ActivityManager(  358): No longer want com.google.android.apps.plus (pid 17980): hidden #16
I/ActivityManager(  358): START {act=android.search.action.GLOBAL_SEARCH flg=0x10000000 cmp=com.google.android.googlequicksearchbox/.SearchActivity bnds=[21,41][779,105] (has extras) u=0} from pid 16485
W/ActivityManager(  358): Unable to start service Intent { act=com.google.android.gms.analytics.service.START (has extras) }: not found
D/PhoneStatusBar(  696): disable: < expand icons alerts TICKER* SYSTEM_INFO* back home recent clock >
D/PhoneStatusBar(  696): makeIconsInvisible
I/LocationManagerService(  358): request network (pid 15223) 300000 300000
I/LocationManagerService(  358): request passive (pid 15223) 300000 0
I/LocationManagerService(  358): request network (pid 15223) 0 0
I/ActivityManager(  358): START {act=android.intent.action.MAIN cat=[android.intent.category.HOME] flg=0x10200000 cmp=com.android.launcher/com.android.launcher2.Launcher u=0} from pid 358
I/LocationManagerService(  358): remove network (pid 15223), next minTime = 300000
W/InputMethodManagerService(  358): Window already focused, ignoring focus gain of: com.android.internal.view.IInputMethodClient$Stub$Proxy@4285c078 attribute=null
D/PhoneStatusBar(  696): disable: < expand icons alerts ticker* system_info* back home recent clock >
W/ActivityManager(  358): Unable to start service Intent { act=com.google.android.gms.analytics.service.START (has extras) }: not found
I/ActivityManager(  358): START {act=android.intent.action.MAIN cat=[android.intent.category.LAUNCHER] flg=0x10200000 cmp=com.android.settings/.Settings u=0} from pid 16485
I/ActivityManager(  358): Start proc com.android.settings for activity com.android.settings/.Settings: pid=18930 uid=1000 gids={1015, 3002, 3001, 3003, 1028, 3007}
D/WifiService(  358): setWifiEnabled: true pid=18930, uid=1000
I/ActivityManager(  358): START {act=android.intent.action.MAIN cmp=com.android.settings/.SubSettings (has extras) u=0} from pid 18930
D/VoldCmdListener(  119): asec fspath com.bithack.apparatus-1
D/VoldCmdListener(  119): asec fspath com.camelgames.blowup-1
D/VoldCmdListener(  119): asec fspath com.disney.WMW-1
D/VoldCmdListener(  119): asec fspath com.eamobile.nfshp_row_wf-1
D/VoldCmdListener(  119): asec fspath com.eamobile.tetris_eu-1
D/VoldCmdListener(  119): asec fspath com.omgpop.dstpaid-1
D/VoldCmdListener(  119): asec fspath com.sega.ccr-1
D/VoldCmdListener(  119): asec fspath com.sega.soniccd-1
D/VoldCmdListener(  119): asec fspath com.touchtype.swiftkey-1
D/VoldCmdListener(  119): asec fspath com.zeptolab.ctr.paid-1
D/VoldCmdListener(  119): asec fspath net.kairosoft.android.gamedev3en-1
D/VoldCmdListener(  119): asec fspath org.adwfreak.launcher-1
D/VoldCmdListener(  119): asec fspath pl.idreams.CanKnockdown2-1
D/VoldCmdListener(  119): asec fspath com.bithack.apparatus-1
D/VoldCmdListener(  119): asec fspath com.camelgames.blowup-1
D/VoldCmdListener(  119): asec fspath com.disney.WMW-1
D/VoldCmdListener(  119): asec fspath com.eamobile.nfshp_row_wf-1
D/VoldCmdListener(  119): asec fspath com.eamobile.tetris_eu-1
D/VoldCmdListener(  119): asec fspath com.omgpop.dstpaid-1
D/VoldCmdListener(  119): asec fspath com.sega.ccr-1
D/VoldCmdListener(  119): asec fspath com.sega.soniccd-1
D/VoldCmdListener(  119): asec fspath com.touchtype.swiftkey-1
D/VoldCmdListener(  119): asec fspath com.zeptolab.ctr.paid-1
D/VoldCmdListener(  119): asec fspath net.kairosoft.android.gamedev3en-1
D/VoldCmdListener(  119): asec fspath org.adwfreak.launcher-1
D/VoldCmdListener(  119): asec fspath pl.idreams.CanKnockdown2-1
D/VoldCmdListener(  119): asec fspath com.bithack.apparatus-1
D/VoldCmdListener(  119): asec fspath com.camelgames.blowup-1
D/VoldCmdListener(  119): asec fspath com.disney.WMW-1
D/VoldCmdListener(  119): asec fspath com.eamobile.nfshp_row_wf-1
D/VoldCmdListener(  119): asec fspath com.eamobile.tetris_eu-1
D/VoldCmdListener(  119): asec fspath com.omgpop.dstpaid-1
D/VoldCmdListener(  119): asec fspath com.sega.ccr-1
D/VoldCmdListener(  119): asec fspath com.sega.soniccd-1
D/VoldCmdListener(  119): asec fspath com.touchtype.swiftkey-1
D/VoldCmdListener(  119): asec fspath com.zeptolab.ctr.paid-1
D/VoldCmdListener(  119): asec fspath net.kairosoft.android.gamedev3en-1
D/VoldCmdListener(  119): asec fspath org.adwfreak.launcher-1
D/VoldCmdListener(  119): asec fspath pl.idreams.CanKnockdown2-1
I/ActivityManager(  358): START {act=android.intent.action.MAIN cmp=com.android.settings/.SubSettings (has extras) u=0} from pid 18930
D/VoldCmdListener(  119): asec fspath com.bithack.apparatus-1
D/VoldCmdListener(  119): asec fspath com.camelgames.blowup-1
D/VoldCmdListener(  119): asec fspath com.disney.WMW-1
D/VoldCmdListener(  119): asec fspath com.eamobile.nfshp_row_wf-1
D/VoldCmdListener(  119): asec fspath com.eamobile.tetris_eu-1
D/VoldCmdListener(  119): asec fspath com.omgpop.dstpaid-1
D/VoldCmdListener(  119): asec fspath com.sega.ccr-1
D/VoldCmdListener(  119): asec fspath com.sega.soniccd-1
D/VoldCmdListener(  119): asec fspath com.touchtype.swiftkey-1
D/VoldCmdListener(  119): asec fspath com.zeptolab.ctr.paid-1
D/VoldCmdListener(  119): asec fspath net.kairosoft.android.gamedev3en-1
D/VoldCmdListener(  119): asec fspath org.adwfreak.launcher-1
D/VoldCmdListener(  119): asec fspath pl.idreams.CanKnockdown2-1
I/ActivityManager(  358): START {act=android.intent.action.MAIN cat=[android.intent.category.HOME] flg=0x10200000 cmp=com.android.launcher/com.android.launcher2.Launcher u=0} from pid 358
D/PhoneStatusBar(  696): disable: < expand icons alerts ticker system_info back home RECENT* clock >
D/PhoneStatusBar(  696): disable: < expand icons alerts ticker system_info BACK* HOME* RECENT CLOCK* >
I/ActivityManager(  358): Start proc com.google.android.gm for service com.google.android.gm/.provider.MailIndexerService: pid=19132 uid=10018 gids={3003, 1015, 1028}
I/ActivityManager(  358): No longer want com.google.android.apps.maps (pid 17958): hidden #16
D/PhoneStatusBar(  696): addNotification score=-20
D/PhoneStatusBar(  696): addNotification score=-10
I/ActivityManager(  358): Start proc android.process.media for broadcast com.android.providers.media/.UsbReceiver: pid=19243 uid=10013 gids={1015, 1023, 1024, 1028, 2001, 3003, 3007}
D/DownloadManager(19243): deleting spurious file /data/data/com.android.providers.downloads/cache/downloadfile.apk
D/DownloadManager(19243): deleting spurious file /data/data/com.android.providers.downloads/cache/downloadfile-1.apk
D/DownloadManager(19243): deleting spurious file /data/data/com.android.providers.downloads/cache/downloadfile-2.apk
D/DownloadManager(19243): deleting spurious file /data/data/com.android.providers.downloads/cache/downloadfile.bin
I/ActivityManager(  358): Start proc com.google.android.gallery3d for broadcast com.google.android.gallery3d/com.google.android.picasasync.BatteryReceiver: pid=19260 uid=10017 gids={1006, 3003, 1015, 1028}
W/PowerUI (  696): unknown intent: Intent { act=android.intent.action.ACTION_POWER_CONNECTED flg=0x8000010 }
I/WindowManager(  358): Lock screen displayed!
I/ActivityManager(  358): Start proc com.google.android.apps.uploader for broadcast com.google.android.apps.uploader/com.google.android.picasasync.BatteryReceiver: pid=19278 uid=10035 gids={3003, 1015, 1028}
I/ActivityManager(  358): No longer want com.google.android.apps.maps:LocationFriendService (pid 18053): hidden #16
I/ActivityManager(  358): Start proc com.google.android.youtube for broadcast com.google.android.youtube/.app.prefetch.PrefetchService$DeviceStateReceiver: pid=19301 uid=10057 gids={3003, 1015, 1006, 1028}
I/ActivityManager(  358): No longer want com.android.vending (pid 15795): hidden #16
I/ActivityManager(  358): Start proc com.google.android.apps.maps for broadcast com.google.android.apps.maps/com.google.googlenav.android.MapServiceReceiver: pid=19346 uid=10034 gids={3003, 1015, 1028}
I/ActivityManager(  358): No longer want com.google.android.inputmethod.latin.dictionarypack (pid 18322): hidden #16
I/ActivityManager(  358): Start proc com.google.android.apps.plus for broadcast com.google.android.apps.plus/.iu.BatteryReceiver: pid=19362 uid=10044 gids={3003, 3002, 1015, 1006, 1028}
I/ActivityManager(  358): No longer want com.sega.soniccd (pid 18359): hidden #16
W/ActivityManager(  358): Scheduling restart of crashed service com.sega.soniccd/.GameDownloaderService in 5000ms
I/ActivityManager(  358): No longer want com.android.providers.calendar (pid 18431): hidden #16
I/ActivityManager(  358): Start proc com.sega.soniccd for service com.sega.soniccd/.GameDownloaderService: pid=19397 uid=10098 gids={1015, 3003, 1028}
I/ActivityManager(  358): No longer want com.google.android.apps.reader (pid 18407): hidden #16
I/ActivityManager(  358): Start proc com.android.providers.calendar for content provider com.android.providers.calendar/.CalendarProvider2: pid=19560 uid=10007 gids={3003, 1015, 1028}
I/ActivityManager(  358): No longer want com.google.android.calendar (pid 18394): hidden #16
I/ActivityManager(  358): Start proc com.google.android.calendar for broadcast com.google.android.calendar/com.android.calendar.alerts.AlertReceiver: pid=19576 uid=10006 gids={3003, 1028}
I/ActivityManager(  358): No longer want com.google.android.partnersetup (pid 18573): hidden #16
W/ProcessStats(  358): Skipping unknown process pid 19794
W/ProcessStats(  358): Skipping unknown process pid 19797
W/ProcessStats(  358): Skipping unknown process pid 19798
W/ThrottleService(  358): unable to find stats for iface rmnet0
I/WindowState(  358): WIN DEATH: Window{42702338 SurfaceView paused=false}
I/ActivityManager(  358): Process org.libsdl.app (pid 18618) has died.
I/WindowState(  358): WIN DEATH: Window{426e9788 org.libsdl.app/org.libsdl.app.SDLActivity paused=false}
I/ActivityManager(  358): Start proc com.google.android.apps.reader for broadcast com.google.android.apps.reader/.appwidget.NewsListWidget: pid=20112 uid=10066 gids={3003, 1028}
W/ThrottleService(  358): unable to find stats for iface rmnet0
I/ActivityManager(  358): No longer want com.disney.WMW (pid 17019): hidden #16
W/ActivityManager(  358): Scheduling restart of crashed service com.disney.WMW/com.disney.billing.BillingService in 5000ms
I/ActivityManager(  358): Start proc com.disney.WMW for service com.disney.WMW/com.disney.billing.BillingService: pid=20231 uid=10080 gids={3003, 1015, 1028}
I/ActivityManager(  358): No longer want com.android.providers.partnerbookmarks (pid 18587): hidden #16
I/ActivityManager(  358): No longer want com.google.android.apps.maps:GoogleLocationService (pid 10660): hidden #17
I/LocationManagerService(  358): remove passive (pid 358), next minTime = 0
W/ActivityManager(  358): Scheduling restart of crashed service com.google.android.apps.maps/com.google.android.location.internal.server.GoogleLocationService in 5000ms
I/ActivityManager(  358): Start proc com.google.android.apps.maps:GoogleLocationService for service com.google.android.apps.maps/com.google.android.location.internal.server.GoogleLocationService: pid=20273 uid=10034 gids={3003, 1015, 1028}
I/LocationManagerService(  358): request passive (pid 20273) 0 0
I/ActivityManager(  358): Start proc com.google.android.apps.maps:FriendService for broadcast com.google.android.apps.maps/com.google.googlenav.friend.android.ServiceReceiver: pid=20302 uid=10034 gids={3003, 1015, 1028}
I/ActivityManager(  358): Start proc com.google.android.apps.maps:LocationFriendService for broadcast com.google.android.apps.maps/com.google.googlenav.friend.reporting.LocationReportingIntentReceiver: pid=20314 uid=10034 gids={3003, 1015, 1028}
I/ActivityManager(  358): No longer want com.android.chrome (pid 18381): hidden #16
I/WindowState(  358): WIN DEATH: Window{42652cb0 com.android.chrome/com.google.android.apps.chrome.Main paused=false}
I/ActivityManager(  358): Process com.android.chrome:sandboxed_process0 (pid 18478) has died.
W/ThrottleService(  358): unable to find stats for iface rmnet0
I/ActivityManager(  358): No longer want com.google.android.gallery3d (pid 19260): hidden #16
W/ThrottleService(  358): unable to find stats for iface rmnet0
D/ConnectivityService(  358): handleInetConditionHoldEnd: net=1, condition=0, published condition=100
D/ConnectivityService(  358): handleInetConditionHoldEnd: net=1, condition=100, published condition=0
I/ActivityManager(  358): Start proc com.google.android.talk for broadcast com.google.android.talk/.ConnectionStateOnlineReceiver: pid=20385 uid=10051 gids={3003, 1015, 1006, 3002, 1028}
I/ActivityManager(  358): No longer want com.google.android.apps.uploader (pid 19278): hidden #16
W/ThrottleService(  358): unable to find stats for iface rmnet0
V/BackupManagerService(  358): Running a backup pass
V/BackupManagerService(  358): clearing pending backups
V/PerformBackupTask(  358): Beginning backup of 1 targets
D/PerformBackupTask(  358): invokeAgentForBackup on @pm@
I/PerformBackupTask(  358): no backup data written; not calling transport
D/PerformBackupTask(  358): starting agent for backup of BackupRequest{pkg=android}
D/BackupManagerService(  358): awaiting agent for ApplicationInfo{423ac4f0 android}
D/BackupManagerService(  358): agentConnected pkg=android agent=android.app.backup.BackupAgent$BackupServiceBinder@42dbd8e0
I/BackupManagerService(  358): got agent android.app.backup.BackupAgent$BackupServiceBinder@42dbd8e0
D/PerformBackupTask(  358): invokeAgentForBackup on android
I/PerformBackupTask(  358): Backup pass finished.
I/ActivityManager(  358): No longer want com.google.android.youtube (pid 19301): hidden #16
I/ActivityManager(  358): Start proc com.twitter.android for service com.twitter.android/.client.AppService: pid=20475 uid=10083 gids={3003, 1015, 1028}
I/ActivityManager(  358): Start proc com.google.android.gms for service com.google.android.gms/.auth.GetToken: pid=20520 uid=10019 gids={3003, 1015, 1028, 1007, 2001, 3006}
D/BackupManagerService(  358): Now staging backup of android
I/ActivityManager(  358): Start proc com.google.android.apps.uploader for service com.google.android.apps.uploader/com.google.android.picasasync.PicasaSyncService: pid=20540 uid=10035 gids={3003, 1015, 1028}
I/ActivityManager(  358): Start proc com.google.android.gallery3d for service com.google.android.gallery3d/com.google.android.picasasync.PicasaSyncService: pid=20560 uid=10017 gids={1006, 3003, 1015, 1028}
I/ActivityManager(  358): No longer want com.google.android.apps.plus (pid 19362): hidden #16
W/ActivityManager(  358): Scheduling restart of crashed service com.google.android.apps.plus/.iu.InstantUploadSyncService in 5000ms
W/ActivityManager(  358): Exception when starting service com.google.android.apps.plus/.iu.InstantUploadSyncService
W/ActivityManager(  358): android.os.DeadObjectException
W/ActivityManager(  358): 	at android.os.BinderProxy.transact(Native Method)
W/ActivityManager(  358): 	at android.app.ApplicationThreadProxy.scheduleCreateService(ApplicationThreadNative.java:802)
W/ActivityManager(  358): 	at com.android.server.am.ActivityManagerService.realStartServiceLocked(ActivityManagerService.java:11352)
W/ActivityManager(  358): 	at com.android.server.am.ActivityManagerService.bringUpServiceLocked(ActivityManagerService.java:11539)
W/ActivityManager(  358): 	at com.android.server.am.ActivityManagerService.bindService(ActivityManagerService.java:12110)
W/ActivityManager(  358): 	at android.app.ContextImpl.bindService(ContextImpl.java:1204)
W/ActivityManager(  358): 	at android.content.SyncManager$ActiveSyncContext.bindToSyncAdapter(SyncManager.java:990)
W/ActivityManager(  358): 	at android.content.SyncManager$SyncHandler.dispatchSyncOperation(SyncManager.java:2130)
W/ActivityManager(  358): 	at android.content.SyncManager$SyncHandler.maybeStartNextSyncLocked(SyncManager.java:2097)
W/ActivityManager(  358): 	at android.content.SyncManager$SyncHandler.handleMessage(SyncManager.java:1690)
W/ActivityManager(  358): 	at android.os.Handler.dispatchMessage(Handler.java:99)
W/ActivityManager(  358): 	at android.os.Looper.loop(Looper.java:137)
W/ActivityManager(  358): 	at android.os.HandlerThread.run(HandlerThread.java:60)
I/ActivityManager(  358): No longer want com.sega.soniccd (pid 19397): hidden #16
I/ActivityManager(  358): Start proc com.android.chrome for service com.android.chrome/com.google.android.apps.chrome.sync.ChromeBrowserSyncAdapterService: pid=20591 uid=10009 gids={3003, 1015, 1028}
W/ActivityManager(  358): Scheduling restart of crashed service com.sega.soniccd/.GameDownloaderService in 12335ms
I/ActivityManager(  358): No longer want com.google.android.apps.reader (pid 20112): hidden #16
I/ActivityManager(  358): Start proc com.google.android.videos for service com.google.android.videos/com.google.android.youtube.videos.store.SyncService: pid=20606 uid=10054 gids={3003, 1028, 1015}
I/ActivityManager(  358): Start proc com.google.android.apps.plus for service com.google.android.apps.plus/.iu.InstantUploadSyncService: pid=20648 uid=10044 gids={3003, 3002, 1015, 1006, 1028}
I/ActivityManager(  358): Start proc com.google.android.apps.docs for service com.google.android.apps.docs/.sync.syncadapter.DocsSyncAdapterService: pid=20674 uid=10085 gids={3003, 1015, 1006, 1028}
I/ActivityManager(  358): No longer want com.disney.WMW (pid 20231): hidden #16
W/ActivityManager(  358): Scheduling restart of crashed service com.disney.WMW/com.disney.billing.BillingService in 18426ms
I/ActivityManager(  358): Start proc com.android.vending for broadcast com.android.vending/com.google.android.finsky.receivers.ConsumptionAppDataChangedReceiver: pid=20693 uid=10043 gids={3003, 1015, 1028}
I/ActivityManager(  358): No longer want com.google.android.apps.maps:FriendService (pid 20302): hidden #16
I/ActivityManager(  358): No longer want com.google.android.apps.maps:LocationFriendService (pid 20314): hidden #16
I/ActivityManager(  358): No longer want com.google.android.talk (pid 20385): hidden #16
I/ActivityManager(  358): Start proc com.sega.soniccd for service com.sega.soniccd/.GameDownloaderService: pid=20760 uid=10098 gids={1015, 3003, 1028}
I/ActivityManager(  358): No longer want com.google.android.apps.maps (pid 19346): hidden #16
I/ActivityManager(  358): Start proc com.disney.WMW for service com.disney.WMW/com.disney.billing.BillingService: pid=20781 uid=10080 gids={3003, 1015, 1028}
I/ActivityManager(  358): No longer want com.google.android.gm (pid 19132): hidden #16
W/ThrottleService(  358): unable to find stats for iface rmnet0
W/ThrottleService(  358): unable to find stats for iface rmnet0
W/ThrottleService(  358): unable to find stats for iface rmnet0
I/WindowManager(  358): Lock screen displayed!
I/ActivityManager(  358): No longer want com.google.android.apps.uploader (pid 20540): hidden #16
I/ActivityManager(  358): No longer want com.google.android.apps.maps:GoogleLocationService (pid 20273): hidden #17
I/LocationManagerService(  358): remove passive (pid 358), next minTime = 0
W/ActivityManager(  358): Scheduling restart of crashed service com.google.android.apps.maps/com.google.android.location.internal.server.GoogleLocationService in 5000ms
W/BroadcastQueue(  358): Failure sending broadcast Intent { act=android.intent.action.SCREEN_ON flg=0x50000010 }
W/BroadcastQueue(  358): android.os.DeadObjectException
W/BroadcastQueue(  358): 	at android.os.BinderProxy.transact(Native Method)
W/BroadcastQueue(  358): 	at android.content.IIntentReceiver$Stub$Proxy.performReceive(IIntentReceiver.java:121)
W/BroadcastQueue(  358): 	at com.android.server.am.BroadcastQueue.performReceiveLocked(BroadcastQueue.java:365)
W/BroadcastQueue(  358): 	at com.android.server.am.BroadcastQueue.deliverToRegisteredReceiverLocked(BroadcastQueue.java:427)
W/BroadcastQueue(  358): 	at com.android.server.am.BroadcastQueue.processNextBroadcast(BroadcastQueue.java:634)
W/BroadcastQueue(  358): 	at com.android.server.am.ActivityManagerService.finishReceiver(ActivityManagerService.java:13281)
W/BroadcastQueue(  358): 	at android.app.ActivityManagerNative.onTransact(ActivityManagerNative.java:346)
W/BroadcastQueue(  358): 	at com.android.server.am.ActivityManagerService.onTransact(ActivityManagerService.java:1611)
W/BroadcastQueue(  358): 	at android.os.Binder.execTransact(Binder.java:367)
W/BroadcastQueue(  358): 	at dalvik.system.NativeStart.run(Native Method)
D/PhoneStatusBar(  696): disable: < expand icons alerts ticker system_info BACK HOME recent* CLOCK >
D/PhoneStatusBar(  696): disable: < expand icons alerts ticker system_info back* home* recent clock* >
I/ActivityManager(  358): Start proc com.google.android.apps.reader for service com.google.android.apps.reader/.appwidget.NewsListWidgetRemoteViewsService: pid=20874 uid=10066 gids={3003, 1028}
W/InputMethodManagerService(  358): Window already focused, ignoring focus gain of: com.android.internal.view.IInputMethodClient$Stub$Proxy@42725bc0 attribute=android.view.inputmethod.EditorInfo@433ed610
D/PhoneStatusBar(  696): disable: < expand icons alerts TICKER* SYSTEM_INFO* back home recent clock >
D/PhoneStatusBar(  696): makeIconsInvisible
W/ProcessStats(  358): Skipping unknown process pid 20865
W/ProcessStats(  358): Skipping unknown process pid 20867
W/ProcessStats(  358): Skipping unknown process pid 20868
I/ActivityManager(  358): Start proc com.google.android.apps.maps:GoogleLocationService for service com.google.android.apps.maps/com.google.android.location.internal.server.GoogleLocationService: pid=20893 uid=10034 gids={3003, 1015, 1028}
I/LocationManagerService(  358): request passive (pid 20893) 0 0
I/ActivityManager(  358): Start proc com.google.android.apps.maps:FriendService for broadcast com.google.android.apps.maps/com.google.googlenav.friend.android.ServiceReceiver: pid=20913 uid=10034 gids={3003, 1015, 1028}
I/ActivityManager(  358): Start proc com.google.android.apps.maps:LocationFriendService for broadcast com.google.android.apps.maps/com.google.googlenav.friend.reporting.LocationReportingIntentReceiver: pid=20925 uid=10034 gids={3003, 1015, 1028}
I/ActivityManager(  358): No longer want com.android.chrome (pid 20591): hidden #16
I/ActivityManager(  358): No longer want com.google.android.apps.plus (pid 20648): hidden #16
W/InputMethodManagerService(  358): Window already focused, ignoring focus gain of: com.android.internal.view.IInputMethodClient$Stub$Proxy@42bc37d0 attribute=null
D/PhoneStatusBar(  696): disable: < expand icons alerts ticker* system_info* back home recent clock >
D/PhoneStatusBar(  696): disable: < expand icons alerts ticker system_info back home RECENT* clock >
D/PhoneStatusBar(  696): disable: < expand icons alerts ticker system_info BACK* HOME* RECENT CLOCK* >
