I/ActivityManager(  358): Start proc com.android.chrome for service com.android.chrome/com.google.android.apps.chrome.appwidget.bookmarks.BookmarkThumbnailWidgetService: pid=10667 uid=10009 gids={3003, 1015, 1028}
I/ActivityThread(10667): Pub com.android.chrome.snapshot: com.google.android.apps.chrome.snapshot.SnapshotProvider
I/ActivityThread(10667): Pub com.android.chrome.ChromeBrowserProvider;com.android.chrome.browser;com.android.chrome: com.google.android.apps.chrome.ChromeBrowserProvider
I/LibraryLoader(10667): loading: chromeview
D/dalvikvm(10667): GC_CONCURRENT freed 178K, 9% free 7537K/8199K, paused 12ms+2ms, total 46ms
I/LibraryLoader(10667): loaded: chromeview
I/chromium(10667): [INFO:chrome_library_loader_hooks.cc(156)] Chromium logging enabled: level = 0, default verbosity = 0
W/BrowserProcessMain(10667): Excessive maxRendererProcesses value: 7
I/BrowserProcessMain(10667): Initializing chromium process, renderers=3 hostIsChrome=true
I/chromium(10667): [INFO:chrome_paths.cc(456)] Registering chrome_paths.cc as a path provider
I/chromium(10667): [INFO:build_info.cc(88)] BuildInfo instance initialized with device=grouper model=Nexus 7 brand=google android_build_id=JRO03D android_build_fp=google/nakasi/grouper:4.1.1/JRO03D/402395:user/release-keys package_version_code=1025123 package_version_name=18.0.1025123
I/chromium(10667): [INFO:breakpad_posix.cc(908)] Dump path: /data/data/com.android.chrome/cache/Crash Reports
D/SyncSetupManager(10667): Handling request for auth token from sync engine
D/SyncSetupManager(10667): setState: sync = true, wantedSyncState = true
D/SyncSetupManager(10667): Enabling sync
D/dalvikvm(16485): GC_CONCURRENT freed 1801K, 56% free 12704K/28807K, paused 14ms+22ms, total 84ms
I/ActivityManager(  358): START {act=android.intent.action.MAIN cat=[android.intent.category.LAUNCHER] flg=0x10200000 cmp=org.libsdl.app/.SDLActivity bnds=[528,115][656,243] u=0} from pid 16485
D/dalvikvm(10702): Late-enabling CheckJNI
I/ActivityManager(  358): Start proc org.libsdl.app for activity org.libsdl.app/.SDLActivity: pid=10702 uid=10104 gids={1015, 1028}
I/dalvikvm(10702): Turning on JNI app bug workarounds for target SDK version 9...
D/dalvikvm(10702): Trying to load lib /data/data/org.libsdl.app/lib/libpng.so 0x4231ee60
D/dalvikvm(10702): Added shared lib /data/data/org.libsdl.app/lib/libpng.so 0x4231ee60
D/dalvikvm(10702): No JNI_OnLoad found in /data/data/org.libsdl.app/lib/libpng.so 0x4231ee60, skipping init
D/dalvikvm(10702): Trying to load lib /data/data/org.libsdl.app/lib/libmikmod.so 0x4231ee60
D/dalvikvm(10702): Added shared lib /data/data/org.libsdl.app/lib/libmikmod.so 0x4231ee60
D/dalvikvm(10702): No JNI_OnLoad found in /data/data/org.libsdl.app/lib/libmikmod.so 0x4231ee60, skipping init
D/dalvikvm(10702): Trying to load lib /data/data/org.libsdl.app/lib/libSDL2.so 0x4231ee60
D/dalvikvm(10702): Added shared lib /data/data/org.libsdl.app/lib/libSDL2.so 0x4231ee60
D/dalvikvm(10702): Trying to load lib /data/data/org.libsdl.app/lib/libSDL2_mixer.so 0x4231ee60
D/dalvikvm(10702): Added shared lib /data/data/org.libsdl.app/lib/libSDL2_mixer.so 0x4231ee60
D/dalvikvm(10702): No JNI_OnLoad found in /data/data/org.libsdl.app/lib/libSDL2_mixer.so 0x4231ee60, skipping init
D/dalvikvm(10702): Trying to load lib /data/data/org.libsdl.app/lib/libbgdrtm.so 0x4231ee60
D/dalvikvm(10702): Added shared lib /data/data/org.libsdl.app/lib/libbgdrtm.so 0x4231ee60
D/dalvikvm(10702): No JNI_OnLoad found in /data/data/org.libsdl.app/lib/libbgdrtm.so 0x4231ee60, skipping init
D/dalvikvm(10702): Trying to load lib /data/data/org.libsdl.app/lib/libmain.so 0x4231ee60
D/dalvikvm(10702): Added shared lib /data/data/org.libsdl.app/lib/libmain.so 0x4231ee60
D/dalvikvm(10702): No JNI_OnLoad found in /data/data/org.libsdl.app/lib/libmain.so 0x4231ee60, skipping init
V/PhoneStatusBar(  696): setLightsOn(true)
V/SDL     (10702): surfaceCreated()
V/SDL     (10702): surfaceChanged()
V/SDL     (10702): pixel format RGB_565
V/SDL     (10702): Window size:800x1205
I/SDL     (10702): SDL_Android_Init()
I/SDL     (10702): SDL_Android_Init() finished!
W/SDL/APP (10702): BennuGD init
W/SDL/APP (10702): main.dcb exists in APK
W/SDL/APP (10702): Loading main.dcb...
D/SyncSetupManager(10667): Successfully retrieved sync auth token.
I/ActivityManager(  358): Displayed org.libsdl.app/.SDLActivity: +387ms
D/dalvikvm(10702): GC_CONCURRENT freed 443K, 11% free 7324K/8199K, paused 21ms+3ms, total 79ms
D/dalvikvm(10702): WAIT_FOR_CONCURRENT_GC blocked 9ms
D/dalvikvm(10702): WAIT_FOR_CONCURRENT_GC blocked 23ms
D/dalvikvm(10702): WAIT_FOR_CONCURRENT_GC blocked 10ms
D/dalvikvm(10702): WAIT_FOR_CONCURRENT_GC blocked 10ms
D/dalvikvm(10702): WAIT_FOR_CONCURRENT_GC blocked 7ms
D/dalvikvm(10702): WAIT_FOR_CONCURRENT_GC blocked 8ms
D/dalvikvm(10702): GC_CONCURRENT freed 536K, 13% free 7324K/8327K, paused 2ms+1ms, total 16ms
D/dalvikvm(10702): GC_CONCURRENT freed 512K, 13% free 7324K/8327K, paused 13ms+2ms, total 37ms
D/dalvikvm(10702): WAIT_FOR_CONCURRENT_GC blocked 5ms
D/dalvikvm(10702): GC_CONCURRENT freed 513K, 13% free 7323K/8327K, paused 2ms+2ms, total 22ms
D/dalvikvm(10702): WAIT_FOR_CONCURRENT_GC blocked 15ms
D/dalvikvm(10702): GC_CONCURRENT freed 509K, 13% free 7324K/8327K, paused 12ms+1ms, total 27ms
D/dalvikvm(10702): WAIT_FOR_CONCURRENT_GC blocked 3ms
D/dalvikvm(10702): GC_CONCURRENT freed 511K, 13% free 7324K/8327K, paused 12ms+1ms, total 29ms
D/dalvikvm(10702): WAIT_FOR_CONCURRENT_GC blocked 12ms
D/dalvikvm(10702): GC_CONCURRENT freed 454K, 13% free 7324K/8327K, paused 12ms+3ms, total 31ms
D/dalvikvm(10702): WAIT_FOR_CONCURRENT_GC blocked 15ms
D/dalvikvm(10702): GC_FOR_ALLOC freed 1K, 13% free 7323K/8327K, paused 16ms, total 16ms
I/dalvikvm-heap(10702): Grow heap (frag case) to 7.764MB for 200092-byte allocation
D/dalvikvm(10702): GC_FOR_ALLOC freed 195K, 15% free 7323K/8583K, paused 13ms, total 13ms
D/dalvikvm(10702): GC_CONCURRENT freed 511K, 15% free 7323K/8583K, paused 2ms+1ms, total 16ms
D/dalvikvm(10702): WAIT_FOR_CONCURRENT_GC blocked 9ms
D/dalvikvm(10702): GC_CONCURRENT freed 511K, 15% free 7323K/8583K, paused 1ms+1ms, total 14ms
D/dalvikvm(10702): WAIT_FOR_CONCURRENT_GC blocked 9ms
D/dalvikvm(10702): GC_CONCURRENT freed 511K, 15% free 7323K/8583K, paused 1ms+1ms, total 16ms
D/dalvikvm(10702): WAIT_FOR_CONCURRENT_GC blocked 9ms
D/dalvikvm(10702): GC_CONCURRENT freed 511K, 15% free 7323K/8583K, paused 1ms+1ms, total 14ms
D/dalvikvm(10702): WAIT_FOR_CONCURRENT_GC blocked 9ms
D/dalvikvm(10702): GC_CONCURRENT freed 511K, 15% free 7323K/8583K, paused 1ms+1ms, total 20ms
D/dalvikvm(10702): WAIT_FOR_CONCURRENT_GC blocked 7ms
D/dalvikvm(10702): GC_CONCURRENT freed 511K, 15% free 7323K/8583K, paused 1ms+1ms, total 13ms
D/dalvikvm(10702): WAIT_FOR_CONCURRENT_GC blocked 7ms
D/dalvikvm(10702): GC_CONCURRENT freed 512K, 15% free 7323K/8583K, paused 2ms+2ms, total 19ms
D/dalvikvm(10702): WAIT_FOR_CONCURRENT_GC blocked 9ms
D/dalvikvm(10702): GC_CONCURRENT freed 510K, 15% free 7323K/8583K, paused 11ms+1ms, total 24ms
D/dalvikvm(10702): WAIT_FOR_CONCURRENT_GC blocked 7ms
D/dalvikvm(10702): GC_CONCURRENT freed 511K, 15% free 7323K/8583K, paused 3ms+2ms, total 17ms
D/dalvikvm(10702): WAIT_FOR_CONCURRENT_GC blocked 8ms
D/dalvikvm(10702): GC_CONCURRENT freed 511K, 15% free 7323K/8583K, paused 1ms+1ms, total 14ms
D/dalvikvm(10702): WAIT_FOR_CONCURRENT_GC blocked 8ms
D/dalvikvm(10702): GC_CONCURRENT freed 511K, 15% free 7323K/8583K, paused 1ms+1ms, total 14ms
D/dalvikvm(10702): WAIT_FOR_CONCURRENT_GC blocked 8ms
D/dalvikvm(10702): GC_CONCURRENT freed 511K, 15% free 7323K/8583K, paused 1ms+1ms, total 14ms
D/dalvikvm(10702): WAIT_FOR_CONCURRENT_GC blocked 9ms
D/dalvikvm(10702): GC_CONCURRENT freed 511K, 15% free 7323K/8583K, paused 1ms+1ms, total 13ms
D/dalvikvm(10702): WAIT_FOR_CONCURRENT_GC blocked 7ms
D/dalvikvm(10702): GC_CONCURRENT freed 511K, 15% free 7323K/8583K, paused 1ms+2ms, total 13ms
D/dalvikvm(10702): WAIT_FOR_CONCURRENT_GC blocked 8ms
D/dalvikvm(10702): GC_CONCURRENT freed 509K, 15% free 7324K/8583K, paused 1ms+2ms, total 14ms
D/dalvikvm(10702): WAIT_FOR_CONCURRENT_GC blocked 8ms
D/dalvikvm(10702): GC_CONCURRENT freed 512K, 15% free 7323K/8583K, paused 1ms+2ms, total 13ms
D/dalvikvm(10702): WAIT_FOR_CONCURRENT_GC blocked 7ms
D/dalvikvm(10702): GC_CONCURRENT freed 511K, 15% free 7323K/8583K, paused 3ms+1ms, total 17ms
D/dalvikvm(10702): WAIT_FOR_CONCURRENT_GC blocked 9ms
D/dalvikvm(10702): GC_CONCURRENT freed 511K, 15% free 7323K/8583K, paused 1ms+1ms, total 13ms
D/dalvikvm(10702): WAIT_FOR_CONCURRENT_GC blocked 8ms
D/dalvikvm(10702): GC_CONCURRENT freed 511K, 15% free 7323K/8583K, paused 1ms+2ms, total 14ms
D/dalvikvm(10702): WAIT_FOR_CONCURRENT_GC blocked 8ms
D/dalvikvm(10702): GC_CONCURRENT freed 511K, 15% free 7323K/8583K, paused 2ms+1ms, total 14ms
D/dalvikvm(10702): WAIT_FOR_CONCURRENT_GC blocked 8ms
D/dalvikvm(10702): GC_CONCURRENT freed 511K, 15% free 7323K/8583K, paused 1ms+1ms, total 13ms
D/dalvikvm(10702): WAIT_FOR_CONCURRENT_GC blocked 8ms
D/dalvikvm(10702): GC_CONCURRENT freed 511K, 15% free 7323K/8583K, paused 2ms+1ms, total 14ms
D/dalvikvm(10702): WAIT_FOR_CONCURRENT_GC blocked 8ms
D/dalvikvm(10702): GC_CONCURRENT freed 511K, 15% free 7323K/8583K, paused 2ms+1ms, total 13ms
D/dalvikvm(10702): WAIT_FOR_CONCURRENT_GC blocked 9ms
D/dalvikvm(10702): GC_CONCURRENT freed 511K, 15% free 7323K/8583K, paused 1ms+2ms, total 16ms
D/dalvikvm(10702): WAIT_FOR_CONCURRENT_GC blocked 9ms
D/dalvikvm(10702): GC_CONCURRENT freed 511K, 15% free 7323K/8583K, paused 2ms+1ms, total 15ms
D/dalvikvm(10702): WAIT_FOR_CONCURRENT_GC blocked 9ms
D/dalvikvm(10702): GC_CONCURRENT freed 511K, 15% free 7323K/8583K, paused 1ms+1ms, total 15ms
D/dalvikvm(10702): WAIT_FOR_CONCURRENT_GC blocked 8ms
D/libEGL  (10702): loaded /system/lib/egl/libEGL_tegra.so
D/libEGL  (10702): loaded /system/lib/egl/libGLESv1_CM_tegra.so
D/libEGL  (10702): loaded /system/lib/egl/libGLESv2_tegra.so
V/SDL     (10702): Creating new EGL Surface
I/SDL     (10702): [STUB] GL_SetSwapInterval
I/SDL     (10702): [STUB] GL_GetSwapInterval
W/SDL/APP (10702): Depth: 32
V/SDL     (10702): Creating new EGL Surface
E/BufferQueue(  123): [SurfaceView] connect: already connected (cur=1, req=1)
E/libEGL  (10702): EGLNativeWindowType 0x41b89010 already connected to another API
E/libEGL  (10702): eglCreateWindowSurface:245 error 300b (EGL_BAD_NATIVE_WINDOW)
E/SDL     (10702): Couldn't create surface
I/SDL     (10702): [STUB] GL_SetSwapInterval
I/SDL     (10702): [STUB] GL_GetSwapInterval
D/dalvikvm(10702): GC_CONCURRENT freed 508K, 15% free 7324K/8583K, paused 11ms+2ms, total 23ms
D/dalvikvm(10702): WAIT_FOR_CONCURRENT_GC blocked 10ms
D/dalvikvm(10702): GC_CONCURRENT freed 505K, 15% free 7328K/8583K, paused 2ms+1ms, total 14ms
D/dalvikvm(10702): WAIT_FOR_CONCURRENT_GC blocked 9ms
D/dalvikvm(10702): GC_CONCURRENT freed 508K, 15% free 7328K/8583K, paused 11ms+1ms, total 24ms
D/dalvikvm(10702): WAIT_FOR_CONCURRENT_GC blocked 11ms
D/dalvikvm(10702): GC_CONCURRENT freed 508K, 15% free 7328K/8583K, paused 11ms+2ms, total 25ms
D/dalvikvm(10702): WAIT_FOR_CONCURRENT_GC blocked 11ms
D/dalvikvm(10702): GC_CONCURRENT freed 508K, 15% free 7328K/8583K, paused 12ms+1ms, total 25ms
D/dalvikvm(10702): WAIT_FOR_CONCURRENT_GC blocked 10ms
D/dalvikvm(10702): GC_CONCURRENT freed 516K, 15% free 7324K/8583K, paused 2ms+2ms, total 19ms
D/dalvikvm(10702): WAIT_FOR_CONCURRENT_GC blocked 12ms
D/dalvikvm(10702): GC_CONCURRENT freed 503K, 15% free 7328K/8583K, paused 12ms+1ms, total 23ms
D/dalvikvm(10702): WAIT_FOR_CONCURRENT_GC blocked 9ms
D/dalvikvm(10702): GC_CONCURRENT freed 512K, 15% free 7328K/8583K, paused 1ms+2ms, total 16ms
D/dalvikvm(10702): WAIT_FOR_CONCURRENT_GC blocked 12ms
D/dalvikvm(10702): GC_CONCURRENT freed 507K, 15% free 7328K/8583K, paused 12ms+1ms, total 23ms
D/dalvikvm(10702): WAIT_FOR_CONCURRENT_GC blocked 7ms
D/dalvikvm(10702): GC_CONCURRENT freed 512K, 15% free 7328K/8583K, paused 13ms+1ms, total 33ms
D/dalvikvm(10702): WAIT_FOR_CONCURRENT_GC blocked 13ms
D/dalvikvm(10702): GC_CONCURRENT freed 510K, 15% free 7328K/8583K, paused 1ms+1ms, total 13ms
D/dalvikvm(10702): WAIT_FOR_CONCURRENT_GC blocked 8ms
D/dalvikvm(10702): GC_CONCURRENT freed 508K, 15% free 7328K/8583K, paused 12ms+1ms, total 30ms
D/dalvikvm(10702): WAIT_FOR_CONCURRENT_GC blocked 14ms
D/dalvikvm(10702): GC_CONCURRENT freed 508K, 15% free 7328K/8583K, paused 1ms+1ms, total 14ms
D/dalvikvm(10702): WAIT_FOR_CONCURRENT_GC blocked 9ms
D/dalvikvm(10702): GC_CONCURRENT freed 508K, 15% free 7328K/8583K, paused 12ms+1ms, total 31ms
D/dalvikvm(10702): WAIT_FOR_CONCURRENT_GC blocked 12ms
D/dalvikvm(10702): GC_CONCURRENT freed 509K, 15% free 7328K/8583K, paused 12ms+2ms, total 27ms
D/dalvikvm(10702): WAIT_FOR_CONCURRENT_GC blocked 12ms
D/dalvikvm(10702): GC_CONCURRENT freed 512K, 15% free 7328K/8583K, paused 1ms+2ms, total 16ms
D/dalvikvm(10702): WAIT_FOR_CONCURRENT_GC blocked 10ms
D/dalvikvm(10702): GC_CONCURRENT freed 507K, 15% free 7328K/8583K, paused 11ms+2ms, total 24ms
D/dalvikvm(10702): WAIT_FOR_CONCURRENT_GC blocked 9ms
D/dalvikvm(10702): GC_CONCURRENT freed 512K, 15% free 7328K/8583K, paused 12ms+1ms, total 26ms
D/dalvikvm(10702): WAIT_FOR_CONCURRENT_GC blocked 10ms
D/dalvikvm(10702): GC_CONCURRENT freed 507K, 15% free 7328K/8583K, paused 13ms+2ms, total 34ms
D/dalvikvm(10702): WAIT_FOR_CONCURRENT_GC blocked 17ms
D/dalvikvm(10702): GC_CONCURRENT freed 512K, 15% free 7328K/8583K, paused 12ms+2ms, total 26ms
D/dalvikvm(10702): WAIT_FOR_CONCURRENT_GC blocked 11ms
D/dalvikvm(10702): GC_CONCURRENT freed 508K, 15% free 7328K/8583K, paused 12ms+1ms, total 28ms
D/dalvikvm(10702): WAIT_FOR_CONCURRENT_GC blocked 13ms
D/dalvikvm(10702): GC_CONCURRENT freed 512K, 15% free 7328K/8583K, paused 11ms+1ms, total 23ms
D/dalvikvm(10702): WAIT_FOR_CONCURRENT_GC blocked 9ms
D/dalvikvm(10702): GC_CONCURRENT freed 507K, 15% free 7328K/8583K, paused 11ms+2ms, total 35ms
D/dalvikvm(10702): WAIT_FOR_CONCURRENT_GC blocked 19ms
D/dalvikvm(10702): GC_CONCURRENT freed 512K, 15% free 7328K/8583K, paused 11ms+1ms, total 23ms
D/dalvikvm(10702): WAIT_FOR_CONCURRENT_GC blocked 10ms
D/dalvikvm(10702): GC_CONCURRENT freed 507K, 15% free 7328K/8583K, paused 12ms+1ms, total 30ms
D/dalvikvm(10702): WAIT_FOR_CONCURRENT_GC blocked 14ms
D/dalvikvm(10702): GC_CONCURRENT freed 512K, 15% free 7328K/8583K, paused 12ms+1ms, total 26ms
D/dalvikvm(10702): WAIT_FOR_CONCURRENT_GC blocked 11ms
D/dalvikvm(10702): GC_CONCURRENT freed 508K, 15% free 7328K/8583K, paused 2ms+1ms, total 16ms
D/dalvikvm(10702): WAIT_FOR_CONCURRENT_GC blocked 10ms
D/dalvikvm(10702): GC_CONCURRENT freed 512K, 15% free 7328K/8583K, paused 11ms+2ms, total 25ms
D/dalvikvm(10702): WAIT_FOR_CONCURRENT_GC blocked 9ms
D/dalvikvm(10702): GC_CONCURRENT freed 507K, 15% free 7328K/8583K, paused 12ms+2ms, total 33ms
D/dalvikvm(10702): WAIT_FOR_CONCURRENT_GC blocked 15ms
D/dalvikvm(10702): GC_CONCURRENT freed 512K, 15% free 7328K/8583K, paused 12ms+1ms, total 25ms
D/dalvikvm(10702): WAIT_FOR_CONCURRENT_GC blocked 9ms
D/dalvikvm(10702): GC_CONCURRENT freed 507K, 15% free 7328K/8583K, paused 11ms+2ms, total 25ms
D/dalvikvm(10702): WAIT_FOR_CONCURRENT_GC blocked 9ms
D/dalvikvm(10702): GC_CONCURRENT freed 512K, 15% free 7328K/8583K, paused 12ms+1ms, total 26ms
D/dalvikvm(10702): WAIT_FOR_CONCURRENT_GC blocked 10ms
D/dalvikvm(10702): GC_CONCURRENT freed 514K, 15% free 7324K/8583K, paused 12ms+2ms, total 28ms
D/dalvikvm(10702): WAIT_FOR_CONCURRENT_GC blocked 12ms
D/dalvikvm(10702): GC_CONCURRENT freed 512K, 15% free 7324K/8583K, paused 1ms+1ms, total 13ms
D/dalvikvm(10702): WAIT_FOR_CONCURRENT_GC blocked 8ms
D/dalvikvm(10702): GC_CONCURRENT freed 511K, 15% free 7324K/8583K, paused 2ms+1ms, total 14ms
D/dalvikvm(10702): WAIT_FOR_CONCURRENT_GC blocked 8ms
D/dalvikvm(10702): GC_CONCURRENT freed 512K, 15% free 7324K/8583K, paused 2ms+2ms, total 15ms
D/dalvikvm(10702): WAIT_FOR_CONCURRENT_GC blocked 8ms
D/dalvikvm(10702): GC_CONCURRENT freed 511K, 15% free 7324K/8583K, paused 1ms+2ms, total 16ms
D/dalvikvm(10702): WAIT_FOR_CONCURRENT_GC blocked 10ms
D/dalvikvm(10702): GC_CONCURRENT freed 512K, 15% free 7324K/8583K, paused 1ms+2ms, total 14ms
D/dalvikvm(10702): WAIT_FOR_CONCURRENT_GC blocked 8ms
D/dalvikvm(10702): GC_CONCURRENT freed 410K, 15% free 7324K/8583K, paused 12ms+1ms, total 28ms
D/dalvikvm(10702): GC_CONCURRENT freed 511K, 15% free 7325K/8583K, paused 11ms+2ms, total 24ms
D/dalvikvm(10702): WAIT_FOR_CONCURRENT_GC blocked 4ms
D/dalvikvm(10702): GC_CONCURRENT freed 495K, 15% free 7325K/8583K, paused 11ms+2ms, total 26ms
D/dalvikvm(10702): GC_CONCURRENT freed 443K, 15% free 7325K/8583K, paused 12ms+1ms, total 24ms
D/dalvikvm(10702): GC_CONCURRENT freed 512K, 15% free 7324K/8583K, paused 1ms+1ms, total 14ms
D/dalvikvm(10702): WAIT_FOR_CONCURRENT_GC blocked 3ms
D/dalvikvm(10702): GC_CONCURRENT freed 512K, 15% free 7324K/8583K, paused 2ms+1ms, total 14ms
D/dalvikvm(10702): WAIT_FOR_CONCURRENT_GC blocked 3ms
D/dalvikvm(10702): GC_CONCURRENT freed 510K, 15% free 7324K/8583K, paused 1ms+1ms, total 13ms
D/dalvikvm(10702): WAIT_FOR_CONCURRENT_GC blocked 8ms
D/dalvikvm(10702): GC_CONCURRENT freed 505K, 15% free 7330K/8583K, paused 12ms+2ms, total 23ms
D/dalvikvm(10702): WAIT_FOR_CONCURRENT_GC blocked 9ms
D/dalvikvm(10702): GC_CONCURRENT freed 511K, 15% free 7330K/8583K, paused 12ms+2ms, total 25ms
D/dalvikvm(10702): WAIT_FOR_CONCURRENT_GC blocked 6ms
D/dalvikvm(10702): GC_CONCURRENT freed 517K, 15% free 7324K/8583K, paused 11ms+2ms, total 25ms
D/dalvikvm(10702): WAIT_FOR_CONCURRENT_GC blocked 10ms
D/dalvikvm(10702): GC_CONCURRENT freed 491K, 15% free 7325K/8583K, paused 2ms+1ms, total 15ms
D/dalvikvm(10702): GC_CONCURRENT freed 512K, 15% free 7324K/8583K, paused 2ms+2ms, total 14ms
D/dalvikvm(10702): WAIT_FOR_CONCURRENT_GC blocked 8ms
D/dalvikvm(10702): GC_CONCURRENT freed 512K, 15% free 7324K/8583K, paused 1ms+2ms, total 14ms
D/dalvikvm(10702): WAIT_FOR_CONCURRENT_GC blocked 8ms
D/dalvikvm(10702): GC_CONCURRENT freed 510K, 15% free 7324K/8583K, paused 2ms+1ms, total 14ms
D/dalvikvm(10702): WAIT_FOR_CONCURRENT_GC blocked 9ms
D/dalvikvm(10702): GC_CONCURRENT freed 510K, 15% free 7324K/8583K, paused 12ms+3ms, total 30ms
D/dalvikvm(10702): WAIT_FOR_CONCURRENT_GC blocked 15ms
D/dalvikvm(10702): GC_CONCURRENT freed 511K, 15% free 7324K/8583K, paused 1ms+2ms, total 13ms
D/dalvikvm(10702): WAIT_FOR_CONCURRENT_GC blocked 9ms
D/dalvikvm(10702): GC_CONCURRENT freed 510K, 15% free 7324K/8583K, paused 1ms+2ms, total 15ms
D/dalvikvm(10702): WAIT_FOR_CONCURRENT_GC blocked 11ms
D/dalvikvm(10702): GC_CONCURRENT freed 510K, 15% free 7324K/8583K, paused 12ms+2ms, total 30ms
D/dalvikvm(10702): WAIT_FOR_CONCURRENT_GC blocked 14ms
D/dalvikvm(10702): GC_CONCURRENT freed 510K, 15% free 7324K/8583K, paused 2ms+1ms, total 16ms
D/dalvikvm(10702): WAIT_FOR_CONCURRENT_GC blocked 9ms
D/dalvikvm(10702): GC_CONCURRENT freed 510K, 15% free 7324K/8583K, paused 1ms+1ms, total 13ms
D/dalvikvm(10702): WAIT_FOR_CONCURRENT_GC blocked 9ms
D/dalvikvm(10702): GC_CONCURRENT freed 508K, 15% free 7326K/8583K, paused 1ms+2ms, total 15ms
D/dalvikvm(10702): WAIT_FOR_CONCURRENT_GC blocked 10ms
D/dalvikvm(10702): GC_CONCURRENT freed 512K, 15% free 7324K/8583K, paused 1ms+2ms, total 16ms
D/dalvikvm(10702): WAIT_FOR_CONCURRENT_GC blocked 10ms
D/dalvikvm(10702): GC_CONCURRENT freed 508K, 15% free 7326K/8583K, paused 1ms+2ms, total 14ms
D/dalvikvm(10702): WAIT_FOR_CONCURRENT_GC blocked 9ms
D/dalvikvm(10702): GC_CONCURRENT freed 512K, 15% free 7324K/8583K, paused 2ms+2ms, total 19ms
D/dalvikvm(10702): WAIT_FOR_CONCURRENT_GC blocked 14ms
D/dalvikvm(10702): GC_CONCURRENT freed 511K, 15% free 7324K/8583K, paused 2ms+1ms, total 19ms
D/dalvikvm(10702): WAIT_FOR_CONCURRENT_GC blocked 13ms
D/dalvikvm(10702): GC_CONCURRENT freed 510K, 15% free 7324K/8583K, paused 2ms+1ms, total 13ms
D/dalvikvm(10702): WAIT_FOR_CONCURRENT_GC blocked 8ms
D/dalvikvm(10702): GC_CONCURRENT freed 511K, 15% free 7324K/8583K, paused 1ms+2ms, total 14ms
D/dalvikvm(10702): WAIT_FOR_CONCURRENT_GC blocked 8ms
D/dalvikvm(10702): GC_CONCURRENT freed 508K, 15% free 7325K/8583K, paused 2ms+1ms, total 16ms
D/dalvikvm(10702): GC_CONCURRENT freed 504K, 15% free 7328K/8583K, paused 1ms+1ms, total 13ms
D/dalvikvm(10702): WAIT_FOR_CONCURRENT_GC blocked 9ms
D/dalvikvm(10702): GC_CONCURRENT freed 512K, 15% free 7328K/8583K, paused 11ms+2ms, total 23ms
D/dalvikvm(10702): WAIT_FOR_CONCURRENT_GC blocked 9ms
D/dalvikvm(10702): GC_CONCURRENT freed 507K, 15% free 7328K/8583K, paused 1ms+2ms, total 14ms
D/dalvikvm(10702): WAIT_FOR_CONCURRENT_GC blocked 11ms
D/dalvikvm(10702): GC_CONCURRENT freed 512K, 15% free 7328K/8583K, paused 11ms+2ms, total 25ms
D/dalvikvm(10702): WAIT_FOR_CONCURRENT_GC blocked 10ms
D/dalvikvm(10702): GC_CONCURRENT freed 507K, 15% free 7328K/8583K, paused 2ms+1ms, total 16ms
D/dalvikvm(10702): WAIT_FOR_CONCURRENT_GC blocked 11ms
D/dalvikvm(10702): GC_CONCURRENT freed 512K, 15% free 7328K/8583K, paused 13ms+1ms, total 31ms
D/dalvikvm(10702): WAIT_FOR_CONCURRENT_GC blocked 14ms
W/SDL/APP (10702): ----------------- FPGS CARGADOS!
V/SDL     (10702): SDL audio: opening device
V/SDL     (10702): SDL audio: wanted stereo 16-bit 22.05kHz, 1024 frames buffer
V/SDL     (10702): SDL audio: got stereo 16-bit 22.05kHz, 1584 frames buffer
W/SDL/APP (10702): ----------------- WAVS CARGADOS!
D/dalvikvm(10702): GC_CONCURRENT freed 364K, 14% free 7402K/8583K, paused 2ms+2ms, total 17ms
W/SDL/APP (10702): ----------------- FNTS CARGADOS!
D/dalvikvm(10702): GC_CONCURRENT freed 581K, 15% free 7333K/8583K, paused 1ms+1ms, total 14ms
D/dalvikvm(10702): WAIT_FOR_CONCURRENT_GC blocked 9ms
D/dalvikvm(10702): GC_CONCURRENT freed 511K, 15% free 7332K/8583K, paused 2ms+2ms, total 14ms
D/dalvikvm(10702): WAIT_FOR_CONCURRENT_GC blocked 9ms
D/dalvikvm(10702): GC_CONCURRENT freed 511K, 15% free 7332K/8583K, paused 1ms+2ms, total 15ms
D/dalvikvm(10702): WAIT_FOR_CONCURRENT_GC blocked 11ms
D/dalvikvm(10702): GC_CONCURRENT freed 511K, 15% free 7332K/8583K, paused 2ms+2ms, total 18ms
D/dalvikvm(10702): WAIT_FOR_CONCURRENT_GC blocked 11ms
D/dalvikvm(10702): GC_CONCURRENT freed 511K, 15% free 7332K/8583K, paused 1ms+1ms, total 14ms
D/dalvikvm(10702): WAIT_FOR_CONCURRENT_GC blocked 9ms
D/dalvikvm(10702): GC_CONCURRENT freed 511K, 15% free 7332K/8583K, paused 2ms+1ms, total 16ms
D/dalvikvm(10702): WAIT_FOR_CONCURRENT_GC blocked 11ms
D/dalvikvm(10702): GC_CONCURRENT freed 511K, 15% free 7332K/8583K, paused 1ms+1ms, total 16ms
D/dalvikvm(10702): WAIT_FOR_CONCURRENT_GC blocked 10ms
D/dalvikvm(10702): GC_CONCURRENT freed 511K, 15% free 7332K/8583K, paused 1ms+2ms, total 15ms
D/dalvikvm(10702): WAIT_FOR_CONCURRENT_GC blocked 10ms
D/dalvikvm(10702): GC_CONCURRENT freed 511K, 15% free 7332K/8583K, paused 1ms+2ms, total 14ms
D/dalvikvm(10702): WAIT_FOR_CONCURRENT_GC blocked 9ms
D/dalvikvm(10702): GC_CONCURRENT freed 511K, 15% free 7332K/8583K, paused 2ms+1ms, total 17ms
D/dalvikvm(10702): WAIT_FOR_CONCURRENT_GC blocked 11ms
D/dalvikvm(10702): GC_CONCURRENT freed 511K, 15% free 7332K/8583K, paused 1ms+2ms, total 16ms
D/dalvikvm(10702): WAIT_FOR_CONCURRENT_GC blocked 10ms
D/dalvikvm(10702): GC_CONCURRENT freed 511K, 15% free 7332K/8583K, paused 2ms+2ms, total 17ms
D/dalvikvm(10702): WAIT_FOR_CONCURRENT_GC blocked 11ms
D/dalvikvm(10702): GC_CONCURRENT freed 510K, 15% free 7334K/8583K, paused 12ms+2ms, total 27ms
D/dalvikvm(10702): WAIT_FOR_CONCURRENT_GC blocked 12ms
D/dalvikvm(10702): GC_CONCURRENT freed 512K, 15% free 7332K/8583K, paused 1ms+2ms, total 16ms
D/dalvikvm(10702): WAIT_FOR_CONCURRENT_GC blocked 10ms
D/dalvikvm(10702): GC_CONCURRENT freed 511K, 15% free 7332K/8583K, paused 2ms+1ms, total 17ms
D/dalvikvm(10702): WAIT_FOR_CONCURRENT_GC blocked 11ms
W/SDL/APP (10702): ----------------- INICIALIZANDO COSICAS!
I/ActivityManager(  358): No longer want com.sega.soniccd (pid 10413): hidden #16
W/ActivityManager(  358): Scheduling restart of crashed service com.sega.soniccd/.GameDownloaderService in 5000ms
D/dalvikvm(10667): GC_CONCURRENT freed 343K, 10% free 7622K/8455K, paused 12ms+2ms, total 28ms
I/ActivityManager(  358): No longer want com.android.keychain (pid 10268): hidden #16
W/SDL/APP (10702): ----------------------------------------------before fuck
W/SDL/APP (10702): ----------------------------------------------fuck
F/libc    (10702): Fatal signal 11 (SIGSEGV) at 0x00000000 (code=1), thread 10716 (SDLThread)
I/DEBUG   (  122): *** *** *** *** *** *** *** *** *** *** *** *** *** *** *** ***
I/DEBUG   (  122): Build fingerprint: 'google/nakasi/grouper:4.1.1/JRO03D/402395:user/release-keys'
I/DEBUG   (  122): pid: 10702, tid: 10716, name: SDLThread  >>> org.libsdl.app <<<
I/DEBUG   (  122): signal 11 (SIGSEGV), code 1 (SEGV_MAPERR), fault addr 00000000
I/DEBUG   (  122):     r0 00000000  r1 6772000c  r2 00000001  r3 67538ef9
I/DEBUG   (  122):     r4 66e52f70  r5 64f9a8f4  r6 675adb4c  r7 675adb54
I/DEBUG   (  122):     r8 00000afd  r9 67593020  sl 67592810  fp 6772000c
I/DEBUG   (  122):     ip 000046c3  sp 687d8b48  lr 675331bf  pc 67536fe2  cpsr 00000030
I/DEBUG   (  122):     d0  3f8000003f800000  d1  4077f80000000000
I/DEBUG   (  122):     d2  4080000044000000  d3  43fa000000000000
I/DEBUG   (  122):     d4  000004b5497a0000  d5  4496a00044480000
I/DEBUG   (  122):     d6  0000040000000000  d7  0000535b00000300
I/DEBUG   (  122):     d8  0000000000000000  d9  0000000000000000
I/DEBUG   (  122):     d10 0000000000000000  d11 0000000000000000
I/DEBUG   (  122):     d12 0000000000000000  d13 0000000000000000
I/DEBUG   (  122):     d14 0000000000000000  d15 0000000000000000
I/DEBUG   (  122):     d16 0000000000000001  d17 0000000000000000
I/DEBUG   (  122):     d18 000000000025c3a2  d19 3fe0000000000000
I/DEBUG   (  122):     d20 bf2a01a019c161d5  d21 3ca72cece675d1fd
I/DEBUG   (  122):     d22 3f8111111110f8a6  d23 394c1cc000000001
I/DEBUG   (  122):     d24 0067006700670067  d25 0067006700670067
I/DEBUG   (  122):     d26 0067006700670067  d27 0067006700670067
I/DEBUG   (  122):     d28 0100010001000100  d29 0100010001000100
I/DEBUG   (  122):     d30 0000000100000001  d31 0000000100000001
I/DEBUG   (  122):     scr 60000010
I/DEBUG   (  122): 
I/DEBUG   (  122): backtrace:
I/DEBUG   (  122):     #00  pc 0001cfe2  /data/data/org.libsdl.app/lib/libbgdrtm.so (file_eof+1)
I/DEBUG   (  122):     #01  pc 000191bd  /data/data/org.libsdl.app/lib/libbgdrtm.so (instance_go+18420)
I/DEBUG   (  122):     #02  pc 00019239  /data/data/org.libsdl.app/lib/libbgdrtm.so (instance_go+18544)
I/DEBUG   (  122):     #03  pc 00019b0d  /data/data/org.libsdl.app/lib/libbgdrtm.so (instance_go_all+376)
I/DEBUG   (  122):     #04  pc 00000fad  /data/data/org.libsdl.app/lib/libmain.so (SDL_main+252)
I/DEBUG   (  122):     #05  pc 00000ea3  /data/data/org.libsdl.app/lib/libmain.so (Java_org_libsdl_app_SDLActivity_nativeInit+26)
I/DEBUG   (  122):     #06  pc 0001de30  /system/lib/libdvm.so (dvmPlatformInvoke+112)
I/DEBUG   (  122):     #07  pc 0004d083  /system/lib/libdvm.so (dvmCallJNIMethod(unsigned int const*, JValue*, Method const*, Thread*)+394)
I/DEBUG   (  122):     #08  pc 0004f19f  /system/lib/libdvm.so (dvmResolveNativeMethod(unsigned int const*, JValue*, Method const*, Thread*)+174)
I/DEBUG   (  122):     #09  pc 00027260  /system/lib/libdvm.so
I/DEBUG   (  122):     #10  pc 0002bb68  /system/lib/libdvm.so (dvmInterpret(Thread*, Method const*, JValue*)+180)
I/DEBUG   (  122):     #11  pc 0005f7f1  /system/lib/libdvm.so (dvmCallMethodV(Thread*, Method const*, Object*, bool, JValue*, std::__va_list)+272)
I/DEBUG   (  122):     #12  pc 0005f81b  /system/lib/libdvm.so (dvmCallMethod(Thread*, Method const*, Object*, JValue*, ...)+20)
I/DEBUG   (  122):     #13  pc 000543d3  /system/lib/libdvm.so
I/DEBUG   (  122):     #14  pc 00012dd0  /system/lib/libc.so (__thread_entry+48)
I/DEBUG   (  122):     #15  pc 00012528  /system/lib/libc.so (pthread_create+172)
I/DEBUG   (  122): 
I/DEBUG   (  122): stack:
I/DEBUG   (  122):          687d8b08  675adb74  /data/data/org.libsdl.app/lib/libbgdrtm.so
I/DEBUG   (  122):          687d8b0c  653543f8  
I/DEBUG   (  122):          687d8b10  00000000  
I/DEBUG   (  122):          687d8b14  00000afd  
I/DEBUG   (  122):          687d8b18  000000a3  
I/DEBUG   (  122):          687d8b1c  400f4f65  /system/lib/libc.so (free+12)
I/DEBUG   (  122):          687d8b20  000000a0  
I/DEBUG   (  122):          687d8b24  6753428d  /data/data/org.libsdl.app/lib/libbgdrtm.so (string_discard+56)
I/DEBUG   (  122):          687d8b28  07cdfbb9  
I/DEBUG   (  122):          687d8b2c  67720010  
I/DEBUG   (  122):          687d8b30  00000000  
I/DEBUG   (  122):          687d8b34  675adb4c  /data/data/org.libsdl.app/lib/libbgdrtm.so
I/DEBUG   (  122):          687d8b38  675adb54  /data/data/org.libsdl.app/lib/libbgdrtm.so
I/DEBUG   (  122):          687d8b3c  67538ee5  /data/data/org.libsdl.app/lib/libbgdrtm.so
I/DEBUG   (  122):          687d8b40  df0027ad  
I/DEBUG   (  122):          687d8b44  00000000  
I/DEBUG   (  122):     #00  687d8b48  67538ef9  /data/data/org.libsdl.app/lib/libbgdrtm.so
I/DEBUG   (  122):          687d8b4c  675331bf  /data/data/org.libsdl.app/lib/libbgdrtm.so (instance_go+18422)
I/DEBUG   (  122):     #01  687d8b50  00000001  
I/DEBUG   (  122):          687d8b54  6754478f  /data/data/org.libsdl.app/lib/libbgdrtm.so (librender_instance_create_hook+34)
I/DEBUG   (  122):          687d8b58  ffffffff  
I/DEBUG   (  122):          687d8b5c  66e52f70  
I/DEBUG   (  122):          687d8b60  675adb34  /data/data/org.libsdl.app/lib/libbgdrtm.so
I/DEBUG   (  122):          687d8b64  6757fd7c  /data/data/org.libsdl.app/lib/libbgdrtm.so
I/DEBUG   (  122):          687d8b68  00010003  
I/DEBUG   (  122):          687d8b6c  675adb60  /data/data/org.libsdl.app/lib/libbgdrtm.so
I/DEBUG   (  122):          687d8b70  698cb008  
I/DEBUG   (  122):          687d8b74  64fa2d68  
I/DEBUG   (  122):          687d8b78  64fa3ec0  
I/DEBUG   (  122):          687d8b7c  675adb4c  /data/data/org.libsdl.app/lib/libbgdrtm.so
I/DEBUG   (  122):          687d8b80  675adb54  /data/data/org.libsdl.app/lib/libbgdrtm.so
I/DEBUG   (  122):          687d8b84  00000afd  
I/DEBUG   (  122):          687d8b88  67593020  /data/data/org.libsdl.app/lib/libbgdrtm.so
I/DEBUG   (  122):          687d8b8c  67592810  /data/data/org.libsdl.app/lib/libbgdrtm.so
I/DEBUG   (  122):          ........  ........
I/DEBUG   (  122):     #02  687d8b98  687d8bb4  
I/DEBUG   (  122):          687d8b9c  64dd8400  
I/DEBUG   (  122):          687d8ba0  66e52f70  
I/DEBUG   (  122):          687d8ba4  652037b9  /data/data/org.libsdl.app/lib/libSDL2.so (SDL_SYS_JoystickUpdate+56)
I/DEBUG   (  122):          687d8ba8  675adb34  /data/data/org.libsdl.app/lib/libbgdrtm.so
I/DEBUG   (  122):          687d8bac  6757fd7c  /data/data/org.libsdl.app/lib/libbgdrtm.so
I/DEBUG   (  122):          687d8bb0  00010000  
I/DEBUG   (  122):          687d8bb4  675adb60  /data/data/org.libsdl.app/lib/libbgdrtm.so
I/DEBUG   (  122):          687d8bb8  00000000  
I/DEBUG   (  122):          687d8bbc  64fa2d68  
I/DEBUG   (  122):          687d8bc0  00000000  
I/DEBUG   (  122):          687d8bc4  67592810  /data/data/org.libsdl.app/lib/libbgdrtm.so
I/DEBUG   (  122):          687d8bc8  675adb34  /data/data/org.libsdl.app/lib/libbgdrtm.so
I/DEBUG   (  122):          687d8bcc  675adb54  /data/data/org.libsdl.app/lib/libbgdrtm.so
I/DEBUG   (  122):          687d8bd0  675adb34  /data/data/org.libsdl.app/lib/libbgdrtm.so
I/DEBUG   (  122):          687d8bd4  00000002  
I/DEBUG   (  122):          ........  ........
I/DEBUG   (  122): 
I/DEBUG   (  122): memory near r1:
I/DEBUG   (  122):     6771ffec 00000000 00000000 00000007 00000000  ................
I/DEBUG   (  122):     6771fffc 00000000 00000000 0000400b 00004000  .........@...@..
I/DEBUG   (  122):     6772000c 00000000 00000000 00000000 00000000  ................
I/DEBUG   (  122):     6772001c 00000000 00000000 00000000 00000000  ................
I/DEBUG   (  122):     6772002c 00000000 00000000 00000000 00000000  ................
I/DEBUG   (  122): 
I/DEBUG   (  122): memory near r3:
I/DEBUG   (  122):     67538ed8 fee6f7fd 68204605 f9b8f7fb bd384628  .....F h....(F8.
I/DEBUG   (  122):     67538ee8 00059286 684a680b 46196888 bb68f7fd  .....hJh.h.F..h.
I/DEBUG   (  122):     67538ef8 f7fe6808 bf00b871 b5086808 ffcef7fd  .h..q....h......
I/DEBUG   (  122):     67538f08 bd082001 f5adb5f0 4f206d80 4820b083  . .......m O.. H
I/DEBUG   (  122):     67538f18 447f460c 4478683f f8cd683b f7fb3404  .F.D?hxD;h...4..
I/DEBUG   (  122): 
I/DEBUG   (  122): memory near r4:
I/DEBUG   (  122):     66e52f50 00000000 00000000 00000000 00000000  ................
I/DEBUG   (  122):     66e52f60 00000000 00000000 00000000 00000083  ................
I/DEBUG   (  122):     66e52f70 66f96f08 676cc008 64fa2c80 64f9a6b8  .o.f..lg.,.d...d
I/DEBUG   (  122):     66e52f80 64f9a6b8 00000000 00000000 00000000  ...d............
I/DEBUG   (  122):     66e52f90 6495da28 000036ec 00000000 00000001  (..d.6..........
I/DEBUG   (  122): 
I/DEBUG   (  122): memory near r5:
I/DEBUG   (  122):     64f9a8d4 00000000 0000008a 00000029 00000047  ........)...G...
I/DEBUG   (  122):     64f9a8e4 00000099 000007e8 0000008a 00000037  ............7...
I/DEBUG   (  122):     64f9a8f4 00000022 0000009c 000000c4 00000392  "...............
I/DEBUG   (  122):     64f9a904 0000001c 00000099 000007e8 0000008a  ................
I/DEBUG   (  122):     64f9a914 00000036 00000347 00000093 000000f0  6...G...........
I/DEBUG   (  122): 
I/DEBUG   (  122): memory near r6:
I/DEBUG   (  122):     675adb2c 66e01008 652cd008 00000000 00000000  ...f..,e........
I/DEBUG   (  122):     675adb3c 00000000 00000000 00000000 00000000  ................
I/DEBUG   (  122):     675adb4c 00000000 00000000 00000000 00000000  ................
I/DEBUG   (  122):     675adb5c 00000000 00000000 00000000 00000000  ................
I/DEBUG   (  122):     675adb6c 00000000 00000000 00000420 653543f8  ........ ....C5e
I/DEBUG   (  122): 
I/DEBUG   (  122): memory near r7:
I/DEBUG   (  122):     675adb34 00000000 00000000 00000000 00000000  ................
I/DEBUG   (  122):     675adb44 00000000 00000000 00000000 00000000  ................
I/DEBUG   (  122):     675adb54 00000000 00000000 00000000 00000000  ................
I/DEBUG   (  122):     675adb64 00000000 00000000 00000000 00000000  ................
I/DEBUG   (  122):     675adb74 00000420 653543f8 64c2f360 67f02218   ....C5e`..d.".g
I/DEBUG   (  122): 
I/DEBUG   (  122): memory near r9:
I/DEBUG   (  122):     67593000 67593000 00000000 00000000 00000000  .0Yg............
I/DEBUG   (  122):     67593010 00000000 00000000 00010007 00007fff  ................
I/DEBUG   (  122):     67593020 ffffffff 000000a4 67580448 67580450  ........H.XgP.Xg
I/DEBUG   (  122):     67593030 67580454 6758045c 67580468 67580470  T.Xg\.Xgh.Xgp.Xg
I/DEBUG   (  122):     67593040 00000000 6758043c 00000000 00000001  ....<.Xg........
I/DEBUG   (  122): 
I/DEBUG   (  122): memory near sl:
I/DEBUG   (  122):     675927f0 00000000 00000000 00000000 00000000  ................
I/DEBUG   (  122):     67592800 00000000 00000000 00000000 00000000  ................
I/DEBUG   (  122):     67592810 000786f0 00000000 00000000 64e4a65d  ............]..d
I/DEBUG   (  122):     67592820 65240829 400ebaac 65203299 652417c5  ).$e...@.2 e..$e
I/DEBUG   (  122):     67592830 400fa3e1 400eb58c 64a898c1 651feff9  ...@...@...d...e
I/DEBUG   (  122): 
I/DEBUG   (  122): memory near fp:
I/DEBUG   (  122):     6771ffec 00000000 00000000 00000007 00000000  ................
I/DEBUG   (  122):     6771fffc 00000000 00000000 0000400b 00004000  .........@...@..
I/DEBUG   (  122):     6772000c 00000000 00000000 00000000 00000000  ................
I/DEBUG   (  122):     6772001c 00000000 00000000 00000000 00000000  ................
I/DEBUG   (  122):     6772002c 00000000 00000000 00000000 00000000  ................
I/DEBUG   (  122): 
I/DEBUG   (  122): memory near ip:
I/DEBUG   (  122):     000046a0 ffffffff ffffffff ffffffff ffffffff  ................
I/DEBUG   (  122):     000046b0 ffffffff ffffffff ffffffff ffffffff  ................
I/DEBUG   (  122):     000046c0 ffffffff ffffffff ffffffff ffffffff  ................
I/DEBUG   (  122):     000046d0 ffffffff ffffffff ffffffff ffffffff  ................
I/DEBUG   (  122):     000046e0 ffffffff ffffffff ffffffff ffffffff  ................
I/DEBUG   (  122): 
I/DEBUG   (  122): memory near sp:
I/DEBUG   (  122):     687d8b28 07cdfbb9 67720010 00000000 675adb4c  ......rg....L.Zg
I/DEBUG   (  122):     687d8b38 675adb54 67538ee5 df0027ad 00000000  T.Zg..Sg.'......
I/DEBUG   (  122):     687d8b48 67538ef9 675331bf 00000001 6754478f  ..Sg.1Sg.....GTg
I/DEBUG   (  122):     687d8b58 ffffffff 66e52f70 675adb34 6757fd7c  ....p/.f4.Zg|.Wg
I/DEBUG   (  122):     687d8b68 00010003 675adb60 698cb008 64fa2d68  ....`.Zg...ih-.d
I/DEBUG   (  122): 
I/DEBUG   (  122): code around pc:
I/DEBUG   (  122):     67536fc0 be90f7f4 bad6f7f5 b5084904 f7ff4479  .........I..yD..
I/DEBUG   (  122):     67536fd0 b110fe6b ff66f7ff bd082001 0004981c  k.....f.. ......
I/DEBUG   (  122):     67536fe0 6803b508 d0082b01 d00d2b03 d0042b04  ...h.+...+...+..
I/DEBUG   (  122):     67536ff0 89986843 1040f3c0 f500bd08 69c05080  Ch....@......P.i
I/DEBUG   (  122):     67537000 bf183000 bd082001 b10b6943 bd082001  .0... ..Ci... ..
I/DEBUG   (  122): 
I/DEBUG   (  122): code around lr:
I/DEBUG   (  122):     6753319c f98cf002 28004603 8285f000 46206902  .....F.(.....i F
I/DEBUG   (  122):     675331ac 35086de1 0b82eba1 b05cf8c4 4659695b  .m.5......\.[iYF
I/DEBUG   (  122):     675331bc f8cb4798 6de30000 65e33304 bb73f7fe  .G.....m.3.e..s.
I/DEBUG   (  122):     675331cc 0000053c 00000524 f7f96868 4683fc4f  <...$...hh..O..F
I/DEBUG   (  122):     675331dc f0002800 462182ca f8e2f7fb 1030f8db  .(....!F......0.
D/Zygote  (  124): Process 10702 terminated by signal (11)
I/WindowState(  358): WIN DEATH: Window{425a2a68 org.libsdl.app/org.libsdl.app.SDLActivity paused=false}
I/ActivityManager(  358): Process org.libsdl.app (pid 10702) has died.
W/WindowManager(  358): Force-removing child win Window{42622c28 SurfaceView paused=false} from container Window{425a2a68 org.libsdl.app/org.libsdl.app.SDLActivity paused=false}
W/ActivityManager(  358): Force removing ActivityRecord{4266b390 org.libsdl.app/.SDLActivity}: app died, no saved state
W/WindowManager(  358): Failed looking up window
W/WindowManager(  358): java.lang.IllegalArgumentException: Requested window android.os.BinderProxy@426ba0b0 does not exist
W/WindowManager(  358): 	at com.android.server.wm.WindowManagerService.windowForClientLocked(WindowManagerService.java:7640)
W/WindowManager(  358): 	at com.android.server.wm.WindowManagerService.windowForClientLocked(WindowManagerService.java:7631)
W/WindowManager(  358): 	at com.android.server.wm.WindowState$DeathRecipient.binderDied(WindowState.java:854)
W/WindowManager(  358): 	at android.os.BinderProxy.sendDeathNotice(Binder.java:449)
W/WindowManager(  358): 	at dalvik.system.NativeStart.run(Native Method)
I/WindowState(  358): WIN DEATH: null
W/InputMethodManagerService(  358): Got RemoteException sending setActive(false) notification to pid 10702 uid 10104
I/ActivityManager(  358): Start proc com.sega.soniccd for service com.sega.soniccd/.GameDownloaderService: pid=10754 uid=10098 gids={1015, 3003, 1028}
I/ActivityThread(10754): Pub com.sega.soniccd: com.sega.soniccd.APEZProvider
D/dalvikvm(  840): GC_CONCURRENT freed 507K, 11% free 8189K/9159K, paused 2ms+2ms, total 25ms
D/dalvikvm(  840): WAIT_FOR_CONCURRENT_GC blocked 11ms
D/Finsky  (  840): [1] 5.onFinished: Installation state replication succeeded.
I/ActivityManager(  358): No longer want jp.co.omronsoft.iwnnime.ml (pid 10282): hidden #16
D/dalvikvm(10034): GC_CONCURRENT freed 456K, 12% free 7331K/8263K, paused 14ms+1ms, total 66ms
I/ActivityManager(  358): No longer want com.disney.WMW (pid 6561): hidden #16
W/ActivityManager(  358): Scheduling restart of crashed service com.disney.WMW/com.disney.billing.BillingService in 5000ms
I/dalvikvm(10929): Turning on JNI app bug workarounds for target SDK version 7...
I/ActivityManager(  358): Start proc com.disney.WMW for service com.disney.WMW/com.disney.billing.BillingService: pid=10929 uid=10080 gids={3003, 1015, 1028}
D/dalvikvm(10929): GC_CONCURRENT freed 144K, 8% free 7622K/8199K, paused 12ms+2ms, total 30ms
D/dalvikvm(10929): WAIT_FOR_CONCURRENT_GC blocked 11ms
D/dalvikvm(10929): GC_CONCURRENT freed 116K, 7% free 7956K/8519K, paused 2ms+18ms, total 35ms
D/SurfaceFlinger(  123): About to give-up screen, flinger = 0x40d5daf0
D/NfcService( 1806): NFC-C OFF, disconnect
V/LockPatternKeyguardView(  358): Set visibility on com.android.internal.policy.impl.LockPatternKeyguardView$4@42dbebf0 to 8388608
V/TransportControlView(  358): Create TCV com.android.internal.widget.TransportControlView@42631188
D/dalvikvm(  358): GC_CONCURRENT freed 1450K, 42% free 16652K/28423K, paused 22ms+11ms, total 168ms
D/dalvikvm(  358): WAIT_FOR_CONCURRENT_GC blocked 146ms
V/KeyguardViewManager(  358): KGVM: Set visibility on com.android.internal.policy.impl.KeyguardViewManager$KeyguardViewHost@424ee740 to 6291456
D/PhoneStatusBar(  696): disable: < expand icons alerts ticker system_info back home RECENT* clock >
V/LockPatternKeyguardView(  358): Set visibility on com.android.internal.policy.impl.LockPatternKeyguardView$4@42dbebf0 to 8388608
D/PhoneStatusBar(  696): disable: < expand icons alerts ticker system_info BACK* HOME* RECENT CLOCK* >
V/LockPatternKeyguardView(  358): Set visibility on com.android.internal.policy.impl.LockPatternKeyguardView$4@42dbebf0 to 8388608
D/AndroidRuntime(10992): 
D/AndroidRuntime(10992): >>>>>> AndroidRuntime START com.android.internal.os.RuntimeInit <<<<<<
D/AndroidRuntime(10992): CheckJNI is OFF
D/dalvikvm(10992): Trying to load lib libjavacore.so 0x0
D/dalvikvm(10992): Added shared lib libjavacore.so 0x0
D/dalvikvm(10992): Trying to load lib libnativehelper.so 0x0
D/dalvikvm(10992): Added shared lib libnativehelper.so 0x0
D/AndroidRuntime(10992): Calling main entry com.android.commands.pm.Pm
W/ActivityManager(  358): No content provider found for permission revoke: file:///data/local/tmp/SDLApp-debug.apk
W/ActivityManager(  358): No content provider found for permission revoke: file:///data/local/tmp/SDLApp-debug.apk
I/PackageManager(  358): Removing non-system package:org.libsdl.app
I/ActivityManager(  358): Force stopping package org.libsdl.app uid=10104
D/dalvikvm(  358): GC_CONCURRENT freed 1727K, 41% free 16973K/28423K, paused 3ms+6ms, total 71ms
D/dalvikvm(  358): WAIT_FOR_CONCURRENT_GC blocked 57ms
I/PackageManager(  358): Running dexopt on: org.libsdl.app
I/PackageManager(  358): Package org.libsdl.app codePath changed from /data/app/org.libsdl.app-2.apk to /data/app/org.libsdl.app-1.apk; Retaining data and using new
D/dalvikvm(11008): DexOpt: load 7ms, verify+opt 5ms, 235540 bytes
W/PackageManager(  358): Code path for pkg : org.libsdl.app changing from /data/app/org.libsdl.app-2.apk to /data/app/org.libsdl.app-1.apk
I/ActivityManager(  358): Force stopping package org.libsdl.app uid=10104
W/PackageManager(  358): Resource path for pkg : org.libsdl.app changing from /data/app/org.libsdl.app-2.apk to /data/app/org.libsdl.app-1.apk
D/PackageManager(  358): New package installed in /data/app/org.libsdl.app-1.apk
I/ActivityManager(  358): Force stopping package org.libsdl.app uid=10104
D/dalvikvm(16485): WAIT_FOR_CONCURRENT_GC blocked 0ms
D/dalvikvm(17900): WAIT_FOR_CONCURRENT_GC blocked 0ms
D/dalvikvm(  358): WAIT_FOR_CONCURRENT_GC blocked 0ms
D/dalvikvm(17900): GC_EXPLICIT freed 258K, 12% free 7613K/8647K, paused 3ms+2ms, total 44ms
D/dalvikvm(16485): GC_EXPLICIT freed 1228K, 57% free 12587K/28807K, paused 4ms+3ms, total 55ms
I/InputReader(  358): Reconfiguring input devices.  changes=0x00000010
I/RegisteredComponentCache( 1806): ComponentInfo: ResolveInfo{4234ac10 com.android.apps.tag.TagViewer p=0 o=0 m=0x108000}, techs: android.nfc.tech.Ndef, 
I/InputReader(  358): Reconfiguring input devices.  changes=0x00000010
I/Launcher(16485): setLoadOnResume
I/RegisteredComponentCache( 1806): ComponentInfo: ResolveInfo{42380cc8 com.android.apps.tag.TagViewer p=0 o=0 m=0x108000}, techs: android.nfc.tech.Ndef, 
D/dalvikvm( 1806): GC_CONCURRENT freed 668K, 13% free 7535K/8647K, paused 2ms+2ms, total 31ms
D/dalvikvm(  358): GC_EXPLICIT freed 831K, 41% free 16834K/28423K, paused 19ms+16ms, total 124ms
D/PackageManager(  358): generateServicesMap(android.accounts.AccountAuthenticator): 7 services unchanged
D/dalvikvm(  358): WAIT_FOR_CONCURRENT_GC blocked 0ms
D/PackageManager(  358): generateServicesMap(android.content.SyncAdapter): 23 services unchanged
D/PackageManager(  358): generateServicesMap(android.accounts.AccountAuthenticator): 7 services unchanged
D/PackageManager(  358): generateServicesMap(android.content.SyncAdapter): 23 services unchanged
D/BackupManagerService(  358): Received broadcast Intent { act=android.intent.action.PACKAGE_REMOVED dat=package:org.libsdl.app flg=0x8000010 (has extras) }
D/BackupManagerService(  358): Received broadcast Intent { act=android.intent.action.PACKAGE_ADDED dat=package:org.libsdl.app flg=0x8000010 (has extras) }
V/BackupManagerService(  358): removePackageParticipantsLocked: uid=10104 #1
V/BackupManagerService(  358): addPackageParticipantsLocked: #1
I/ActivityManager(  358): Start proc com.android.keychain for broadcast com.android.keychain/.KeyChainBroadcastReceiver: pid=11010 uid=1000 gids={1015, 3002, 3001, 3003, 1028, 3007}
I/ActivityManager(  358): Start proc jp.co.omronsoft.iwnnime.ml for broadcast jp.co.omronsoft.iwnnime.ml/.UninstallReceiver: pid=11024 uid=10058 gids={1028}
D/PicasaSyncManager( 7579): reject PrefetchAlbumCover (********************) because auto sync is off
D/PicasaSyncManager( 7579): reject PrefetchAlbumCover (******************) because auto sync is off
D/dalvikvm(11024): GC_CONCURRENT freed 168K, 8% free 7598K/8199K, paused 2ms+3ms, total 24ms
D/dalvikvm(11024): WAIT_FOR_CONCURRENT_GC blocked 16ms
D/PicasaSyncManager( 7579): reject PrefetchScreenNail (********************) because auto sync is off
D/PicasaSyncManager( 7579): reject PrefetchScreenNail (******************) because auto sync is off
D/dalvikvm(  358): GC_EXPLICIT freed 541K, 41% free 16897K/28423K, paused 13ms+35ms, total 221ms
D/AndroidRuntime(10992): Shutting down VM
I/AndroidRuntime(10992): NOTE: attach of thread 'Binder_3' failed
D/dalvikvm(10992): GC_CONCURRENT freed 97K, 89% free 453K/4096K, paused 0ms+1ms, total 3ms
I/ActivityManager(  358): No longer want com.google.android.partnersetup (pid 10303): hidden #16
D/SyncManager(  358): setIsSyncable: Account {name=panreyes@panreyes.com, type=com.google}, provider com.google.android.apps.plus.content.EsGooglePhotoProvider, user 0 -> 0
D/SyncManager(  358): setIsSyncable: already set to 0, doing nothing
D/SyncManager(  358): setIsSyncable: Account {name=nibbler337@gmail.com, type=com.google}, provider com.google.android.apps.plus.content.EsGooglePhotoProvider, user 0 -> 0
D/SyncManager(  358): setIsSyncable: already set to 0, doing nothing
D/SyncManager(  358): setIsSyncable: Account {name=panreyes@gmail.com, type=com.google}, provider com.google.android.apps.plus.content.EsGooglePhotoProvider, user 0 -> 0
D/SyncManager(  358): setIsSyncable: already set to 0, doing nothing
I/ActivityManager(  358): Start proc com.google.android.partnersetup for broadcast com.google.android.partnersetup/.RlzPingBroadcastReceiver: pid=11040 uid=10023 gids={3003, 1028}
I/ActivityThread(11040): Pub com.google.android.partnersetup.rlzprovider: com.google.android.partnersetup.RlzProvider
I/ActivityThread(11040): Pub com.google.android.partnersetup.rlzappprovider: com.google.android.partnersetup.RlzAppProvider
D/PicasaSyncManager( 7579): reject PrefetchAlbumCover (********************) because auto sync is off
D/PicasaSyncManager( 7579): reject PrefetchAlbumCover (******************) because auto sync is off
D/PicasaSyncManager( 7579): reject PrefetchScreenNail (********************) because auto sync is off
D/PicasaSyncManager( 7579): reject PrefetchScreenNail (******************) because auto sync is off
I/ActivityManager(  358): No longer want com.google.android.apps.maps:FriendService (pid 10325): hidden #16
D/SyncManager(  358): setIsSyncable: Account {name=panreyes@panreyes.com, type=com.google}, provider com.google.android.apps.plus.content.EsGooglePhotoProvider, user 0 -> 0
D/SyncManager(  358): setIsSyncable: already set to 0, doing nothing
D/SyncManager(  358): setIsSyncable: Account {name=nibbler337@gmail.com, type=com.google}, provider com.google.android.apps.plus.content.EsGooglePhotoProvider, user 0 -> 0
D/SyncManager(  358): setIsSyncable: already set to 0, doing nothing
D/SyncManager(  358): setIsSyncable: Account {name=panreyes@gmail.com, type=com.google}, provider com.google.android.apps.plus.content.EsGooglePhotoProvider, user 0 -> 0
D/SyncManager(  358): setIsSyncable: already set to 0, doing nothing
I/ActivityManager(  358): Start proc com.google.android.apps.maps:FriendService for broadcast com.google.android.apps.maps/com.google.googlenav.friend.android.ServiceReceiver: pid=11058 uid=10034 gids={3003, 1015, 1028}
D/dalvikvm(11058): GC_CONCURRENT freed 173K, 8% free 7594K/8199K, paused 2ms+1ms, total 16ms
